<!doctype html public "-//w3c//dtd html 4.0 transitional//en">
<html><head>
<title>Static Call Graph - [.\Objects\Neom.axf]</title></head>
<body><HR>
<H1>Static Call Graph for image .\Objects\Neom.axf</H1><HR>
<BR><P>#&#060CALLGRAPH&#062# ARM Linker, 5060183: Last Updated: Fri Jul 01 14:20:31 2016
<BR><P>
<H3>Maximum Stack Usage =        264 bytes + Unknown(Cycles, Untraceable Function Pointers)</H3><H3>
Call chain for Maximum Stack Depth:</H3>
net_eth_iface_init &rArr; net_addr4_aton &rArr; __0sscanf &rArr; __vfscanf_char &rArr; __vfscanf &rArr; _scanf_int
<P>
<H3>
Mutually Recursive functions
</H3> <LI><a href="#[127]">os_error</a>&nbsp;&nbsp;&nbsp;&rArr;&nbsp;&nbsp;&nbsp;<a href="#[127]">os_error</a><BR>
 <LI><a href="#[2d]">rt_alloc_box</a>&nbsp;&nbsp;&nbsp;&rArr;&nbsp;&nbsp;&nbsp;<a href="#[2d]">rt_alloc_box</a><BR>
 <LI><a href="#[1]">NMI_Handler</a>&nbsp;&nbsp;&nbsp;&rArr;&nbsp;&nbsp;&nbsp;<a href="#[1]">NMI_Handler</a><BR>
 <LI><a href="#[2]">HardFault_Handler</a>&nbsp;&nbsp;&nbsp;&rArr;&nbsp;&nbsp;&nbsp;<a href="#[2]">HardFault_Handler</a><BR>
 <LI><a href="#[3]">MemManage_Handler</a>&nbsp;&nbsp;&nbsp;&rArr;&nbsp;&nbsp;&nbsp;<a href="#[3]">MemManage_Handler</a><BR>
 <LI><a href="#[4]">BusFault_Handler</a>&nbsp;&nbsp;&nbsp;&rArr;&nbsp;&nbsp;&nbsp;<a href="#[4]">BusFault_Handler</a><BR>
 <LI><a href="#[5]">UsageFault_Handler</a>&nbsp;&nbsp;&nbsp;&rArr;&nbsp;&nbsp;&nbsp;<a href="#[5]">UsageFault_Handler</a><BR>
 <LI><a href="#[7]">DebugMon_Handler</a>&nbsp;&nbsp;&nbsp;&rArr;&nbsp;&nbsp;&nbsp;<a href="#[7]">DebugMon_Handler</a><BR>
 <LI><a href="#[20]">ADC_IRQHandler</a>&nbsp;&nbsp;&nbsp;&rArr;&nbsp;&nbsp;&nbsp;<a href="#[20]">ADC_IRQHandler</a><BR>
 <LI><a href="#[e8]">net_sys_error</a>&nbsp;&nbsp;&nbsp;&rArr;&nbsp;&nbsp;&nbsp;<a href="#[e8]">net_sys_error</a><BR>
 <LI><a href="#[4e]">os_idle_demon</a>&nbsp;&nbsp;&nbsp;&rArr;&nbsp;&nbsp;&nbsp;<a href="#[4e]">os_idle_demon</a><BR>
 <LI><a href="#[d6]">net_strtoupper</a>&nbsp;&nbsp;&nbsp;&rArr;&nbsp;&nbsp;&nbsp;<a href="#[d6]">net_strtoupper</a><BR>
</UL>
<P>
<H3>
Function Pointers
</H3><UL>
 <LI><a href="#[20]">ADC_IRQHandler</a> from startup_lpc17xx.o(.text) referenced from startup_lpc17xx.o(RESET)
 <LI><a href="#[21]">BOD_IRQHandler</a> from startup_lpc17xx.o(.text) referenced from startup_lpc17xx.o(RESET)
 <LI><a href="#[4]">BusFault_Handler</a> from startup_lpc17xx.o(.text) referenced from startup_lpc17xx.o(RESET)
 <LI><a href="#[2c]">CANActivity_IRQHandler</a> from startup_lpc17xx.o(.text) referenced from startup_lpc17xx.o(RESET)
 <LI><a href="#[23]">CAN_IRQHandler</a> from startup_lpc17xx.o(.text) referenced from startup_lpc17xx.o(RESET)
 <LI><a href="#[61]">Control</a> from emac_lpc17xx.o(i.Control) referenced from emac_lpc17xx.o(.constdata)
 <LI><a href="#[60]">ControlTimer</a> from emac_lpc17xx.o(i.ControlTimer) referenced from emac_lpc17xx.o(.constdata)
 <LI><a href="#[24]">DMA_IRQHandler</a> from gpdma_lpc17xx.o(i.DMA_IRQHandler) referenced from startup_lpc17xx.o(RESET)
 <LI><a href="#[7]">DebugMon_Handler</a> from startup_lpc17xx.o(.text) referenced from startup_lpc17xx.o(RESET)
 <LI><a href="#[1c]">EINT0_IRQHandler</a> from startup_lpc17xx.o(.text) referenced from startup_lpc17xx.o(RESET)
 <LI><a href="#[1d]">EINT1_IRQHandler</a> from startup_lpc17xx.o(.text) referenced from startup_lpc17xx.o(RESET)
 <LI><a href="#[1e]">EINT2_IRQHandler</a> from startup_lpc17xx.o(.text) referenced from startup_lpc17xx.o(RESET)
 <LI><a href="#[1f]">EINT3_IRQHandler</a> from startup_lpc17xx.o(.text) referenced from startup_lpc17xx.o(RESET)
 <LI><a href="#[26]">ENET_IRQHandler</a> from emac_lpc17xx.o(i.ENET_IRQHandler) referenced from startup_lpc17xx.o(RESET)
 <LI><a href="#[54]">GetCapabilities</a> from emac_lpc17xx.o(i.GetCapabilities) referenced from emac_lpc17xx.o(.constdata)
 <LI><a href="#[6f]">GetLinkInfo</a> from phy_lan8720.o(i.GetLinkInfo) referenced from phy_lan8720.o(.constdata)
 <LI><a href="#[6e]">GetLinkState</a> from phy_lan8720.o(i.GetLinkState) referenced from phy_lan8720.o(.constdata)
 <LI><a href="#[58]">GetMacAddress</a> from emac_lpc17xx.o(i.GetMacAddress) referenced from emac_lpc17xx.o(.constdata)
 <LI><a href="#[5d]">GetRxFrameSize</a> from emac_lpc17xx.o(i.GetRxFrameSize) referenced from emac_lpc17xx.o(.constdata)
 <LI><a href="#[5e]">GetRxFrameTime</a> from emac_lpc17xx.o(i.GetRxFrameTime) referenced from emac_lpc17xx.o(.constdata)
 <LI><a href="#[5f]">GetTxFrameTime</a> from emac_lpc17xx.o(i.GetTxFrameTime) referenced from emac_lpc17xx.o(.constdata)
 <LI><a href="#[53]">GetVersion</a> from emac_lpc17xx.o(i.GetVersion) referenced 2 times from emac_lpc17xx.o(.constdata)
 <LI><a href="#[2]">HardFault_Handler</a> from startup_lpc17xx.o(.text) referenced from startup_lpc17xx.o(RESET)
 <LI><a href="#[14]">I2C0_IRQHandler</a> from startup_lpc17xx.o(.text) referenced from startup_lpc17xx.o(RESET)
 <LI><a href="#[15]">I2C1_IRQHandler</a> from startup_lpc17xx.o(.text) referenced from startup_lpc17xx.o(RESET)
 <LI><a href="#[16]">I2C2_IRQHandler</a> from startup_lpc17xx.o(.text) referenced from startup_lpc17xx.o(RESET)
 <LI><a href="#[25]">I2S_IRQHandler</a> from startup_lpc17xx.o(.text) referenced from startup_lpc17xx.o(RESET)
 <LI><a href="#[55]">Initialize</a> from emac_lpc17xx.o(i.Initialize) referenced 2 times from emac_lpc17xx.o(.constdata)
 <LI><a href="#[28]">MCPWM_IRQHandler</a> from startup_lpc17xx.o(.text) referenced from startup_lpc17xx.o(RESET)
 <LI><a href="#[3]">MemManage_Handler</a> from startup_lpc17xx.o(.text) referenced from startup_lpc17xx.o(RESET)
 <LI><a href="#[1]">NMI_Handler</a> from startup_lpc17xx.o(.text) referenced from startup_lpc17xx.o(RESET)
 <LI><a href="#[62]">PHY_Read</a> from emac_lpc17xx.o(i.PHY_Read) referenced from emac_lpc17xx.o(.constdata)
 <LI><a href="#[63]">PHY_Write</a> from emac_lpc17xx.o(i.PHY_Write) referenced from emac_lpc17xx.o(.constdata)
 <LI><a href="#[1a]">PLL0_IRQHandler</a> from startup_lpc17xx.o(.text) referenced from startup_lpc17xx.o(RESET)
 <LI><a href="#[2a]">PLL1_IRQHandler</a> from startup_lpc17xx.o(.text) referenced from startup_lpc17xx.o(RESET)
 <LI><a href="#[13]">PWM1_IRQHandler</a> from startup_lpc17xx.o(.text) referenced from startup_lpc17xx.o(RESET)
 <LI><a href="#[8]">PendSV_Handler</a> from hal_cm3.o(.emb_text) referenced from startup_lpc17xx.o(RESET)
 <LI><a href="#[57]">PowerControl</a> from emac_lpc17xx.o(i.PowerControl) referenced 2 times from emac_lpc17xx.o(.constdata)
 <LI><a href="#[29]">QEI_IRQHandler</a> from startup_lpc17xx.o(.text) referenced from startup_lpc17xx.o(RESET)
 <LI><a href="#[27]">RIT_IRQHandler</a> from startup_lpc17xx.o(.text) referenced from startup_lpc17xx.o(RESET)
 <LI><a href="#[1b]">RTC_IRQHandler</a> from startup_lpc17xx.o(.text) referenced from startup_lpc17xx.o(RESET)
 <LI><a href="#[5c]">ReadFrame</a> from emac_lpc17xx.o(i.ReadFrame) referenced from emac_lpc17xx.o(.constdata)
 <LI><a href="#[0]">Reset_Handler</a> from startup_lpc17xx.o(.text) referenced from startup_lpc17xx.o(RESET)
 <LI><a href="#[17]">SPI_IRQHandler</a> from startup_lpc17xx.o(.text) referenced from startup_lpc17xx.o(RESET)
 <LI><a href="#[18]">SSP0_IRQHandler</a> from startup_lpc17xx.o(.text) referenced from startup_lpc17xx.o(RESET)
 <LI><a href="#[19]">SSP1_IRQHandler</a> from startup_lpc17xx.o(.text) referenced from startup_lpc17xx.o(RESET)
 <LI><a href="#[6]">SVC_Handler</a> from hal_cm3.o(.emb_text) referenced from startup_lpc17xx.o(RESET)
 <LI><a href="#[5b]">SendFrame</a> from emac_lpc17xx.o(i.SendFrame) referenced from emac_lpc17xx.o(.constdata)
 <LI><a href="#[5a]">SetAddressFilter</a> from emac_lpc17xx.o(i.SetAddressFilter) referenced from emac_lpc17xx.o(.constdata)
 <LI><a href="#[6c]">SetInterface</a> from phy_lan8720.o(i.SetInterface) referenced from phy_lan8720.o(.constdata)
 <LI><a href="#[59]">SetMacAddress</a> from emac_lpc17xx.o(i.SetMacAddress) referenced from emac_lpc17xx.o(.constdata)
 <LI><a href="#[6d]">SetMode</a> from phy_lan8720.o(i.SetMode) referenced from phy_lan8720.o(.constdata)
 <LI><a href="#[9]">SysTick_Handler</a> from hal_cm3.o(.emb_text) referenced from startup_lpc17xx.o(RESET)
 <LI><a href="#[2f]">SystemInit</a> from system_lpc17xx.o(i.SystemInit) referenced from startup_lpc17xx.o(.text)
 <LI><a href="#[b]">TIMER0_IRQHandler</a> from startup_lpc17xx.o(.text) referenced from startup_lpc17xx.o(RESET)
 <LI><a href="#[c]">TIMER1_IRQHandler</a> from startup_lpc17xx.o(.text) referenced from startup_lpc17xx.o(RESET)
 <LI><a href="#[d]">TIMER2_IRQHandler</a> from startup_lpc17xx.o(.text) referenced from startup_lpc17xx.o(RESET)
 <LI><a href="#[e]">TIMER3_IRQHandler</a> from startup_lpc17xx.o(.text) referenced from startup_lpc17xx.o(RESET)
 <LI><a href="#[f]">UART0_IRQHandler</a> from uart_lpc17xx.o(i.UART0_IRQHandler) referenced from startup_lpc17xx.o(RESET)
 <LI><a href="#[10]">UART1_IRQHandler</a> from uart_lpc17xx.o(i.UART1_IRQHandler) referenced from startup_lpc17xx.o(RESET)
 <LI><a href="#[11]">UART2_IRQHandler</a> from startup_lpc17xx.o(.text) referenced from startup_lpc17xx.o(RESET)
 <LI><a href="#[12]">UART3_IRQHandler</a> from startup_lpc17xx.o(.text) referenced from startup_lpc17xx.o(RESET)
 <LI><a href="#[65]">USART0_GPDMA_Rx_Event</a> from uart_lpc17xx.o(i.USART0_GPDMA_Rx_Event) referenced from uart_lpc17xx.o(.constdata)
 <LI><a href="#[64]">USART0_GPDMA_Tx_Event</a> from uart_lpc17xx.o(i.USART0_GPDMA_Tx_Event) referenced from uart_lpc17xx.o(.constdata)
 <LI><a href="#[67]">USART1_GPDMA_Rx_Event</a> from uart_lpc17xx.o(i.USART1_GPDMA_Rx_Event) referenced from uart_lpc17xx.o(.constdata)
 <LI><a href="#[66]">USART1_GPDMA_Tx_Event</a> from uart_lpc17xx.o(i.USART1_GPDMA_Tx_Event) referenced from uart_lpc17xx.o(.constdata)
 <LI><a href="#[2b]">USBActivity_IRQHandler</a> from startup_lpc17xx.o(.text) referenced from startup_lpc17xx.o(RESET)
 <LI><a href="#[22]">USB_IRQHandler</a> from startup_lpc17xx.o(.text) referenced from startup_lpc17xx.o(RESET)
 <LI><a href="#[56]">Uninitialize</a> from emac_lpc17xx.o(i.Uninitialize) referenced 2 times from emac_lpc17xx.o(.constdata)
 <LI><a href="#[5]">UsageFault_Handler</a> from startup_lpc17xx.o(.text) referenced from startup_lpc17xx.o(RESET)
 <LI><a href="#[a]">WDT_IRQHandler</a> from startup_lpc17xx.o(.text) referenced from startup_lpc17xx.o(RESET)
 <LI><a href="#[35]">tcp_cb_func(int, netTCP_Event, const net_addr*, const unsigned char*, unsigned)</a> from main.o(i._Z11tcp_cb_funci12netTCP_EventPK8net_addrPKhj) referenced from main.o(i._Z12socketListenv)
 <LI><a href="#[36]">ethernetEvent(unsigned)</a> from main.o(i._Z13ethernetEventj) referenced from main.o(i._Z18ethernetInitializev)
 <LI><a href="#[50]">heartBeatThread(const void*)</a> from main.o(i._Z15heartBeatThreadPKv) referenced from main.o(.constdata)
 <LI><a href="#[30]">__main</a> from entry.o(.ARM.Collect$$$$00000000) referenced from startup_lpc17xx.o(.text)
 <LI><a href="#[32]">_sbackspace</a> from _sgetc.o(.text) referenced from __0sscanf.o(.text)
 <LI><a href="#[33]">_scanf_char_input</a> from scanf_char.o(.text) referenced from scanf_char.o(.text)
 <LI><a href="#[31]">_sgetc</a> from _sgetc.o(.text) referenced from __0sscanf.o(.text)
 <LI><a href="#[37]">eth_notify</a> from net_eth.o(i.eth_notify) referenced from net_eth.o(i.net_eth_iface_init)
 <LI><a href="#[34]">isspace</a> from isspace_c.o(.text) referenced from scanf_char.o(.text)
 <LI><a href="#[51]">main</a> from main.o(i.main) referenced from rtx_conf_cm.o(.constdata)
 <LI><a href="#[38]">nbns_listener</a> from net_nbns_client.o(i.nbns_listener) referenced from net_nbns_client.o(i.net_nbns_client_init)
 <LI><a href="#[70]">netCore_Thread</a> from net_sys.o(i.netCore_Thread) referenced from net_config.o(.constdata)
 <LI><a href="#[71]">netETH_Thread</a> from net_eth.o(i.netETH_Thread) referenced from net_config.o(.constdata)
 <LI><a href="#[7e]">net_arp_notify</a> from net_arp.o(i.net_arp_notify) referenced from net_config.o(.constdata)
 <LI><a href="#[7b]">net_bsd_socket_init</a> from net_bsd.o(i.net_bsd_socket_init) referenced from net_config.o(.constdata)
 <LI><a href="#[7c]">net_bsd_socket_run</a> from net_bsd.o(i.net_bsd_socket_run) referenced from net_config.o(.constdata)
 <LI><a href="#[72]">net_eth_iface_init</a> from net_eth.o(i.net_eth_iface_init) referenced from net_config.o(.constdata)
 <LI><a href="#[73]">net_eth_iface_run</a> from net_eth.o(i.net_eth_iface_run) referenced from net_config.o(.constdata)
 <LI><a href="#[74]">net_loop_iface_init</a> from net_loop.o(i.net_loop_iface_init) referenced from net_config.o(.constdata)
 <LI><a href="#[75]">net_loop_iface_run</a> from net_loop.o(i.net_loop_iface_run) referenced from net_config.o(.constdata)
 <LI><a href="#[7d]">net_nbns_client_init</a> from net_nbns_client.o(i.net_nbns_client_init) referenced from net_config.o(.constdata)
 <LI><a href="#[76]">net_ping_client_init</a> from net_ping.o(i.net_ping_client_init) referenced from net_config.o(.constdata)
 <LI><a href="#[77]">net_ping_client_run</a> from net_ping.o(i.net_ping_client_run) referenced from net_config.o(.constdata)
 <LI><a href="#[7f]">net_sys_tick</a> from net_sys.o(i.net_sys_tick) referenced from net_sys.o(.constdata)
 <LI><a href="#[79]">net_tcp_socket_init</a> from net_tcp.o(i.net_tcp_socket_init) referenced from net_config.o(.constdata)
 <LI><a href="#[7a]">net_tcp_socket_run</a> from net_tcp.o(i.net_tcp_socket_run) referenced from net_config.o(.constdata)
 <LI><a href="#[78]">net_udp_socket_init</a> from net_udp.o(i.net_udp_socket_init) referenced from net_config.o(.constdata)
 <LI><a href="#[4f]">osThreadExit</a> from rt_cmsis.o(i.osThreadExit) referenced from rt_cmsis.o(i.svcThreadCreate)
 <LI><a href="#[52]">osTimerThread</a> from rt_cmsis.o(i.osTimerThread) referenced from rtx_conf_cm.o(.constdata)
 <LI><a href="#[4e]">os_idle_demon</a> from rtx_conf_cm.o(i.os_idle_demon) referenced from rt_task.o(i.rt_sys_init)
 <LI><a href="#[2d]">rt_alloc_box</a> from rt_membox.o(i.rt_alloc_box) referenced from hal_cm3.o(.emb_text)
 <LI><a href="#[2e]">rt_free_box</a> from rt_membox.o(i.rt_free_box) referenced from hal_cm3.o(.emb_text)
 <LI><a href="#[39]">svcDelay</a> from rt_cmsis.o(i.svcDelay) referenced from rt_cmsis.o(i.osDelay)
 <LI><a href="#[3a]">svcKernelInitialize</a> from rt_cmsis.o(i.svcKernelInitialize) referenced from rt_cmsis.o(i.osKernelInitialize)
 <LI><a href="#[3b]">svcKernelStart</a> from rt_cmsis.o(i.svcKernelStart) referenced from rt_cmsis.o(i.osKernelStart)
 <LI><a href="#[3c]">svcKernelSysTick</a> from rt_cmsis.o(i.svcKernelSysTick) referenced from rt_cmsis.o(i.osKernelSysTick)
 <LI><a href="#[3d]">svcMessageGet</a> from rt_cmsis.o(i.svcMessageGet) referenced from rt_cmsis.o(i.osMessageGet)
 <LI><a href="#[3e]">svcMutexCreate</a> from rt_cmsis.o(i.svcMutexCreate) referenced from rt_cmsis.o(i.osMutexCreate)
 <LI><a href="#[3f]">svcMutexRelease</a> from rt_cmsis.o(i.svcMutexRelease) referenced from rt_cmsis.o(i.osMutexRelease)
 <LI><a href="#[40]">svcMutexWait</a> from rt_cmsis.o(i.svcMutexWait) referenced from rt_cmsis.o(i.osMutexWait)
 <LI><a href="#[41]">svcSemaphoreCreate</a> from rt_cmsis.o(i.svcSemaphoreCreate) referenced from rt_cmsis.o(i.osSemaphoreCreate)
 <LI><a href="#[42]">svcSemaphoreRelease</a> from rt_cmsis.o(i.svcSemaphoreRelease) referenced from rt_cmsis.o(i.osSemaphoreRelease)
 <LI><a href="#[43]">svcSemaphoreWait</a> from rt_cmsis.o(i.svcSemaphoreWait) referenced from rt_cmsis.o(i.osSemaphoreWait)
 <LI><a href="#[44]">svcSignalClear</a> from rt_cmsis.o(i.svcSignalClear) referenced from rt_cmsis.o(i.osSignalClear)
 <LI><a href="#[45]">svcSignalSet</a> from rt_cmsis.o(i.svcSignalSet) referenced from rt_cmsis.o(i.osSignalSet)
 <LI><a href="#[46]">svcSignalWait</a> from rt_cmsis.o(i.svcSignalWait) referenced from rt_cmsis.o(i.osSignalWait)
 <LI><a href="#[47]">svcThreadCreate</a> from rt_cmsis.o(i.svcThreadCreate) referenced from rt_cmsis.o(i.osThreadCreate)
 <LI><a href="#[48]">svcThreadGetId</a> from rt_cmsis.o(i.svcThreadGetId) referenced from rt_cmsis.o(i.osThreadExit)
 <LI><a href="#[49]">svcThreadTerminate</a> from rt_cmsis.o(i.svcThreadTerminate) referenced from rt_cmsis.o(i.osThreadExit)
 <LI><a href="#[4a]">svcThreadYield</a> from rt_cmsis.o(i.svcThreadYield) referenced from rt_cmsis.o(i.osThreadYield)
 <LI><a href="#[4b]">svcTimerCall</a> from rt_cmsis.o(i.svcTimerCall) referenced from rt_cmsis.o(i.osTimerCall)
 <LI><a href="#[4c]">svcTimerCreate</a> from rt_cmsis.o(i.svcTimerCreate) referenced from rt_cmsis.o(i.osTimerCreate)
 <LI><a href="#[4d]">svcTimerStart</a> from rt_cmsis.o(i.svcTimerStart) referenced from rt_cmsis.o(i.osTimerStart)
</UL>
<P>
<H3>
Global Symbols
</H3>
<P><STRONG><a name="[30]"></a>__main</STRONG> (Thumb, 0 bytes, Stack size unknown bytes, entry.o(.ARM.Collect$$$$00000000))
<BR>[Address Reference Count : 1]<UL><LI> startup_lpc17xx.o(.text)
</UL>
<P><STRONG><a name="[162]"></a>_main_stk</STRONG> (Thumb, 0 bytes, Stack size unknown bytes, entry2.o(.ARM.Collect$$$$00000001))

<P><STRONG><a name="[80]"></a>_main_scatterload</STRONG> (Thumb, 0 bytes, Stack size unknown bytes, entry5.o(.ARM.Collect$$$$00000004))
<BR><BR>[Calls]<UL><LI><a href="#[81]">&gt;&gt;</a>&nbsp;&nbsp;&nbsp;__scatterload
</UL>

<P><STRONG><a name="[97]"></a>__main_after_scatterload</STRONG> (Thumb, 0 bytes, Stack size 0 bytes, entry5.o(.ARM.Collect$$$$00000004))
<BR><BR>[Called By]<UL><LI><a href="#[81]">&gt;&gt;</a>&nbsp;&nbsp;&nbsp;__scatterload
</UL>

<P><STRONG><a name="[163]"></a>__rt_final_cpp</STRONG> (Thumb, 0 bytes, Stack size 0 bytes, entry10a.o(.ARM.Collect$$$$0000000D))

<P><STRONG><a name="[164]"></a>__rt_final_exit</STRONG> (Thumb, 0 bytes, Stack size 0 bytes, entry11a.o(.ARM.Collect$$$$0000000F))

<P><STRONG><a name="[165]"></a>_main_clock</STRONG> (Thumb, 0 bytes, Stack size 0 bytes, entry7b.o(.ARM.Collect$$$$00000008))

<P><STRONG><a name="[166]"></a>_main_cpp_init</STRONG> (Thumb, 0 bytes, Stack size 0 bytes, entry8b.o(.ARM.Collect$$$$0000000A))

<P><STRONG><a name="[82]"></a>_main_init</STRONG> (Thumb, 18 bytes, Stack size 0 bytes, rtx_conf_cm.o(.ARM.Collect$$$$000000FF))
<BR><BR>[Stack]<UL><LI>Max Depth = 80<LI>Call Chain = _main_init &rArr; osKernelInitialize &rArr; svcKernelInitialize &rArr; svcThreadCreate &rArr; rt_tsk_create &rArr; rt_init_context &rArr; rt_init_stack
</UL>
<BR>[Calls]<UL><LI><a href="#[84]">&gt;&gt;</a>&nbsp;&nbsp;&nbsp;osThreadCreate
<LI><a href="#[85]">&gt;&gt;</a>&nbsp;&nbsp;&nbsp;osKernelStart
<LI><a href="#[83]">&gt;&gt;</a>&nbsp;&nbsp;&nbsp;osKernelInitialize
</UL>

<P><STRONG><a name="[167]"></a>rt_set_PSP</STRONG> (Thumb, 6 bytes, Stack size 0 bytes, hal_cm3.o(.emb_text), UNUSED)

<P><STRONG><a name="[14e]"></a>rt_get_PSP</STRONG> (Thumb, 6 bytes, Stack size 0 bytes, hal_cm3.o(.emb_text))
<BR><BR>[Called By]<UL><LI><a href="#[14d]">&gt;&gt;</a>&nbsp;&nbsp;&nbsp;rt_tsk_delete
</UL>

<P><STRONG><a name="[168]"></a>os_set_env</STRONG> (Thumb, 24 bytes, Stack size 0 bytes, hal_cm3.o(.emb_text), UNUSED)

<P><STRONG><a name="[169]"></a>_alloc_box</STRONG> (Thumb, 28 bytes, Stack size 0 bytes, hal_cm3.o(.emb_text), UNUSED)

<P><STRONG><a name="[16a]"></a>_free_box</STRONG> (Thumb, 28 bytes, Stack size 0 bytes, hal_cm3.o(.emb_text), UNUSED)

<P><STRONG><a name="[6]"></a>SVC_Handler</STRONG> (Thumb, 108 bytes, Stack size 0 bytes, hal_cm3.o(.emb_text))
<BR><BR>[Calls]<UL><LI><a href="#[86]">&gt;&gt;</a>&nbsp;&nbsp;&nbsp;rt_stk_check
</UL>
<BR>[Address Reference Count : 1]<UL><LI> startup_lpc17xx.o(RESET)
</UL>
<P><STRONG><a name="[8]"></a>PendSV_Handler</STRONG> (Thumb, 56 bytes, Stack size 0 bytes, hal_cm3.o(.emb_text))
<BR><BR>[Stack]<UL><LI>Max Depth = 52<LI>Call Chain = PendSV_Handler &rArr; rt_pop_req &rArr; rt_mbx_psh &rArr; rt_put_prio
</UL>
<BR>[Calls]<UL><LI><a href="#[87]">&gt;&gt;</a>&nbsp;&nbsp;&nbsp;rt_pop_req
<LI><a href="#[86]">&gt;&gt;</a>&nbsp;&nbsp;&nbsp;rt_stk_check
</UL>
<BR>[Address Reference Count : 1]<UL><LI> startup_lpc17xx.o(RESET)
</UL>
<P><STRONG><a name="[9]"></a>SysTick_Handler</STRONG> (Thumb, 8 bytes, Stack size 0 bytes, hal_cm3.o(.emb_text))
<BR><BR>[Stack]<UL><LI>Max Depth = 72<LI>Call Chain = SysTick_Handler &rArr; rt_systick &rArr; sysTimerTick &rArr; isrMessagePut &rArr; isr_mbx_send &rArr; rt_psq_enq
</UL>
<BR>[Calls]<UL><LI><a href="#[88]">&gt;&gt;</a>&nbsp;&nbsp;&nbsp;rt_systick
</UL>
<BR>[Address Reference Count : 1]<UL><LI> startup_lpc17xx.o(RESET)
</UL>
<P><STRONG><a name="[89]"></a>OS_Tick_Handler</STRONG> (Thumb, 12 bytes, Stack size 0 bytes, hal_cm3.o(.emb_text), UNUSED)
<BR><BR>[Calls]<UL><LI><a href="#[8a]">&gt;&gt;</a>&nbsp;&nbsp;&nbsp;os_tick_irqack
<LI><a href="#[88]">&gt;&gt;</a>&nbsp;&nbsp;&nbsp;rt_systick
</UL>

<P><STRONG><a name="[0]"></a>Reset_Handler</STRONG> (Thumb, 8 bytes, Stack size 0 bytes, startup_lpc17xx.o(.text))
<BR>[Address Reference Count : 1]<UL><LI> startup_lpc17xx.o(RESET)
</UL>
<P><STRONG><a name="[1]"></a>NMI_Handler</STRONG> (Thumb, 2 bytes, Stack size 0 bytes, startup_lpc17xx.o(.text))
<BR><BR>[Calls]<UL><LI><a href="#[1]">&gt;&gt;</a>&nbsp;&nbsp;&nbsp;NMI_Handler
</UL>
<BR>[Called By]<UL><LI><a href="#[1]">&gt;&gt;</a>&nbsp;&nbsp;&nbsp;NMI_Handler
</UL>
<BR>[Address Reference Count : 1]<UL><LI> startup_lpc17xx.o(RESET)
</UL>
<P><STRONG><a name="[2]"></a>HardFault_Handler</STRONG> (Thumb, 2 bytes, Stack size 0 bytes, startup_lpc17xx.o(.text))
<BR><BR>[Calls]<UL><LI><a href="#[2]">&gt;&gt;</a>&nbsp;&nbsp;&nbsp;HardFault_Handler
</UL>
<BR>[Called By]<UL><LI><a href="#[2]">&gt;&gt;</a>&nbsp;&nbsp;&nbsp;HardFault_Handler
</UL>
<BR>[Address Reference Count : 1]<UL><LI> startup_lpc17xx.o(RESET)
</UL>
<P><STRONG><a name="[3]"></a>MemManage_Handler</STRONG> (Thumb, 2 bytes, Stack size 0 bytes, startup_lpc17xx.o(.text))
<BR><BR>[Calls]<UL><LI><a href="#[3]">&gt;&gt;</a>&nbsp;&nbsp;&nbsp;MemManage_Handler
</UL>
<BR>[Called By]<UL><LI><a href="#[3]">&gt;&gt;</a>&nbsp;&nbsp;&nbsp;MemManage_Handler
</UL>
<BR>[Address Reference Count : 1]<UL><LI> startup_lpc17xx.o(RESET)
</UL>
<P><STRONG><a name="[4]"></a>BusFault_Handler</STRONG> (Thumb, 2 bytes, Stack size 0 bytes, startup_lpc17xx.o(.text))
<BR><BR>[Calls]<UL><LI><a href="#[4]">&gt;&gt;</a>&nbsp;&nbsp;&nbsp;BusFault_Handler
</UL>
<BR>[Called By]<UL><LI><a href="#[4]">&gt;&gt;</a>&nbsp;&nbsp;&nbsp;BusFault_Handler
</UL>
<BR>[Address Reference Count : 1]<UL><LI> startup_lpc17xx.o(RESET)
</UL>
<P><STRONG><a name="[5]"></a>UsageFault_Handler</STRONG> (Thumb, 2 bytes, Stack size 0 bytes, startup_lpc17xx.o(.text))
<BR><BR>[Calls]<UL><LI><a href="#[5]">&gt;&gt;</a>&nbsp;&nbsp;&nbsp;UsageFault_Handler
</UL>
<BR>[Called By]<UL><LI><a href="#[5]">&gt;&gt;</a>&nbsp;&nbsp;&nbsp;UsageFault_Handler
</UL>
<BR>[Address Reference Count : 1]<UL><LI> startup_lpc17xx.o(RESET)
</UL>
<P><STRONG><a name="[7]"></a>DebugMon_Handler</STRONG> (Thumb, 2 bytes, Stack size 0 bytes, startup_lpc17xx.o(.text))
<BR><BR>[Calls]<UL><LI><a href="#[7]">&gt;&gt;</a>&nbsp;&nbsp;&nbsp;DebugMon_Handler
</UL>
<BR>[Called By]<UL><LI><a href="#[7]">&gt;&gt;</a>&nbsp;&nbsp;&nbsp;DebugMon_Handler
</UL>
<BR>[Address Reference Count : 1]<UL><LI> startup_lpc17xx.o(RESET)
</UL>
<P><STRONG><a name="[20]"></a>ADC_IRQHandler</STRONG> (Thumb, 0 bytes, Stack size 0 bytes, startup_lpc17xx.o(.text))
<BR><BR>[Calls]<UL><LI><a href="#[20]">&gt;&gt;</a>&nbsp;&nbsp;&nbsp;ADC_IRQHandler
</UL>
<BR>[Called By]<UL><LI><a href="#[20]">&gt;&gt;</a>&nbsp;&nbsp;&nbsp;ADC_IRQHandler
</UL>
<BR>[Address Reference Count : 1]<UL><LI> startup_lpc17xx.o(RESET)
</UL>
<P><STRONG><a name="[21]"></a>BOD_IRQHandler</STRONG> (Thumb, 0 bytes, Stack size 0 bytes, startup_lpc17xx.o(.text))
<BR>[Address Reference Count : 1]<UL><LI> startup_lpc17xx.o(RESET)
</UL>
<P><STRONG><a name="[2c]"></a>CANActivity_IRQHandler</STRONG> (Thumb, 0 bytes, Stack size 0 bytes, startup_lpc17xx.o(.text))
<BR>[Address Reference Count : 1]<UL><LI> startup_lpc17xx.o(RESET)
</UL>
<P><STRONG><a name="[23]"></a>CAN_IRQHandler</STRONG> (Thumb, 0 bytes, Stack size 0 bytes, startup_lpc17xx.o(.text))
<BR>[Address Reference Count : 1]<UL><LI> startup_lpc17xx.o(RESET)
</UL>
<P><STRONG><a name="[1c]"></a>EINT0_IRQHandler</STRONG> (Thumb, 0 bytes, Stack size 0 bytes, startup_lpc17xx.o(.text))
<BR>[Address Reference Count : 1]<UL><LI> startup_lpc17xx.o(RESET)
</UL>
<P><STRONG><a name="[1d]"></a>EINT1_IRQHandler</STRONG> (Thumb, 0 bytes, Stack size 0 bytes, startup_lpc17xx.o(.text))
<BR>[Address Reference Count : 1]<UL><LI> startup_lpc17xx.o(RESET)
</UL>
<P><STRONG><a name="[1e]"></a>EINT2_IRQHandler</STRONG> (Thumb, 0 bytes, Stack size 0 bytes, startup_lpc17xx.o(.text))
<BR>[Address Reference Count : 1]<UL><LI> startup_lpc17xx.o(RESET)
</UL>
<P><STRONG><a name="[1f]"></a>EINT3_IRQHandler</STRONG> (Thumb, 0 bytes, Stack size 0 bytes, startup_lpc17xx.o(.text))
<BR>[Address Reference Count : 1]<UL><LI> startup_lpc17xx.o(RESET)
</UL>
<P><STRONG><a name="[14]"></a>I2C0_IRQHandler</STRONG> (Thumb, 0 bytes, Stack size 0 bytes, startup_lpc17xx.o(.text))
<BR>[Address Reference Count : 1]<UL><LI> startup_lpc17xx.o(RESET)
</UL>
<P><STRONG><a name="[15]"></a>I2C1_IRQHandler</STRONG> (Thumb, 0 bytes, Stack size 0 bytes, startup_lpc17xx.o(.text))
<BR>[Address Reference Count : 1]<UL><LI> startup_lpc17xx.o(RESET)
</UL>
<P><STRONG><a name="[16]"></a>I2C2_IRQHandler</STRONG> (Thumb, 0 bytes, Stack size 0 bytes, startup_lpc17xx.o(.text))
<BR>[Address Reference Count : 1]<UL><LI> startup_lpc17xx.o(RESET)
</UL>
<P><STRONG><a name="[25]"></a>I2S_IRQHandler</STRONG> (Thumb, 0 bytes, Stack size 0 bytes, startup_lpc17xx.o(.text))
<BR>[Address Reference Count : 1]<UL><LI> startup_lpc17xx.o(RESET)
</UL>
<P><STRONG><a name="[28]"></a>MCPWM_IRQHandler</STRONG> (Thumb, 0 bytes, Stack size 0 bytes, startup_lpc17xx.o(.text))
<BR>[Address Reference Count : 1]<UL><LI> startup_lpc17xx.o(RESET)
</UL>
<P><STRONG><a name="[1a]"></a>PLL0_IRQHandler</STRONG> (Thumb, 0 bytes, Stack size 0 bytes, startup_lpc17xx.o(.text))
<BR>[Address Reference Count : 1]<UL><LI> startup_lpc17xx.o(RESET)
</UL>
<P><STRONG><a name="[2a]"></a>PLL1_IRQHandler</STRONG> (Thumb, 0 bytes, Stack size 0 bytes, startup_lpc17xx.o(.text))
<BR>[Address Reference Count : 1]<UL><LI> startup_lpc17xx.o(RESET)
</UL>
<P><STRONG><a name="[13]"></a>PWM1_IRQHandler</STRONG> (Thumb, 0 bytes, Stack size 0 bytes, startup_lpc17xx.o(.text))
<BR>[Address Reference Count : 1]<UL><LI> startup_lpc17xx.o(RESET)
</UL>
<P><STRONG><a name="[29]"></a>QEI_IRQHandler</STRONG> (Thumb, 0 bytes, Stack size 0 bytes, startup_lpc17xx.o(.text))
<BR>[Address Reference Count : 1]<UL><LI> startup_lpc17xx.o(RESET)
</UL>
<P><STRONG><a name="[27]"></a>RIT_IRQHandler</STRONG> (Thumb, 0 bytes, Stack size 0 bytes, startup_lpc17xx.o(.text))
<BR>[Address Reference Count : 1]<UL><LI> startup_lpc17xx.o(RESET)
</UL>
<P><STRONG><a name="[1b]"></a>RTC_IRQHandler</STRONG> (Thumb, 0 bytes, Stack size 0 bytes, startup_lpc17xx.o(.text))
<BR>[Address Reference Count : 1]<UL><LI> startup_lpc17xx.o(RESET)
</UL>
<P><STRONG><a name="[17]"></a>SPI_IRQHandler</STRONG> (Thumb, 0 bytes, Stack size 0 bytes, startup_lpc17xx.o(.text))
<BR>[Address Reference Count : 1]<UL><LI> startup_lpc17xx.o(RESET)
</UL>
<P><STRONG><a name="[18]"></a>SSP0_IRQHandler</STRONG> (Thumb, 0 bytes, Stack size 0 bytes, startup_lpc17xx.o(.text))
<BR>[Address Reference Count : 1]<UL><LI> startup_lpc17xx.o(RESET)
</UL>
<P><STRONG><a name="[19]"></a>SSP1_IRQHandler</STRONG> (Thumb, 0 bytes, Stack size 0 bytes, startup_lpc17xx.o(.text))
<BR>[Address Reference Count : 1]<UL><LI> startup_lpc17xx.o(RESET)
</UL>
<P><STRONG><a name="[b]"></a>TIMER0_IRQHandler</STRONG> (Thumb, 0 bytes, Stack size 0 bytes, startup_lpc17xx.o(.text))
<BR>[Address Reference Count : 1]<UL><LI> startup_lpc17xx.o(RESET)
</UL>
<P><STRONG><a name="[c]"></a>TIMER1_IRQHandler</STRONG> (Thumb, 0 bytes, Stack size 0 bytes, startup_lpc17xx.o(.text))
<BR>[Address Reference Count : 1]<UL><LI> startup_lpc17xx.o(RESET)
</UL>
<P><STRONG><a name="[d]"></a>TIMER2_IRQHandler</STRONG> (Thumb, 0 bytes, Stack size 0 bytes, startup_lpc17xx.o(.text))
<BR>[Address Reference Count : 1]<UL><LI> startup_lpc17xx.o(RESET)
</UL>
<P><STRONG><a name="[e]"></a>TIMER3_IRQHandler</STRONG> (Thumb, 0 bytes, Stack size 0 bytes, startup_lpc17xx.o(.text))
<BR>[Address Reference Count : 1]<UL><LI> startup_lpc17xx.o(RESET)
</UL>
<P><STRONG><a name="[11]"></a>UART2_IRQHandler</STRONG> (Thumb, 0 bytes, Stack size 0 bytes, startup_lpc17xx.o(.text))
<BR>[Address Reference Count : 1]<UL><LI> startup_lpc17xx.o(RESET)
</UL>
<P><STRONG><a name="[12]"></a>UART3_IRQHandler</STRONG> (Thumb, 0 bytes, Stack size 0 bytes, startup_lpc17xx.o(.text))
<BR>[Address Reference Count : 1]<UL><LI> startup_lpc17xx.o(RESET)
</UL>
<P><STRONG><a name="[2b]"></a>USBActivity_IRQHandler</STRONG> (Thumb, 0 bytes, Stack size 0 bytes, startup_lpc17xx.o(.text))
<BR>[Address Reference Count : 1]<UL><LI> startup_lpc17xx.o(RESET)
</UL>
<P><STRONG><a name="[22]"></a>USB_IRQHandler</STRONG> (Thumb, 0 bytes, Stack size 0 bytes, startup_lpc17xx.o(.text))
<BR>[Address Reference Count : 1]<UL><LI> startup_lpc17xx.o(RESET)
</UL>
<P><STRONG><a name="[a]"></a>WDT_IRQHandler</STRONG> (Thumb, 0 bytes, Stack size 0 bytes, startup_lpc17xx.o(.text))
<BR>[Address Reference Count : 1]<UL><LI> startup_lpc17xx.o(RESET)
</UL>
<P><STRONG><a name="[8b]"></a>__aeabi_uldivmod</STRONG> (Thumb, 98 bytes, Stack size 40 bytes, uldiv.o(.text))
<BR><BR>[Stack]<UL><LI>Max Depth = 40<LI>Call Chain = __aeabi_uldivmod
</UL>
<BR>[Calls]<UL><LI><a href="#[8c]">&gt;&gt;</a>&nbsp;&nbsp;&nbsp;__aeabi_llsr
<LI><a href="#[8d]">&gt;&gt;</a>&nbsp;&nbsp;&nbsp;__aeabi_llsl
</UL>
<BR>[Called By]<UL><LI><a href="#[a2]">&gt;&gt;</a>&nbsp;&nbsp;&nbsp;SystemCoreClockUpdate
<LI><a href="#[4d]">&gt;&gt;</a>&nbsp;&nbsp;&nbsp;svcTimerStart
</UL>

<P><STRONG><a name="[d9]"></a>__aeabi_memcpy</STRONG> (Thumb, 36 bytes, Stack size 0 bytes, memcpya.o(.text))
<BR><BR>[Called By]<UL><LI><a href="#[109]">&gt;&gt;</a>&nbsp;&nbsp;&nbsp;net_icmp_send_echo
<LI><a href="#[38]">&gt;&gt;</a>&nbsp;&nbsp;&nbsp;nbns_listener
<LI><a href="#[10f]">&gt;&gt;</a>&nbsp;&nbsp;&nbsp;net_loop_send_frame
<LI><a href="#[100]">&gt;&gt;</a>&nbsp;&nbsp;&nbsp;net_icmp_process
</UL>

<P><STRONG><a name="[ac]"></a>__aeabi_memcpy4</STRONG> (Thumb, 0 bytes, Stack size 0 bytes, memcpya.o(.text))
<BR><BR>[Called By]<UL><LI><a href="#[50]">&gt;&gt;</a>&nbsp;&nbsp;&nbsp;heartBeatThread(const void*)
</UL>

<P><STRONG><a name="[16b]"></a>__aeabi_memcpy8</STRONG> (Thumb, 0 bytes, Stack size 0 bytes, memcpya.o(.text), UNUSED)

<P><STRONG><a name="[8f]"></a>__aeabi_memset</STRONG> (Thumb, 14 bytes, Stack size 0 bytes, memseta.o(.text))
<BR><BR>[Called By]<UL><LI><a href="#[90]">&gt;&gt;</a>&nbsp;&nbsp;&nbsp;_memset$wrapper
<LI><a href="#[8e]">&gt;&gt;</a>&nbsp;&nbsp;&nbsp;__aeabi_memclr
</UL>

<P><STRONG><a name="[16c]"></a>__aeabi_memset4</STRONG> (Thumb, 0 bytes, Stack size 0 bytes, memseta.o(.text), UNUSED)

<P><STRONG><a name="[16d]"></a>__aeabi_memset8</STRONG> (Thumb, 0 bytes, Stack size 0 bytes, memseta.o(.text), UNUSED)

<P><STRONG><a name="[8e]"></a>__aeabi_memclr</STRONG> (Thumb, 4 bytes, Stack size 0 bytes, memseta.o(.text))
<BR><BR>[Calls]<UL><LI><a href="#[8f]">&gt;&gt;</a>&nbsp;&nbsp;&nbsp;__aeabi_memset
</UL>
<BR>[Called By]<UL><LI><a href="#[35]">&gt;&gt;</a>&nbsp;&nbsp;&nbsp;tcp_cb_func(int, netTCP_Event, const net_addr*, const unsigned char*, unsigned)
</UL>

<P><STRONG><a name="[e6]"></a>__aeabi_memclr4</STRONG> (Thumb, 0 bytes, Stack size 0 bytes, memseta.o(.text))
<BR><BR>[Called By]<UL><LI><a href="#[cf]">&gt;&gt;</a>&nbsp;&nbsp;&nbsp;netInitialize
<LI><a href="#[78]">&gt;&gt;</a>&nbsp;&nbsp;&nbsp;net_udp_socket_init
<LI><a href="#[79]">&gt;&gt;</a>&nbsp;&nbsp;&nbsp;net_tcp_socket_init
<LI><a href="#[72]">&gt;&gt;</a>&nbsp;&nbsp;&nbsp;net_eth_iface_init
<LI><a href="#[7b]">&gt;&gt;</a>&nbsp;&nbsp;&nbsp;net_bsd_socket_init
</UL>

<P><STRONG><a name="[16e]"></a>__aeabi_memclr8</STRONG> (Thumb, 0 bytes, Stack size 0 bytes, memseta.o(.text), UNUSED)

<P><STRONG><a name="[90]"></a>_memset$wrapper</STRONG> (Thumb, 18 bytes, Stack size 8 bytes, memseta.o(.text), UNUSED)
<BR><BR>[Calls]<UL><LI><a href="#[8f]">&gt;&gt;</a>&nbsp;&nbsp;&nbsp;__aeabi_memset
</UL>

<P><STRONG><a name="[34]"></a>isspace</STRONG> (Thumb, 10 bytes, Stack size 0 bytes, isspace_c.o(.text))
<BR><BR>[Calls]<UL><LI><a href="#[91]">&gt;&gt;</a>&nbsp;&nbsp;&nbsp;__ctype_lookup
</UL>
<BR>[Address Reference Count : 1]<UL><LI> scanf_char.o(.text)
</UL>
<P><STRONG><a name="[ad]"></a>strcmp</STRONG> (Thumb, 28 bytes, Stack size 8 bytes, strcmp.o(.text))
<BR><BR>[Stack]<UL><LI>Max Depth = 8<LI>Call Chain = strcmp
</UL>
<BR>[Called By]<UL><LI><a href="#[50]">&gt;&gt;</a>&nbsp;&nbsp;&nbsp;heartBeatThread(const void*)
</UL>

<P><STRONG><a name="[d7]"></a>memcmp</STRONG> (Thumb, 26 bytes, Stack size 12 bytes, memcmp.o(.text))
<BR><BR>[Stack]<UL><LI>Max Depth = 12<LI>Call Chain = memcmp
</UL>
<BR>[Called By]<UL><LI><a href="#[38]">&gt;&gt;</a>&nbsp;&nbsp;&nbsp;nbns_listener
<LI><a href="#[100]">&gt;&gt;</a>&nbsp;&nbsp;&nbsp;net_icmp_process
</UL>

<P><STRONG><a name="[92]"></a>__0sscanf</STRONG> (Thumb, 48 bytes, Stack size 72 bytes, __0sscanf.o(.text))
<BR><BR>[Stack]<UL><LI>Max Depth = 216<LI>Call Chain = __0sscanf &rArr; __vfscanf_char &rArr; __vfscanf &rArr; _scanf_int
</UL>
<BR>[Calls]<UL><LI><a href="#[93]">&gt;&gt;</a>&nbsp;&nbsp;&nbsp;__vfscanf_char
</UL>
<BR>[Called By]<UL><LI><a href="#[eb]">&gt;&gt;</a>&nbsp;&nbsp;&nbsp;netMAC_aton
<LI><a href="#[ef]">&gt;&gt;</a>&nbsp;&nbsp;&nbsp;net_addr4_aton
</UL>

<P><STRONG><a name="[94]"></a>_scanf_int</STRONG> (Thumb, 332 bytes, Stack size 56 bytes, _scanf_int.o(.text))
<BR><BR>[Stack]<UL><LI>Max Depth = 56<LI>Call Chain = _scanf_int
</UL>
<BR>[Calls]<UL><LI><a href="#[95]">&gt;&gt;</a>&nbsp;&nbsp;&nbsp;_chval
</UL>
<BR>[Called By]<UL><LI><a href="#[96]">&gt;&gt;</a>&nbsp;&nbsp;&nbsp;__vfscanf
</UL>

<P><STRONG><a name="[8d]"></a>__aeabi_llsl</STRONG> (Thumb, 30 bytes, Stack size 0 bytes, llshl.o(.text))
<BR><BR>[Called By]<UL><LI><a href="#[8b]">&gt;&gt;</a>&nbsp;&nbsp;&nbsp;__aeabi_uldivmod
</UL>

<P><STRONG><a name="[16f]"></a>_ll_shift_l</STRONG> (Thumb, 0 bytes, Stack size 0 bytes, llshl.o(.text), UNUSED)

<P><STRONG><a name="[8c]"></a>__aeabi_llsr</STRONG> (Thumb, 32 bytes, Stack size 0 bytes, llushr.o(.text))
<BR><BR>[Called By]<UL><LI><a href="#[8b]">&gt;&gt;</a>&nbsp;&nbsp;&nbsp;__aeabi_uldivmod
</UL>

<P><STRONG><a name="[170]"></a>_ll_ushift_r</STRONG> (Thumb, 0 bytes, Stack size 0 bytes, llushr.o(.text), UNUSED)

<P><STRONG><a name="[95]"></a>_chval</STRONG> (Thumb, 28 bytes, Stack size 0 bytes, _chval.o(.text))
<BR><BR>[Called By]<UL><LI><a href="#[94]">&gt;&gt;</a>&nbsp;&nbsp;&nbsp;_scanf_int
</UL>

<P><STRONG><a name="[93]"></a>__vfscanf_char</STRONG> (Thumb, 20 bytes, Stack size 0 bytes, scanf_char.o(.text))
<BR><BR>[Stack]<UL><LI>Max Depth = 144<LI>Call Chain = __vfscanf_char &rArr; __vfscanf &rArr; _scanf_int
</UL>
<BR>[Calls]<UL><LI><a href="#[96]">&gt;&gt;</a>&nbsp;&nbsp;&nbsp;__vfscanf
</UL>
<BR>[Called By]<UL><LI><a href="#[92]">&gt;&gt;</a>&nbsp;&nbsp;&nbsp;__0sscanf
</UL>

<P><STRONG><a name="[31]"></a>_sgetc</STRONG> (Thumb, 30 bytes, Stack size 0 bytes, _sgetc.o(.text))
<BR>[Address Reference Count : 1]<UL><LI> __0sscanf.o(.text)
</UL>
<P><STRONG><a name="[32]"></a>_sbackspace</STRONG> (Thumb, 34 bytes, Stack size 0 bytes, _sgetc.o(.text))
<BR>[Address Reference Count : 1]<UL><LI> __0sscanf.o(.text)
</UL>
<P><STRONG><a name="[81]"></a>__scatterload</STRONG> (Thumb, 28 bytes, Stack size 0 bytes, init.o(.text))
<BR><BR>[Calls]<UL><LI><a href="#[97]">&gt;&gt;</a>&nbsp;&nbsp;&nbsp;__main_after_scatterload
</UL>
<BR>[Called By]<UL><LI><a href="#[80]">&gt;&gt;</a>&nbsp;&nbsp;&nbsp;_main_scatterload
</UL>

<P><STRONG><a name="[171]"></a>__scatterload_rt2</STRONG> (Thumb, 0 bytes, Stack size 0 bytes, init.o(.text), UNUSED)

<P><STRONG><a name="[96]"></a>__vfscanf</STRONG> (Thumb, 808 bytes, Stack size 88 bytes, _scanf.o(.text))
<BR><BR>[Stack]<UL><LI>Max Depth = 144<LI>Call Chain = __vfscanf &rArr; _scanf_int
</UL>
<BR>[Calls]<UL><LI><a href="#[94]">&gt;&gt;</a>&nbsp;&nbsp;&nbsp;_scanf_int
</UL>
<BR>[Called By]<UL><LI><a href="#[93]">&gt;&gt;</a>&nbsp;&nbsp;&nbsp;__vfscanf_char
</UL>

<P><STRONG><a name="[91]"></a>__ctype_lookup</STRONG> (Thumb, 34 bytes, Stack size 0 bytes, ctype_c.o(.text))
<BR><BR>[Called By]<UL><LI><a href="#[34]">&gt;&gt;</a>&nbsp;&nbsp;&nbsp;isspace
</UL>

<P><STRONG><a name="[24]"></a>DMA_IRQHandler</STRONG> (Thumb, 74 bytes, Stack size 24 bytes, gpdma_lpc17xx.o(i.DMA_IRQHandler))
<BR><BR>[Stack]<UL><LI>Max Depth = 24<LI>Call Chain = DMA_IRQHandler
</UL>
<BR>[Calls]<UL><LI><a href="#[9a]">&gt;&gt;</a>&nbsp;&nbsp;&nbsp;Clear_Channel_active_flag
</UL>
<BR>[Address Reference Count : 1]<UL><LI> startup_lpc17xx.o(RESET)
</UL>
<P><STRONG><a name="[26]"></a>ENET_IRQHandler</STRONG> (Thumb, 50 bytes, Stack size 0 bytes, emac_lpc17xx.o(i.ENET_IRQHandler))
<BR>[Address Reference Count : 1]<UL><LI> startup_lpc17xx.o(RESET)
</UL>
<P><STRONG><a name="[a0]"></a>GPIO_PinWrite</STRONG> (Thumb, 20 bytes, Stack size 0 bytes, gpio_lpc17xx.o(i.GPIO_PinWrite))
<BR><BR>[Called By]<UL><LI><a href="#[9f]">&gt;&gt;</a>&nbsp;&nbsp;&nbsp;turnaround_MDIO
<LI><a href="#[9e]">&gt;&gt;</a>&nbsp;&nbsp;&nbsp;output_MDIO
<LI><a href="#[62]">&gt;&gt;</a>&nbsp;&nbsp;&nbsp;PHY_Read
</UL>

<P><STRONG><a name="[a1]"></a>GPIO_PortRead</STRONG> (Thumb, 10 bytes, Stack size 0 bytes, gpio_lpc17xx.o(i.GPIO_PortRead))
<BR><BR>[Called By]<UL><LI><a href="#[62]">&gt;&gt;</a>&nbsp;&nbsp;&nbsp;PHY_Read
</UL>

<P><STRONG><a name="[9c]"></a>GPIO_SetDir</STRONG> (Thumb, 26 bytes, Stack size 8 bytes, gpio_lpc17xx.o(i.GPIO_SetDir))
<BR><BR>[Stack]<UL><LI>Max Depth = 8<LI>Call Chain = GPIO_SetDir
</UL>
<BR>[Called By]<UL><LI><a href="#[9f]">&gt;&gt;</a>&nbsp;&nbsp;&nbsp;turnaround_MDIO
<LI><a href="#[56]">&gt;&gt;</a>&nbsp;&nbsp;&nbsp;Uninitialize
<LI><a href="#[63]">&gt;&gt;</a>&nbsp;&nbsp;&nbsp;PHY_Write
<LI><a href="#[62]">&gt;&gt;</a>&nbsp;&nbsp;&nbsp;PHY_Read
<LI><a href="#[55]">&gt;&gt;</a>&nbsp;&nbsp;&nbsp;Initialize
</UL>

<P><STRONG><a name="[9b]"></a>PIN_Configure</STRONG> (Thumb, 100 bytes, Stack size 20 bytes, pin_lpc17xx.o(i.PIN_Configure))
<BR><BR>[Stack]<UL><LI>Max Depth = 20<LI>Call Chain = PIN_Configure
</UL>
<BR>[Called By]<UL><LI><a href="#[56]">&gt;&gt;</a>&nbsp;&nbsp;&nbsp;Uninitialize
<LI><a href="#[55]">&gt;&gt;</a>&nbsp;&nbsp;&nbsp;Initialize
</UL>

<P><STRONG><a name="[a2]"></a>SystemCoreClockUpdate</STRONG> (Thumb, 184 bytes, Stack size 16 bytes, system_lpc17xx.o(i.SystemCoreClockUpdate))
<BR><BR>[Stack]<UL><LI>Max Depth = 56<LI>Call Chain = SystemCoreClockUpdate &rArr; __aeabi_uldivmod
</UL>
<BR>[Calls]<UL><LI><a href="#[8b]">&gt;&gt;</a>&nbsp;&nbsp;&nbsp;__aeabi_uldivmod
</UL>
<BR>[Called By]<UL><LI><a href="#[51]">&gt;&gt;</a>&nbsp;&nbsp;&nbsp;main
</UL>

<P><STRONG><a name="[2f]"></a>SystemInit</STRONG> (Thumb, 196 bytes, Stack size 16 bytes, system_lpc17xx.o(i.SystemInit))
<BR><BR>[Stack]<UL><LI>Max Depth = 16<LI>Call Chain = SystemInit
</UL>
<BR>[Address Reference Count : 1]<UL><LI> startup_lpc17xx.o(.text)
</UL>
<P><STRONG><a name="[f]"></a>UART0_IRQHandler</STRONG> (Thumb, 6 bytes, Stack size 0 bytes, uart_lpc17xx.o(i.UART0_IRQHandler))
<BR><BR>[Stack]<UL><LI>Max Depth = 44<LI>Call Chain = UART0_IRQHandler &rArr; USART_IRQHandler &rArr; USART_RxLineIntHandler
</UL>
<BR>[Calls]<UL><LI><a href="#[a3]">&gt;&gt;</a>&nbsp;&nbsp;&nbsp;USART_IRQHandler
</UL>
<BR>[Address Reference Count : 1]<UL><LI> startup_lpc17xx.o(RESET)
</UL>
<P><STRONG><a name="[10]"></a>UART1_IRQHandler</STRONG> (Thumb, 6 bytes, Stack size 0 bytes, uart_lpc17xx.o(i.UART1_IRQHandler))
<BR><BR>[Stack]<UL><LI>Max Depth = 44<LI>Call Chain = UART1_IRQHandler &rArr; USART_IRQHandler &rArr; USART_RxLineIntHandler
</UL>
<BR>[Calls]<UL><LI><a href="#[a3]">&gt;&gt;</a>&nbsp;&nbsp;&nbsp;USART_IRQHandler
</UL>
<BR>[Address Reference Count : 1]<UL><LI> startup_lpc17xx.o(RESET)
</UL>
<P><STRONG><a name="[65]"></a>USART0_GPDMA_Rx_Event</STRONG> (Thumb, 6 bytes, Stack size 0 bytes, uart_lpc17xx.o(i.USART0_GPDMA_Rx_Event))
<BR><BR>[Stack]<UL><LI>Max Depth = 8<LI>Call Chain = USART0_GPDMA_Rx_Event &rArr; USART_GPDMA_Rx_Event
</UL>
<BR>[Calls]<UL><LI><a href="#[a4]">&gt;&gt;</a>&nbsp;&nbsp;&nbsp;USART_GPDMA_Rx_Event
</UL>
<BR>[Address Reference Count : 1]<UL><LI> uart_lpc17xx.o(.constdata)
</UL>
<P><STRONG><a name="[64]"></a>USART0_GPDMA_Tx_Event</STRONG> (Thumb, 6 bytes, Stack size 0 bytes, uart_lpc17xx.o(i.USART0_GPDMA_Tx_Event))
<BR><BR>[Calls]<UL><LI><a href="#[a5]">&gt;&gt;</a>&nbsp;&nbsp;&nbsp;USART_GPDMA_Tx_Event
</UL>
<BR>[Address Reference Count : 1]<UL><LI> uart_lpc17xx.o(.constdata)
</UL>
<P><STRONG><a name="[67]"></a>USART1_GPDMA_Rx_Event</STRONG> (Thumb, 6 bytes, Stack size 0 bytes, uart_lpc17xx.o(i.USART1_GPDMA_Rx_Event))
<BR><BR>[Stack]<UL><LI>Max Depth = 8<LI>Call Chain = USART1_GPDMA_Rx_Event &rArr; USART_GPDMA_Rx_Event
</UL>
<BR>[Calls]<UL><LI><a href="#[a4]">&gt;&gt;</a>&nbsp;&nbsp;&nbsp;USART_GPDMA_Rx_Event
</UL>
<BR>[Address Reference Count : 1]<UL><LI> uart_lpc17xx.o(.constdata)
</UL>
<P><STRONG><a name="[66]"></a>USART1_GPDMA_Tx_Event</STRONG> (Thumb, 6 bytes, Stack size 0 bytes, uart_lpc17xx.o(i.USART1_GPDMA_Tx_Event))
<BR><BR>[Calls]<UL><LI><a href="#[a5]">&gt;&gt;</a>&nbsp;&nbsp;&nbsp;USART_GPDMA_Tx_Event
</UL>
<BR>[Address Reference Count : 1]<UL><LI> uart_lpc17xx.o(.constdata)
</UL>
<P><STRONG><a name="[35]"></a>tcp_cb_func(int, netTCP_Event, const net_addr*, const unsigned char*, unsigned)</STRONG> (Thumb, 84 bytes, Stack size 16 bytes, main.o(i._Z11tcp_cb_funci12netTCP_EventPK8net_addrPKhj))
<BR><BR>[Stack]<UL><LI>Max Depth = 16<LI>Call Chain = tcp_cb_func(int, netTCP_Event, const net_addr*, const unsigned char*, unsigned)
</UL>
<BR>[Calls]<UL><LI><a href="#[8e]">&gt;&gt;</a>&nbsp;&nbsp;&nbsp;__aeabi_memclr
</UL>
<BR>[Address Reference Count : 1]<UL><LI> main.o(i._Z12socketListenv)
</UL>
<P><STRONG><a name="[a7]"></a>socketListen()</STRONG> (Thumb, 60 bytes, Stack size 8 bytes, main.o(i._Z12socketListenv))
<BR><BR>[Stack]<UL><LI>Max Depth = 36<LI>Call Chain = socketListen() &rArr; netTCP_SetOption &rArr; net_tcp_set_option
</UL>
<BR>[Calls]<UL><LI><a href="#[aa]">&gt;&gt;</a>&nbsp;&nbsp;&nbsp;netTCP_SetOption
<LI><a href="#[a9]">&gt;&gt;</a>&nbsp;&nbsp;&nbsp;netTCP_Listen
<LI><a href="#[a8]">&gt;&gt;</a>&nbsp;&nbsp;&nbsp;netTCP_GetSocket
</UL>
<BR>[Called By]<UL><LI><a href="#[51]">&gt;&gt;</a>&nbsp;&nbsp;&nbsp;main
</UL>

<P><STRONG><a name="[36]"></a>ethernetEvent(unsigned)</STRONG> (Thumb, 2 bytes, Stack size 0 bytes, main.o(i._Z13ethernetEventj))
<BR>[Address Reference Count : 1]<UL><LI> main.o(i._Z18ethernetInitializev)
</UL>
<P><STRONG><a name="[d1]"></a>ledInitialize()</STRONG> (Thumb, 36 bytes, Stack size 0 bytes, main.o(i._Z13ledInitializev))
<BR><BR>[Called By]<UL><LI><a href="#[51]">&gt;&gt;</a>&nbsp;&nbsp;&nbsp;main
</UL>

<P><STRONG><a name="[50]"></a>heartBeatThread(const void*)</STRONG> (Thumb, 124 bytes, Stack size 32 bytes, main.o(i._Z15heartBeatThreadPKv))
<BR><BR>[Stack]<UL><LI>Max Depth = 40<LI>Call Chain = heartBeatThread(const void*) &rArr; strcmp
</UL>
<BR>[Calls]<UL><LI><a href="#[ab]">&gt;&gt;</a>&nbsp;&nbsp;&nbsp;osDelay
<LI><a href="#[ad]">&gt;&gt;</a>&nbsp;&nbsp;&nbsp;strcmp
<LI><a href="#[ac]">&gt;&gt;</a>&nbsp;&nbsp;&nbsp;__aeabi_memcpy4
</UL>
<BR>[Address Reference Count : 1]<UL><LI> main.o(.constdata)
</UL>
<P><STRONG><a name="[d0]"></a>ethernetInitialize()</STRONG> (Thumb, 144 bytes, Stack size 8 bytes, main.o(i._Z18ethernetInitializev))
<BR><BR>[Stack]<UL><LI>Max Depth = 8<LI>Call Chain = ethernetInitialize()
</UL>
<BR>[Called By]<UL><LI><a href="#[51]">&gt;&gt;</a>&nbsp;&nbsp;&nbsp;main
</UL>

<P><STRONG><a name="[172]"></a>__scatterload_copy</STRONG> (Thumb, 14 bytes, Stack size unknown bytes, handlers.o(i.__scatterload_copy), UNUSED)

<P><STRONG><a name="[173]"></a>__scatterload_null</STRONG> (Thumb, 2 bytes, Stack size unknown bytes, handlers.o(i.__scatterload_null), UNUSED)

<P><STRONG><a name="[174]"></a>__scatterload_zeroinit</STRONG> (Thumb, 14 bytes, Stack size unknown bytes, handlers.o(i.__scatterload_zeroinit), UNUSED)

<P><STRONG><a name="[146]"></a>_init_box</STRONG> (Thumb, 70 bytes, Stack size 8 bytes, rt_membox.o(i._init_box))
<BR><BR>[Stack]<UL><LI>Max Depth = 8<LI>Call Chain = _init_box
</UL>
<BR>[Called By]<UL><LI><a href="#[144]">&gt;&gt;</a>&nbsp;&nbsp;&nbsp;rt_sys_init
</UL>

<P><STRONG><a name="[145]"></a>dbg_init</STRONG> (Thumb, 34 bytes, Stack size 0 bytes, hal_cm.o(i.dbg_init))
<BR><BR>[Called By]<UL><LI><a href="#[144]">&gt;&gt;</a>&nbsp;&nbsp;&nbsp;rt_sys_init
</UL>

<P><STRONG><a name="[14c]"></a>dbg_task_notify</STRONG> (Thumb, 32 bytes, Stack size 0 bytes, hal_cm.o(i.dbg_task_notify))
<BR><BR>[Called By]<UL><LI><a href="#[14d]">&gt;&gt;</a>&nbsp;&nbsp;&nbsp;rt_tsk_delete
<LI><a href="#[14b]">&gt;&gt;</a>&nbsp;&nbsp;&nbsp;rt_tsk_create
</UL>

<P><STRONG><a name="[143]"></a>dbg_task_switch</STRONG> (Thumb, 16 bytes, Stack size 0 bytes, hal_cm.o(i.dbg_task_switch))
<BR><BR>[Called By]<UL><LI><a href="#[12b]">&gt;&gt;</a>&nbsp;&nbsp;&nbsp;rt_switch_req
</UL>

<P><STRONG><a name="[e2]"></a>eth_link_notify</STRONG> (Thumb, 2 bytes, Stack size 0 bytes, net_legacy.o(i.eth_link_notify))
<BR><BR>[Called By]<UL><LI><a href="#[e1]">&gt;&gt;</a>&nbsp;&nbsp;&nbsp;netETH_Notify
</UL>

<P><STRONG><a name="[c2]"></a>isrMessageGet</STRONG> (Thumb, 42 bytes, Stack size 16 bytes, rt_cmsis.o(i.isrMessageGet))
<BR><BR>[Stack]<UL><LI>Max Depth = 40<LI>Call Chain = isrMessageGet &rArr; isr_mbx_receive &rArr; rt_psq_enq
</UL>
<BR>[Calls]<UL><LI><a href="#[c3]">&gt;&gt;</a>&nbsp;&nbsp;&nbsp;isr_mbx_receive
</UL>
<BR>[Called By]<UL><LI><a href="#[125]">&gt;&gt;</a>&nbsp;&nbsp;&nbsp;osMessageGet
</UL>

<P><STRONG><a name="[c4]"></a>isrMessagePut</STRONG> (Thumb, 44 bytes, Stack size 16 bytes, rt_cmsis.o(i.isrMessagePut))
<BR><BR>[Stack]<UL><LI>Max Depth = 40<LI>Call Chain = isrMessagePut &rArr; isr_mbx_send &rArr; rt_psq_enq
</UL>
<BR>[Calls]<UL><LI><a href="#[c5]">&gt;&gt;</a>&nbsp;&nbsp;&nbsp;rt_mbx_check
<LI><a href="#[c6]">&gt;&gt;</a>&nbsp;&nbsp;&nbsp;isr_mbx_send
</UL>
<BR>[Called By]<UL><LI><a href="#[14a]">&gt;&gt;</a>&nbsp;&nbsp;&nbsp;sysTimerTick
</UL>

<P><STRONG><a name="[c7]"></a>isrSemaphoreRelease</STRONG> (Thumb, 40 bytes, Stack size 8 bytes, rt_cmsis.o(i.isrSemaphoreRelease))
<BR><BR>[Stack]<UL><LI>Max Depth = 32<LI>Call Chain = isrSemaphoreRelease &rArr; isr_sem_send &rArr; rt_psq_enq
</UL>
<BR>[Calls]<UL><LI><a href="#[c8]">&gt;&gt;</a>&nbsp;&nbsp;&nbsp;rt_id2obj
<LI><a href="#[c9]">&gt;&gt;</a>&nbsp;&nbsp;&nbsp;isr_sem_send
</UL>
<BR>[Called By]<UL><LI><a href="#[bd]">&gt;&gt;</a>&nbsp;&nbsp;&nbsp;osSemaphoreRelease
</UL>

<P><STRONG><a name="[ca]"></a>isrSignalSet</STRONG> (Thumb, 36 bytes, Stack size 16 bytes, rt_cmsis.o(i.isrSignalSet))
<BR><BR>[Stack]<UL><LI>Max Depth = 40<LI>Call Chain = isrSignalSet &rArr; isr_evt_set &rArr; rt_psq_enq
</UL>
<BR>[Calls]<UL><LI><a href="#[cb]">&gt;&gt;</a>&nbsp;&nbsp;&nbsp;rt_tid2ptcb
<LI><a href="#[cc]">&gt;&gt;</a>&nbsp;&nbsp;&nbsp;isr_evt_set
</UL>
<BR>[Called By]<UL><LI><a href="#[b9]">&gt;&gt;</a>&nbsp;&nbsp;&nbsp;osSignalSet
</UL>

<P><STRONG><a name="[cc]"></a>isr_evt_set</STRONG> (Thumb, 34 bytes, Stack size 8 bytes, rt_event.o(i.isr_evt_set))
<BR><BR>[Stack]<UL><LI>Max Depth = 24<LI>Call Chain = isr_evt_set &rArr; rt_psq_enq
</UL>
<BR>[Calls]<UL><LI><a href="#[cd]">&gt;&gt;</a>&nbsp;&nbsp;&nbsp;rt_psq_enq
<LI><a href="#[ce]">&gt;&gt;</a>&nbsp;&nbsp;&nbsp;rt_psh_req
</UL>
<BR>[Called By]<UL><LI><a href="#[ca]">&gt;&gt;</a>&nbsp;&nbsp;&nbsp;isrSignalSet
</UL>

<P><STRONG><a name="[c3]"></a>isr_mbx_receive</STRONG> (Thumb, 86 bytes, Stack size 8 bytes, rt_mailbox.o(i.isr_mbx_receive))
<BR><BR>[Stack]<UL><LI>Max Depth = 24<LI>Call Chain = isr_mbx_receive &rArr; rt_psq_enq
</UL>
<BR>[Calls]<UL><LI><a href="#[cd]">&gt;&gt;</a>&nbsp;&nbsp;&nbsp;rt_psq_enq
<LI><a href="#[ce]">&gt;&gt;</a>&nbsp;&nbsp;&nbsp;rt_psh_req
</UL>
<BR>[Called By]<UL><LI><a href="#[c2]">&gt;&gt;</a>&nbsp;&nbsp;&nbsp;isrMessageGet
</UL>

<P><STRONG><a name="[c6]"></a>isr_mbx_send</STRONG> (Thumb, 14 bytes, Stack size 8 bytes, rt_mailbox.o(i.isr_mbx_send))
<BR><BR>[Stack]<UL><LI>Max Depth = 24<LI>Call Chain = isr_mbx_send &rArr; rt_psq_enq
</UL>
<BR>[Calls]<UL><LI><a href="#[cd]">&gt;&gt;</a>&nbsp;&nbsp;&nbsp;rt_psq_enq
<LI><a href="#[ce]">&gt;&gt;</a>&nbsp;&nbsp;&nbsp;rt_psh_req
</UL>
<BR>[Called By]<UL><LI><a href="#[c4]">&gt;&gt;</a>&nbsp;&nbsp;&nbsp;isrMessagePut
</UL>

<P><STRONG><a name="[c9]"></a>isr_sem_send</STRONG> (Thumb, 16 bytes, Stack size 8 bytes, rt_semaphore.o(i.isr_sem_send))
<BR><BR>[Stack]<UL><LI>Max Depth = 24<LI>Call Chain = isr_sem_send &rArr; rt_psq_enq
</UL>
<BR>[Calls]<UL><LI><a href="#[cd]">&gt;&gt;</a>&nbsp;&nbsp;&nbsp;rt_psq_enq
<LI><a href="#[ce]">&gt;&gt;</a>&nbsp;&nbsp;&nbsp;rt_psh_req
</UL>
<BR>[Called By]<UL><LI><a href="#[c7]">&gt;&gt;</a>&nbsp;&nbsp;&nbsp;isrSemaphoreRelease
</UL>

<P><STRONG><a name="[51]"></a>main</STRONG> (Thumb, 102 bytes, Stack size 8 bytes, main.o(i.main))
<BR><BR>[Stack]<UL><LI>Max Depth = 96<LI>Call Chain = main &rArr; netInitialize &rArr; osThreadCreate &rArr; svcThreadCreate &rArr; rt_tsk_create &rArr; rt_init_context &rArr; rt_init_stack
</UL>
<BR>[Calls]<UL><LI><a href="#[84]">&gt;&gt;</a>&nbsp;&nbsp;&nbsp;osThreadCreate
<LI><a href="#[85]">&gt;&gt;</a>&nbsp;&nbsp;&nbsp;osKernelStart
<LI><a href="#[83]">&gt;&gt;</a>&nbsp;&nbsp;&nbsp;osKernelInitialize
<LI><a href="#[ab]">&gt;&gt;</a>&nbsp;&nbsp;&nbsp;osDelay
<LI><a href="#[cf]">&gt;&gt;</a>&nbsp;&nbsp;&nbsp;netInitialize
<LI><a href="#[a2]">&gt;&gt;</a>&nbsp;&nbsp;&nbsp;SystemCoreClockUpdate
<LI><a href="#[d0]">&gt;&gt;</a>&nbsp;&nbsp;&nbsp;ethernetInitialize()
<LI><a href="#[d1]">&gt;&gt;</a>&nbsp;&nbsp;&nbsp;ledInitialize()
<LI><a href="#[a7]">&gt;&gt;</a>&nbsp;&nbsp;&nbsp;socketListen()
</UL>
<BR>[Address Reference Count : 1]<UL><LI> rtx_conf_cm.o(.constdata)
</UL>
<P><STRONG><a name="[70]"></a>netCore_Thread</STRONG> (Thumb, 76 bytes, Stack size 0 bytes, net_sys.o(i.netCore_Thread))
<BR><BR>[Calls]<UL><LI><a href="#[dc]">&gt;&gt;</a>&nbsp;&nbsp;&nbsp;sys_proc_tick
<LI><a href="#[df]">&gt;&gt;</a>&nbsp;&nbsp;&nbsp;net_sys_unlock
<LI><a href="#[de]">&gt;&gt;</a>&nbsp;&nbsp;&nbsp;net_sys_lock
<LI><a href="#[e0]">&gt;&gt;</a>&nbsp;&nbsp;&nbsp;osThreadYield
<LI><a href="#[db]">&gt;&gt;</a>&nbsp;&nbsp;&nbsp;osSignalWait
<LI><a href="#[dd]">&gt;&gt;</a>&nbsp;&nbsp;&nbsp;osSignalClear
</UL>
<BR>[Address Reference Count : 1]<UL><LI> net_config.o(.constdata)
</UL>
<P><STRONG><a name="[e1]"></a>netETH_Notify</STRONG> (Thumb, 52 bytes, Stack size 8 bytes, net_legacy.o(i.netETH_Notify))
<BR><BR>[Stack]<UL><LI>Max Depth = 8<LI>Call Chain = netETH_Notify
</UL>
<BR>[Calls]<UL><LI><a href="#[e2]">&gt;&gt;</a>&nbsp;&nbsp;&nbsp;eth_link_notify
</UL>
<BR>[Called By]<UL><LI><a href="#[73]">&gt;&gt;</a>&nbsp;&nbsp;&nbsp;net_eth_iface_run
<LI><a href="#[72]">&gt;&gt;</a>&nbsp;&nbsp;&nbsp;net_eth_iface_init
</UL>

<P><STRONG><a name="[71]"></a>netETH_Thread</STRONG> (Thumb, 56 bytes, Stack size 0 bytes, net_eth.o(i.netETH_Thread))
<BR><BR>[Stack]<UL><LI>Max Depth = 64<LI>Call Chain = netETH_Thread &rArr; eth_receive &rArr; net_sys_wakeup &rArr; osSignalSet &rArr; isrSignalSet &rArr; isr_evt_set &rArr; rt_psq_enq
</UL>
<BR>[Calls]<UL><LI><a href="#[bc]">&gt;&gt;</a>&nbsp;&nbsp;&nbsp;eth_unlock
<LI><a href="#[ba]">&gt;&gt;</a>&nbsp;&nbsp;&nbsp;eth_receive
<LI><a href="#[b7]">&gt;&gt;</a>&nbsp;&nbsp;&nbsp;eth_lock
<LI><a href="#[e3]">&gt;&gt;</a>&nbsp;&nbsp;&nbsp;eth_check_link
<LI><a href="#[db]">&gt;&gt;</a>&nbsp;&nbsp;&nbsp;osSignalWait
</UL>
<BR>[Address Reference Count : 1]<UL><LI> net_config.o(.constdata)
</UL>
<P><STRONG><a name="[cf]"></a>netInitialize</STRONG> (Thumb, 114 bytes, Stack size 16 bytes, net_sys.o(i.netInitialize))
<BR><BR>[Stack]<UL><LI>Max Depth = 88<LI>Call Chain = netInitialize &rArr; osThreadCreate &rArr; svcThreadCreate &rArr; rt_tsk_create &rArr; rt_init_context &rArr; rt_init_stack
</UL>
<BR>[Calls]<UL><LI><a href="#[84]">&gt;&gt;</a>&nbsp;&nbsp;&nbsp;osThreadCreate
<LI><a href="#[e8]">&gt;&gt;</a>&nbsp;&nbsp;&nbsp;net_sys_error
<LI><a href="#[e7]">&gt;&gt;</a>&nbsp;&nbsp;&nbsp;net_strcpy
<LI><a href="#[e5]">&gt;&gt;</a>&nbsp;&nbsp;&nbsp;net_mem_init
<LI><a href="#[e6]">&gt;&gt;</a>&nbsp;&nbsp;&nbsp;__aeabi_memclr4
<LI><a href="#[df]">&gt;&gt;</a>&nbsp;&nbsp;&nbsp;net_sys_unlock
<LI><a href="#[de]">&gt;&gt;</a>&nbsp;&nbsp;&nbsp;net_sys_lock
<LI><a href="#[ea]">&gt;&gt;</a>&nbsp;&nbsp;&nbsp;osTimerStart
<LI><a href="#[e9]">&gt;&gt;</a>&nbsp;&nbsp;&nbsp;osTimerCreate
<LI><a href="#[e4]">&gt;&gt;</a>&nbsp;&nbsp;&nbsp;osMutexCreate
</UL>
<BR>[Called By]<UL><LI><a href="#[51]">&gt;&gt;</a>&nbsp;&nbsp;&nbsp;main
</UL>

<P><STRONG><a name="[eb]"></a>netMAC_aton</STRONG> (Thumb, 112 bytes, Stack size 16 bytes, net_addr.o(i.netMAC_aton))
<BR><BR>[Stack]<UL><LI>Max Depth = 232<LI>Call Chain = netMAC_aton &rArr; __0sscanf &rArr; __vfscanf_char &rArr; __vfscanf &rArr; _scanf_int
</UL>
<BR>[Calls]<UL><LI><a href="#[92]">&gt;&gt;</a>&nbsp;&nbsp;&nbsp;__0sscanf
</UL>
<BR>[Called By]<UL><LI><a href="#[72]">&gt;&gt;</a>&nbsp;&nbsp;&nbsp;net_eth_iface_init
</UL>

<P><STRONG><a name="[a8]"></a>netTCP_GetSocket</STRONG> (Thumb, 24 bytes, Stack size 8 bytes, net_tcp.o(i.netTCP_GetSocket))
<BR><BR>[Stack]<UL><LI>Max Depth = 16<LI>Call Chain = netTCP_GetSocket &rArr; net_tcp_get_socket
</UL>
<BR>[Calls]<UL><LI><a href="#[ec]">&gt;&gt;</a>&nbsp;&nbsp;&nbsp;net_tcp_get_socket
<LI><a href="#[df]">&gt;&gt;</a>&nbsp;&nbsp;&nbsp;net_sys_unlock
<LI><a href="#[de]">&gt;&gt;</a>&nbsp;&nbsp;&nbsp;net_sys_lock
</UL>
<BR>[Called By]<UL><LI><a href="#[a7]">&gt;&gt;</a>&nbsp;&nbsp;&nbsp;socketListen()
</UL>

<P><STRONG><a name="[a9]"></a>netTCP_Listen</STRONG> (Thumb, 28 bytes, Stack size 16 bytes, net_tcp.o(i.netTCP_Listen))
<BR><BR>[Stack]<UL><LI>Max Depth = 24<LI>Call Chain = netTCP_Listen &rArr; net_tcp_listen
</UL>
<BR>[Calls]<UL><LI><a href="#[ed]">&gt;&gt;</a>&nbsp;&nbsp;&nbsp;net_tcp_listen
<LI><a href="#[df]">&gt;&gt;</a>&nbsp;&nbsp;&nbsp;net_sys_unlock
<LI><a href="#[de]">&gt;&gt;</a>&nbsp;&nbsp;&nbsp;net_sys_lock
</UL>
<BR>[Called By]<UL><LI><a href="#[a7]">&gt;&gt;</a>&nbsp;&nbsp;&nbsp;socketListen()
</UL>

<P><STRONG><a name="[aa]"></a>netTCP_SetOption</STRONG> (Thumb, 32 bytes, Stack size 16 bytes, net_tcp.o(i.netTCP_SetOption))
<BR><BR>[Stack]<UL><LI>Max Depth = 28<LI>Call Chain = netTCP_SetOption &rArr; net_tcp_set_option
</UL>
<BR>[Calls]<UL><LI><a href="#[ee]">&gt;&gt;</a>&nbsp;&nbsp;&nbsp;net_tcp_set_option
<LI><a href="#[df]">&gt;&gt;</a>&nbsp;&nbsp;&nbsp;net_sys_unlock
<LI><a href="#[de]">&gt;&gt;</a>&nbsp;&nbsp;&nbsp;net_sys_lock
</UL>
<BR>[Called By]<UL><LI><a href="#[a7]">&gt;&gt;</a>&nbsp;&nbsp;&nbsp;socketListen()
</UL>

<P><STRONG><a name="[ef]"></a>net_addr4_aton</STRONG> (Thumb, 82 bytes, Stack size 24 bytes, net_addr.o(i.net_addr4_aton))
<BR><BR>[Stack]<UL><LI>Max Depth = 240<LI>Call Chain = net_addr4_aton &rArr; __0sscanf &rArr; __vfscanf_char &rArr; __vfscanf &rArr; _scanf_int
</UL>
<BR>[Calls]<UL><LI><a href="#[92]">&gt;&gt;</a>&nbsp;&nbsp;&nbsp;__0sscanf
</UL>
<BR>[Called By]<UL><LI><a href="#[72]">&gt;&gt;</a>&nbsp;&nbsp;&nbsp;net_eth_iface_init
</UL>

<P><STRONG><a name="[c1]"></a>net_addr4_is_subnet</STRONG> (Thumb, 26 bytes, Stack size 0 bytes, net_addr.o(i.net_addr4_is_subnet))
<BR><BR>[Called By]<UL><LI><a href="#[c0]">&gt;&gt;</a>&nbsp;&nbsp;&nbsp;ip4_get_route
<LI><a href="#[f6]">&gt;&gt;</a>&nbsp;&nbsp;&nbsp;net_arp_cache_find
<LI><a href="#[f5]">&gt;&gt;</a>&nbsp;&nbsp;&nbsp;net_arp_cache_early
<LI><a href="#[f2]">&gt;&gt;</a>&nbsp;&nbsp;&nbsp;net_arp_cache_add
</UL>

<P><STRONG><a name="[f0]"></a>net_addr_get_local</STRONG> (Thumb, 14 bytes, Stack size 0 bytes, net_addr.o(i.net_addr_get_local))
<BR><BR>[Stack]<UL><LI>Max Depth = 24<LI>Call Chain = net_addr_get_local &rArr; net_ip4_get_local &rArr; ip4_get_route
</UL>
<BR>[Calls]<UL><LI><a href="#[f1]">&gt;&gt;</a>&nbsp;&nbsp;&nbsp;net_ip4_get_local
</UL>
<BR>[Called By]<UL><LI><a href="#[da]">&gt;&gt;</a>&nbsp;&nbsp;&nbsp;net_udp_send
</UL>

<P><STRONG><a name="[124]"></a>net_addr_is_unspec</STRONG> (Thumb, 20 bytes, Stack size 0 bytes, net_addr.o(i.net_addr_is_unspec))
<BR><BR>[Called By]<UL><LI><a href="#[da]">&gt;&gt;</a>&nbsp;&nbsp;&nbsp;net_udp_send
</UL>

<P><STRONG><a name="[f2]"></a>net_arp_cache_add</STRONG> (Thumb, 168 bytes, Stack size 24 bytes, net_arp.o(i.net_arp_cache_add))
<BR><BR>[Stack]<UL><LI>Max Depth = 44<LI>Call Chain = net_arp_cache_add &rArr; arp_cache_alloc
</UL>
<BR>[Calls]<UL><LI><a href="#[c1]">&gt;&gt;</a>&nbsp;&nbsp;&nbsp;net_addr4_is_subnet
<LI><a href="#[f3]">&gt;&gt;</a>&nbsp;&nbsp;&nbsp;arp_is_cacheable
<LI><a href="#[f4]">&gt;&gt;</a>&nbsp;&nbsp;&nbsp;arp_cache_alloc
</UL>
<BR>[Called By]<UL><LI><a href="#[73]">&gt;&gt;</a>&nbsp;&nbsp;&nbsp;net_eth_iface_run
<LI><a href="#[f7]">&gt;&gt;</a>&nbsp;&nbsp;&nbsp;net_arp_process
</UL>

<P><STRONG><a name="[f5]"></a>net_arp_cache_early</STRONG> (Thumb, 140 bytes, Stack size 24 bytes, net_arp.o(i.net_arp_cache_early))
<BR><BR>[Stack]<UL><LI>Max Depth = 88<LI>Call Chain = net_arp_cache_early &rArr; arp_send_request &rArr; net_eth_output &rArr; eth_unlock &rArr; osSemaphoreRelease &rArr; isrSemaphoreRelease &rArr; isr_sem_send &rArr; rt_psq_enq
</UL>
<BR>[Calls]<UL><LI><a href="#[c1]">&gt;&gt;</a>&nbsp;&nbsp;&nbsp;net_addr4_is_subnet
<LI><a href="#[af]">&gt;&gt;</a>&nbsp;&nbsp;&nbsp;arp_send_request
<LI><a href="#[f3]">&gt;&gt;</a>&nbsp;&nbsp;&nbsp;arp_is_cacheable
<LI><a href="#[f4]">&gt;&gt;</a>&nbsp;&nbsp;&nbsp;arp_cache_alloc
</UL>
<BR>[Called By]<UL><LI><a href="#[73]">&gt;&gt;</a>&nbsp;&nbsp;&nbsp;net_eth_iface_run
</UL>

<P><STRONG><a name="[f6]"></a>net_arp_cache_find</STRONG> (Thumb, 164 bytes, Stack size 24 bytes, net_arp.o(i.net_arp_cache_find))
<BR><BR>[Stack]<UL><LI>Max Depth = 88<LI>Call Chain = net_arp_cache_find &rArr; arp_send_request &rArr; net_eth_output &rArr; eth_unlock &rArr; osSemaphoreRelease &rArr; isrSemaphoreRelease &rArr; isr_sem_send &rArr; rt_psq_enq
</UL>
<BR>[Calls]<UL><LI><a href="#[c1]">&gt;&gt;</a>&nbsp;&nbsp;&nbsp;net_addr4_is_subnet
<LI><a href="#[af]">&gt;&gt;</a>&nbsp;&nbsp;&nbsp;arp_send_request
<LI><a href="#[f4]">&gt;&gt;</a>&nbsp;&nbsp;&nbsp;arp_cache_alloc
</UL>
<BR>[Called By]<UL><LI><a href="#[104]">&gt;&gt;</a>&nbsp;&nbsp;&nbsp;net_eth_send_frame
</UL>

<P><STRONG><a name="[fb]"></a>net_arp_init</STRONG> (Thumb, 46 bytes, Stack size 12 bytes, net_arp.o(i.net_arp_init))
<BR><BR>[Stack]<UL><LI>Max Depth = 12<LI>Call Chain = net_arp_init
</UL>
<BR>[Called By]<UL><LI><a href="#[72]">&gt;&gt;</a>&nbsp;&nbsp;&nbsp;net_eth_iface_init
</UL>

<P><STRONG><a name="[7e]"></a>net_arp_notify</STRONG> (Thumb, 30 bytes, Stack size 0 bytes, net_arp.o(i.net_arp_notify))
<BR><BR>[Stack]<UL><LI>Max Depth = 64<LI>Call Chain = net_arp_notify &rArr; arp_send_request &rArr; net_eth_output &rArr; eth_unlock &rArr; osSemaphoreRelease &rArr; isrSemaphoreRelease &rArr; isr_sem_send &rArr; rt_psq_enq
</UL>
<BR>[Calls]<UL><LI><a href="#[af]">&gt;&gt;</a>&nbsp;&nbsp;&nbsp;arp_send_request
</UL>
<BR>[Address Reference Count : 1]<UL><LI> net_config.o(.constdata)
</UL>
<P><STRONG><a name="[f7]"></a>net_arp_process</STRONG> (Thumb, 314 bytes, Stack size 24 bytes, net_arp.o(i.net_arp_process))
<BR><BR>[Stack]<UL><LI>Max Depth = 80<LI>Call Chain = net_arp_process &rArr; arp_send_reply &rArr; net_eth_output &rArr; eth_unlock &rArr; osSemaphoreRelease &rArr; isrSemaphoreRelease &rArr; isr_sem_send &rArr; rt_psq_enq
</UL>
<BR>[Calls]<UL><LI><a href="#[b0]">&gt;&gt;</a>&nbsp;&nbsp;&nbsp;arp_send_reply
<LI><a href="#[f8]">&gt;&gt;</a>&nbsp;&nbsp;&nbsp;arp_proc_response
<LI><a href="#[f2]">&gt;&gt;</a>&nbsp;&nbsp;&nbsp;net_arp_cache_add
</UL>
<BR>[Called By]<UL><LI><a href="#[73]">&gt;&gt;</a>&nbsp;&nbsp;&nbsp;net_eth_iface_run
</UL>

<P><STRONG><a name="[f9]"></a>net_arp_run</STRONG> (Thumb, 232 bytes, Stack size 24 bytes, net_arp.o(i.net_arp_run))
<BR><BR>[Stack]<UL><LI>Max Depth = 96<LI>Call Chain = net_arp_run &rArr; arp_probe_run &rArr; arp_send_request &rArr; net_eth_output &rArr; eth_unlock &rArr; osSemaphoreRelease &rArr; isrSemaphoreRelease &rArr; isr_sem_send &rArr; rt_psq_enq
</UL>
<BR>[Calls]<UL><LI><a href="#[af]">&gt;&gt;</a>&nbsp;&nbsp;&nbsp;arp_send_request
<LI><a href="#[ae]">&gt;&gt;</a>&nbsp;&nbsp;&nbsp;arp_probe_run
</UL>
<BR>[Called By]<UL><LI><a href="#[73]">&gt;&gt;</a>&nbsp;&nbsp;&nbsp;net_eth_iface_run
</UL>

<P><STRONG><a name="[b6]"></a>net_bsd_notify</STRONG> (Thumb, 2 bytes, Stack size 0 bytes, net_bsd.o(i.net_bsd_notify))
<BR><BR>[Called By]<UL><LI><a href="#[b4]">&gt;&gt;</a>&nbsp;&nbsp;&nbsp;bsd_enable
</UL>

<P><STRONG><a name="[b5]"></a>net_bsd_resume</STRONG> (Thumb, 24 bytes, Stack size 8 bytes, net_bsd.o(i.net_bsd_resume))
<BR><BR>[Stack]<UL><LI>Max Depth = 48<LI>Call Chain = net_bsd_resume &rArr; osSignalSet &rArr; isrSignalSet &rArr; isr_evt_set &rArr; rt_psq_enq
</UL>
<BR>[Calls]<UL><LI><a href="#[b9]">&gt;&gt;</a>&nbsp;&nbsp;&nbsp;osSignalSet
</UL>
<BR>[Called By]<UL><LI><a href="#[b4]">&gt;&gt;</a>&nbsp;&nbsp;&nbsp;bsd_enable
</UL>

<P><STRONG><a name="[7b]"></a>net_bsd_socket_init</STRONG> (Thumb, 14 bytes, Stack size 0 bytes, net_bsd.o(i.net_bsd_socket_init))
<BR><BR>[Calls]<UL><LI><a href="#[e6]">&gt;&gt;</a>&nbsp;&nbsp;&nbsp;__aeabi_memclr4
</UL>
<BR>[Address Reference Count : 1]<UL><LI> net_config.o(.constdata)
</UL>
<P><STRONG><a name="[7c]"></a>net_bsd_socket_run</STRONG> (Thumb, 114 bytes, Stack size 16 bytes, net_bsd.o(i.net_bsd_socket_run))
<BR><BR>[Stack]<UL><LI>Max Depth = 80<LI>Call Chain = net_bsd_socket_run &rArr; bsd_enable &rArr; net_bsd_resume &rArr; osSignalSet &rArr; isrSignalSet &rArr; isr_evt_set &rArr; rt_psq_enq
</UL>
<BR>[Calls]<UL><LI><a href="#[b4]">&gt;&gt;</a>&nbsp;&nbsp;&nbsp;bsd_enable
<LI><a href="#[ed]">&gt;&gt;</a>&nbsp;&nbsp;&nbsp;net_tcp_listen
<LI><a href="#[fa]">&gt;&gt;</a>&nbsp;&nbsp;&nbsp;net_tcp_get_state
</UL>
<BR>[Address Reference Count : 1]<UL><LI> net_config.o(.constdata)
</UL>
<P><STRONG><a name="[72]"></a>net_eth_iface_init</STRONG> (Thumb, 408 bytes, Stack size 24 bytes, net_eth.o(i.net_eth_iface_init))
<BR><BR>[Stack]<UL><LI>Max Depth = 264<LI>Call Chain = net_eth_iface_init &rArr; net_addr4_aton &rArr; __0sscanf &rArr; __vfscanf_char &rArr; __vfscanf &rArr; _scanf_int
</UL>
<BR>[Calls]<UL><LI><a href="#[84]">&gt;&gt;</a>&nbsp;&nbsp;&nbsp;osThreadCreate
<LI><a href="#[eb]">&gt;&gt;</a>&nbsp;&nbsp;&nbsp;netMAC_aton
<LI><a href="#[ef]">&gt;&gt;</a>&nbsp;&nbsp;&nbsp;net_addr4_aton
<LI><a href="#[e1]">&gt;&gt;</a>&nbsp;&nbsp;&nbsp;netETH_Notify
<LI><a href="#[e8]">&gt;&gt;</a>&nbsp;&nbsp;&nbsp;net_sys_error
<LI><a href="#[e6]">&gt;&gt;</a>&nbsp;&nbsp;&nbsp;__aeabi_memclr4
<LI><a href="#[fc]">&gt;&gt;</a>&nbsp;&nbsp;&nbsp;net_memcrc
<LI><a href="#[fb]">&gt;&gt;</a>&nbsp;&nbsp;&nbsp;net_arp_init
<LI><a href="#[fd]">&gt;&gt;</a>&nbsp;&nbsp;&nbsp;osSemaphoreCreate
</UL>
<BR>[Address Reference Count : 1]<UL><LI> net_config.o(.constdata)
</UL>
<P><STRONG><a name="[73]"></a>net_eth_iface_run</STRONG> (Thumb, 268 bytes, Stack size 24 bytes, net_eth.o(i.net_eth_iface_run))
<BR><BR>[Stack]<UL><LI>Max Depth = 248<LI>Call Chain = net_eth_iface_run &rArr; net_tcp_process &rArr; tcp_send_reset &rArr; tcp_write &rArr; net_ip4_send_frame &rArr; net_eth_send_frame &rArr; net_arp_cache_find &rArr; arp_send_request &rArr; net_eth_output &rArr; eth_unlock &rArr; osSemaphoreRelease &rArr; isrSemaphoreRelease &rArr; isr_sem_send &rArr; rt_psq_enq
</UL>
<BR>[Calls]<UL><LI><a href="#[e1]">&gt;&gt;</a>&nbsp;&nbsp;&nbsp;netETH_Notify
<LI><a href="#[101]">&gt;&gt;</a>&nbsp;&nbsp;&nbsp;net_igmp_process
<LI><a href="#[102]">&gt;&gt;</a>&nbsp;&nbsp;&nbsp;net_udp_process
<LI><a href="#[103]">&gt;&gt;</a>&nbsp;&nbsp;&nbsp;net_tcp_process
<LI><a href="#[b3]">&gt;&gt;</a>&nbsp;&nbsp;&nbsp;net_mem_free
<LI><a href="#[ff]">&gt;&gt;</a>&nbsp;&nbsp;&nbsp;net_ip4_chk_frame
<LI><a href="#[100]">&gt;&gt;</a>&nbsp;&nbsp;&nbsp;net_icmp_process
<LI><a href="#[f9]">&gt;&gt;</a>&nbsp;&nbsp;&nbsp;net_arp_run
<LI><a href="#[f7]">&gt;&gt;</a>&nbsp;&nbsp;&nbsp;net_arp_process
<LI><a href="#[f5]">&gt;&gt;</a>&nbsp;&nbsp;&nbsp;net_arp_cache_early
<LI><a href="#[f2]">&gt;&gt;</a>&nbsp;&nbsp;&nbsp;net_arp_cache_add
<LI><a href="#[fe]">&gt;&gt;</a>&nbsp;&nbsp;&nbsp;net_eth_update_filter
</UL>
<BR>[Address Reference Count : 1]<UL><LI> net_config.o(.constdata)
</UL>
<P><STRONG><a name="[10c]"></a>net_eth_is_my_addr</STRONG> (Thumb, 28 bytes, Stack size 0 bytes, net_eth.o(i.net_eth_is_my_addr))
<BR><BR>[Called By]<UL><LI><a href="#[ff]">&gt;&gt;</a>&nbsp;&nbsp;&nbsp;net_ip4_chk_frame
</UL>

<P><STRONG><a name="[b2]"></a>net_eth_output</STRONG> (Thumb, 30 bytes, Stack size 8 bytes, net_eth.o(i.net_eth_output))
<BR><BR>[Stack]<UL><LI>Max Depth = 40<LI>Call Chain = net_eth_output &rArr; eth_unlock &rArr; osSemaphoreRelease &rArr; isrSemaphoreRelease &rArr; isr_sem_send &rArr; rt_psq_enq
</UL>
<BR>[Calls]<UL><LI><a href="#[bc]">&gt;&gt;</a>&nbsp;&nbsp;&nbsp;eth_unlock
<LI><a href="#[b7]">&gt;&gt;</a>&nbsp;&nbsp;&nbsp;eth_lock
</UL>
<BR>[Called By]<UL><LI><a href="#[af]">&gt;&gt;</a>&nbsp;&nbsp;&nbsp;arp_send_request
<LI><a href="#[b0]">&gt;&gt;</a>&nbsp;&nbsp;&nbsp;arp_send_reply
<LI><a href="#[104]">&gt;&gt;</a>&nbsp;&nbsp;&nbsp;net_eth_send_frame
</UL>

<P><STRONG><a name="[104]"></a>net_eth_send_frame</STRONG> (Thumb, 140 bytes, Stack size 16 bytes, net_eth.o(i.net_eth_send_frame))
<BR><BR>[Stack]<UL><LI>Max Depth = 104<LI>Call Chain = net_eth_send_frame &rArr; net_arp_cache_find &rArr; arp_send_request &rArr; net_eth_output &rArr; eth_unlock &rArr; osSemaphoreRelease &rArr; isrSemaphoreRelease &rArr; isr_sem_send &rArr; rt_psq_enq
</UL>
<BR>[Calls]<UL><LI><a href="#[106]">&gt;&gt;</a>&nbsp;&nbsp;&nbsp;net_ip4_is_subcast
<LI><a href="#[f6]">&gt;&gt;</a>&nbsp;&nbsp;&nbsp;net_arp_cache_find
<LI><a href="#[b2]">&gt;&gt;</a>&nbsp;&nbsp;&nbsp;net_eth_output
<LI><a href="#[105]">&gt;&gt;</a>&nbsp;&nbsp;&nbsp;eth_make_mcast4
</UL>
<BR>[Called By]<UL><LI><a href="#[108]">&gt;&gt;</a>&nbsp;&nbsp;&nbsp;net_ip4_send_frame
</UL>

<P><STRONG><a name="[fe]"></a>net_eth_update_filter</STRONG> (Thumb, 170 bytes, Stack size 24 bytes, net_eth.o(i.net_eth_update_filter))
<BR><BR>[Stack]<UL><LI>Max Depth = 56<LI>Call Chain = net_eth_update_filter &rArr; eth_unlock &rArr; osSemaphoreRelease &rArr; isrSemaphoreRelease &rArr; isr_sem_send &rArr; rt_psq_enq
</UL>
<BR>[Calls]<UL><LI><a href="#[107]">&gt;&gt;</a>&nbsp;&nbsp;&nbsp;net_igmp_collect_addr
<LI><a href="#[b3]">&gt;&gt;</a>&nbsp;&nbsp;&nbsp;net_mem_free
<LI><a href="#[b1]">&gt;&gt;</a>&nbsp;&nbsp;&nbsp;net_mem_alloc
<LI><a href="#[bc]">&gt;&gt;</a>&nbsp;&nbsp;&nbsp;eth_unlock
<LI><a href="#[105]">&gt;&gt;</a>&nbsp;&nbsp;&nbsp;eth_make_mcast4
<LI><a href="#[b7]">&gt;&gt;</a>&nbsp;&nbsp;&nbsp;eth_lock
</UL>
<BR>[Called By]<UL><LI><a href="#[73]">&gt;&gt;</a>&nbsp;&nbsp;&nbsp;net_eth_iface_run
</UL>

<P><STRONG><a name="[100]"></a>net_icmp_process</STRONG> (Thumb, 206 bytes, Stack size 24 bytes, net_icmp.o(i.net_icmp_process))
<BR><BR>[Stack]<UL><LI>Max Depth = 152<LI>Call Chain = net_icmp_process &rArr; net_ip4_send_frame &rArr; net_eth_send_frame &rArr; net_arp_cache_find &rArr; arp_send_request &rArr; net_eth_output &rArr; eth_unlock &rArr; osSemaphoreRelease &rArr; isrSemaphoreRelease &rArr; isr_sem_send &rArr; rt_psq_enq
</UL>
<BR>[Calls]<UL><LI><a href="#[d7]">&gt;&gt;</a>&nbsp;&nbsp;&nbsp;memcmp
<LI><a href="#[d9]">&gt;&gt;</a>&nbsp;&nbsp;&nbsp;__aeabi_memcpy
<LI><a href="#[bf]">&gt;&gt;</a>&nbsp;&nbsp;&nbsp;net_ip4_chksum_buf
<LI><a href="#[108]">&gt;&gt;</a>&nbsp;&nbsp;&nbsp;net_ip4_send_frame
<LI><a href="#[b3]">&gt;&gt;</a>&nbsp;&nbsp;&nbsp;net_mem_free
<LI><a href="#[b1]">&gt;&gt;</a>&nbsp;&nbsp;&nbsp;net_mem_alloc
</UL>
<BR>[Called By]<UL><LI><a href="#[75]">&gt;&gt;</a>&nbsp;&nbsp;&nbsp;net_loop_iface_run
<LI><a href="#[73]">&gt;&gt;</a>&nbsp;&nbsp;&nbsp;net_eth_iface_run
</UL>

<P><STRONG><a name="[109]"></a>net_icmp_send_echo</STRONG> (Thumb, 116 bytes, Stack size 16 bytes, net_icmp.o(i.net_icmp_send_echo))
<BR><BR>[Stack]<UL><LI>Max Depth = 144<LI>Call Chain = net_icmp_send_echo &rArr; net_ip4_send_frame &rArr; net_eth_send_frame &rArr; net_arp_cache_find &rArr; arp_send_request &rArr; net_eth_output &rArr; eth_unlock &rArr; osSemaphoreRelease &rArr; isrSemaphoreRelease &rArr; isr_sem_send &rArr; rt_psq_enq
</UL>
<BR>[Calls]<UL><LI><a href="#[d9]">&gt;&gt;</a>&nbsp;&nbsp;&nbsp;__aeabi_memcpy
<LI><a href="#[bf]">&gt;&gt;</a>&nbsp;&nbsp;&nbsp;net_ip4_chksum_buf
<LI><a href="#[10a]">&gt;&gt;</a>&nbsp;&nbsp;&nbsp;net_ip4_tx_offload
<LI><a href="#[108]">&gt;&gt;</a>&nbsp;&nbsp;&nbsp;net_ip4_send_frame
<LI><a href="#[b3]">&gt;&gt;</a>&nbsp;&nbsp;&nbsp;net_mem_free
<LI><a href="#[b1]">&gt;&gt;</a>&nbsp;&nbsp;&nbsp;net_mem_alloc
</UL>
<BR>[Called By]<UL><LI><a href="#[114]">&gt;&gt;</a>&nbsp;&nbsp;&nbsp;ping_send_req
</UL>

<P><STRONG><a name="[107]"></a>net_igmp_collect_addr</STRONG> (Thumb, 4 bytes, Stack size 0 bytes, net_config.o(i.net_igmp_collect_addr))
<BR><BR>[Called By]<UL><LI><a href="#[fe]">&gt;&gt;</a>&nbsp;&nbsp;&nbsp;net_eth_update_filter
</UL>

<P><STRONG><a name="[10b]"></a>net_igmp_is_member</STRONG> (Thumb, 4 bytes, Stack size 0 bytes, net_config.o(i.net_igmp_is_member))
<BR><BR>[Called By]<UL><LI><a href="#[ff]">&gt;&gt;</a>&nbsp;&nbsp;&nbsp;net_ip4_chk_frame
</UL>

<P><STRONG><a name="[101]"></a>net_igmp_process</STRONG> (Thumb, 2 bytes, Stack size 0 bytes, net_config.o(i.net_igmp_process))
<BR><BR>[Called By]<UL><LI><a href="#[73]">&gt;&gt;</a>&nbsp;&nbsp;&nbsp;net_eth_iface_run
</UL>

<P><STRONG><a name="[116]"></a>net_ip4_checksum</STRONG> (Thumb, 76 bytes, Stack size 16 bytes, net_ip4.o(i.net_ip4_checksum))
<BR><BR>[Stack]<UL><LI>Max Depth = 16<LI>Call Chain = net_ip4_checksum
</UL>
<BR>[Called By]<UL><LI><a href="#[161]">&gt;&gt;</a>&nbsp;&nbsp;&nbsp;tcp_write
<LI><a href="#[da]">&gt;&gt;</a>&nbsp;&nbsp;&nbsp;net_udp_send
<LI><a href="#[102]">&gt;&gt;</a>&nbsp;&nbsp;&nbsp;net_udp_process
<LI><a href="#[103]">&gt;&gt;</a>&nbsp;&nbsp;&nbsp;net_tcp_process
</UL>

<P><STRONG><a name="[ff]"></a>net_ip4_chk_frame</STRONG> (Thumb, 192 bytes, Stack size 16 bytes, net_ip4.o(i.net_ip4_chk_frame))
<BR><BR>[Stack]<UL><LI>Max Depth = 28<LI>Call Chain = net_ip4_chk_frame &rArr; ip4_get_chksum &rArr; net_ip4_chksum_buf
</UL>
<BR>[Calls]<UL><LI><a href="#[10b]">&gt;&gt;</a>&nbsp;&nbsp;&nbsp;net_igmp_is_member
<LI><a href="#[be]">&gt;&gt;</a>&nbsp;&nbsp;&nbsp;ip4_get_chksum
<LI><a href="#[106]">&gt;&gt;</a>&nbsp;&nbsp;&nbsp;net_ip4_is_subcast
<LI><a href="#[10c]">&gt;&gt;</a>&nbsp;&nbsp;&nbsp;net_eth_is_my_addr
</UL>
<BR>[Called By]<UL><LI><a href="#[75]">&gt;&gt;</a>&nbsp;&nbsp;&nbsp;net_loop_iface_run
<LI><a href="#[73]">&gt;&gt;</a>&nbsp;&nbsp;&nbsp;net_eth_iface_run
</UL>

<P><STRONG><a name="[bf]"></a>net_ip4_chksum_buf</STRONG> (Thumb, 50 bytes, Stack size 12 bytes, net_ip4.o(i.net_ip4_chksum_buf))
<BR><BR>[Stack]<UL><LI>Max Depth = 12<LI>Call Chain = net_ip4_chksum_buf
</UL>
<BR>[Called By]<UL><LI><a href="#[109]">&gt;&gt;</a>&nbsp;&nbsp;&nbsp;net_icmp_send_echo
<LI><a href="#[be]">&gt;&gt;</a>&nbsp;&nbsp;&nbsp;ip4_get_chksum
<LI><a href="#[100]">&gt;&gt;</a>&nbsp;&nbsp;&nbsp;net_icmp_process
</UL>

<P><STRONG><a name="[f1]"></a>net_ip4_get_local</STRONG> (Thumb, 52 bytes, Stack size 8 bytes, net_ip4.o(i.net_ip4_get_local))
<BR><BR>[Stack]<UL><LI>Max Depth = 24<LI>Call Chain = net_ip4_get_local &rArr; ip4_get_route
</UL>
<BR>[Calls]<UL><LI><a href="#[c0]">&gt;&gt;</a>&nbsp;&nbsp;&nbsp;ip4_get_route
</UL>
<BR>[Called By]<UL><LI><a href="#[161]">&gt;&gt;</a>&nbsp;&nbsp;&nbsp;tcp_write
<LI><a href="#[108]">&gt;&gt;</a>&nbsp;&nbsp;&nbsp;net_ip4_send_frame
<LI><a href="#[f0]">&gt;&gt;</a>&nbsp;&nbsp;&nbsp;net_addr_get_local
</UL>

<P><STRONG><a name="[110]"></a>net_ip4_init</STRONG> (Thumb, 12 bytes, Stack size 0 bytes, net_ip4.o(i.net_ip4_init))
<BR><BR>[Called By]<UL><LI><a href="#[74]">&gt;&gt;</a>&nbsp;&nbsp;&nbsp;net_loop_iface_init
</UL>

<P><STRONG><a name="[106]"></a>net_ip4_is_subcast</STRONG> (Thumb, 38 bytes, Stack size 0 bytes, net_ip4.o(i.net_ip4_is_subcast))
<BR><BR>[Called By]<UL><LI><a href="#[ff]">&gt;&gt;</a>&nbsp;&nbsp;&nbsp;net_ip4_chk_frame
<LI><a href="#[104]">&gt;&gt;</a>&nbsp;&nbsp;&nbsp;net_eth_send_frame
</UL>

<P><STRONG><a name="[108]"></a>net_ip4_send_frame</STRONG> (Thumb, 266 bytes, Stack size 24 bytes, net_ip4.o(i.net_ip4_send_frame))
<BR><BR>[Stack]<UL><LI>Max Depth = 128<LI>Call Chain = net_ip4_send_frame &rArr; net_eth_send_frame &rArr; net_arp_cache_find &rArr; arp_send_request &rArr; net_eth_output &rArr; eth_unlock &rArr; osSemaphoreRelease &rArr; isrSemaphoreRelease &rArr; isr_sem_send &rArr; rt_psq_enq
</UL>
<BR>[Calls]<UL><LI><a href="#[10e]">&gt;&gt;</a>&nbsp;&nbsp;&nbsp;net_slip_send_frame
<LI><a href="#[10d]">&gt;&gt;</a>&nbsp;&nbsp;&nbsp;net_ppp_send_frame
<LI><a href="#[f1]">&gt;&gt;</a>&nbsp;&nbsp;&nbsp;net_ip4_get_local
<LI><a href="#[be]">&gt;&gt;</a>&nbsp;&nbsp;&nbsp;ip4_get_chksum
<LI><a href="#[10f]">&gt;&gt;</a>&nbsp;&nbsp;&nbsp;net_loop_send_frame
<LI><a href="#[104]">&gt;&gt;</a>&nbsp;&nbsp;&nbsp;net_eth_send_frame
</UL>
<BR>[Called By]<UL><LI><a href="#[109]">&gt;&gt;</a>&nbsp;&nbsp;&nbsp;net_icmp_send_echo
<LI><a href="#[161]">&gt;&gt;</a>&nbsp;&nbsp;&nbsp;tcp_write
<LI><a href="#[da]">&gt;&gt;</a>&nbsp;&nbsp;&nbsp;net_udp_send
<LI><a href="#[100]">&gt;&gt;</a>&nbsp;&nbsp;&nbsp;net_icmp_process
</UL>

<P><STRONG><a name="[10a]"></a>net_ip4_tx_offload</STRONG> (Thumb, 44 bytes, Stack size 16 bytes, net_ip4.o(i.net_ip4_tx_offload))
<BR><BR>[Stack]<UL><LI>Max Depth = 32<LI>Call Chain = net_ip4_tx_offload &rArr; ip4_get_route
</UL>
<BR>[Calls]<UL><LI><a href="#[c0]">&gt;&gt;</a>&nbsp;&nbsp;&nbsp;ip4_get_route
</UL>
<BR>[Called By]<UL><LI><a href="#[109]">&gt;&gt;</a>&nbsp;&nbsp;&nbsp;net_icmp_send_echo
<LI><a href="#[161]">&gt;&gt;</a>&nbsp;&nbsp;&nbsp;tcp_write
<LI><a href="#[da]">&gt;&gt;</a>&nbsp;&nbsp;&nbsp;net_udp_send
</UL>

<P><STRONG><a name="[74]"></a>net_loop_iface_init</STRONG> (Thumb, 20 bytes, Stack size 0 bytes, net_loop.o(i.net_loop_iface_init))
<BR><BR>[Calls]<UL><LI><a href="#[110]">&gt;&gt;</a>&nbsp;&nbsp;&nbsp;net_ip4_init
</UL>
<BR>[Address Reference Count : 1]<UL><LI> net_config.o(.constdata)
</UL>
<P><STRONG><a name="[75]"></a>net_loop_iface_run</STRONG> (Thumb, 94 bytes, Stack size 8 bytes, net_loop.o(i.net_loop_iface_run))
<BR><BR>[Stack]<UL><LI>Max Depth = 232<LI>Call Chain = net_loop_iface_run &rArr; net_tcp_process &rArr; tcp_send_reset &rArr; tcp_write &rArr; net_ip4_send_frame &rArr; net_eth_send_frame &rArr; net_arp_cache_find &rArr; arp_send_request &rArr; net_eth_output &rArr; eth_unlock &rArr; osSemaphoreRelease &rArr; isrSemaphoreRelease &rArr; isr_sem_send &rArr; rt_psq_enq
</UL>
<BR>[Calls]<UL><LI><a href="#[102]">&gt;&gt;</a>&nbsp;&nbsp;&nbsp;net_udp_process
<LI><a href="#[103]">&gt;&gt;</a>&nbsp;&nbsp;&nbsp;net_tcp_process
<LI><a href="#[b3]">&gt;&gt;</a>&nbsp;&nbsp;&nbsp;net_mem_free
<LI><a href="#[ff]">&gt;&gt;</a>&nbsp;&nbsp;&nbsp;net_ip4_chk_frame
<LI><a href="#[100]">&gt;&gt;</a>&nbsp;&nbsp;&nbsp;net_icmp_process
</UL>
<BR>[Address Reference Count : 1]<UL><LI> net_config.o(.constdata)
</UL>
<P><STRONG><a name="[10f]"></a>net_loop_send_frame</STRONG> (Thumb, 66 bytes, Stack size 16 bytes, net_loop.o(i.net_loop_send_frame))
<BR><BR>[Stack]<UL><LI>Max Depth = 32<LI>Call Chain = net_loop_send_frame &rArr; net_mem_alloc
</UL>
<BR>[Calls]<UL><LI><a href="#[d9]">&gt;&gt;</a>&nbsp;&nbsp;&nbsp;__aeabi_memcpy
<LI><a href="#[b1]">&gt;&gt;</a>&nbsp;&nbsp;&nbsp;net_mem_alloc
</UL>
<BR>[Called By]<UL><LI><a href="#[108]">&gt;&gt;</a>&nbsp;&nbsp;&nbsp;net_ip4_send_frame
</UL>

<P><STRONG><a name="[b1]"></a>net_mem_alloc</STRONG> (Thumb, 130 bytes, Stack size 16 bytes, net_mem.o(i.net_mem_alloc))
<BR><BR>[Stack]<UL><LI>Max Depth = 16<LI>Call Chain = net_mem_alloc
</UL>
<BR>[Calls]<UL><LI><a href="#[e8]">&gt;&gt;</a>&nbsp;&nbsp;&nbsp;net_sys_error
<LI><a href="#[d4]">&gt;&gt;</a>&nbsp;&nbsp;&nbsp;mem_unlock
<LI><a href="#[d2]">&gt;&gt;</a>&nbsp;&nbsp;&nbsp;mem_lock
</UL>
<BR>[Called By]<UL><LI><a href="#[109]">&gt;&gt;</a>&nbsp;&nbsp;&nbsp;net_icmp_send_echo
<LI><a href="#[38]">&gt;&gt;</a>&nbsp;&nbsp;&nbsp;nbns_listener
<LI><a href="#[11d]">&gt;&gt;</a>&nbsp;&nbsp;&nbsp;tcp_send_reset
<LI><a href="#[11a]">&gt;&gt;</a>&nbsp;&nbsp;&nbsp;tcp_send_ctrl
<LI><a href="#[d8]">&gt;&gt;</a>&nbsp;&nbsp;&nbsp;net_udp_get_buf
<LI><a href="#[10f]">&gt;&gt;</a>&nbsp;&nbsp;&nbsp;net_loop_send_frame
<LI><a href="#[af]">&gt;&gt;</a>&nbsp;&nbsp;&nbsp;arp_send_request
<LI><a href="#[b0]">&gt;&gt;</a>&nbsp;&nbsp;&nbsp;arp_send_reply
<LI><a href="#[100]">&gt;&gt;</a>&nbsp;&nbsp;&nbsp;net_icmp_process
<LI><a href="#[fe]">&gt;&gt;</a>&nbsp;&nbsp;&nbsp;net_eth_update_filter
<LI><a href="#[ba]">&gt;&gt;</a>&nbsp;&nbsp;&nbsp;eth_receive
</UL>

<P><STRONG><a name="[120]"></a>net_mem_avail</STRONG> (Thumb, 22 bytes, Stack size 0 bytes, net_mem.o(i.net_mem_avail))
<BR><BR>[Called By]<UL><LI><a href="#[7a]">&gt;&gt;</a>&nbsp;&nbsp;&nbsp;net_tcp_socket_run
</UL>

<P><STRONG><a name="[b3]"></a>net_mem_free</STRONG> (Thumb, 100 bytes, Stack size 16 bytes, net_mem.o(i.net_mem_free))
<BR><BR>[Stack]<UL><LI>Max Depth = 16<LI>Call Chain = net_mem_free
</UL>
<BR>[Calls]<UL><LI><a href="#[e8]">&gt;&gt;</a>&nbsp;&nbsp;&nbsp;net_sys_error
<LI><a href="#[d4]">&gt;&gt;</a>&nbsp;&nbsp;&nbsp;mem_unlock
<LI><a href="#[d2]">&gt;&gt;</a>&nbsp;&nbsp;&nbsp;mem_lock
</UL>
<BR>[Called By]<UL><LI><a href="#[75]">&gt;&gt;</a>&nbsp;&nbsp;&nbsp;net_loop_iface_run
<LI><a href="#[73]">&gt;&gt;</a>&nbsp;&nbsp;&nbsp;net_eth_iface_run
<LI><a href="#[109]">&gt;&gt;</a>&nbsp;&nbsp;&nbsp;net_icmp_send_echo
<LI><a href="#[38]">&gt;&gt;</a>&nbsp;&nbsp;&nbsp;nbns_listener
<LI><a href="#[11d]">&gt;&gt;</a>&nbsp;&nbsp;&nbsp;tcp_send_reset
<LI><a href="#[11a]">&gt;&gt;</a>&nbsp;&nbsp;&nbsp;tcp_send_ctrl
<LI><a href="#[122]">&gt;&gt;</a>&nbsp;&nbsp;&nbsp;tcp_que_free
<LI><a href="#[118]">&gt;&gt;</a>&nbsp;&nbsp;&nbsp;tcp_proc_acknr
<LI><a href="#[da]">&gt;&gt;</a>&nbsp;&nbsp;&nbsp;net_udp_send
<LI><a href="#[af]">&gt;&gt;</a>&nbsp;&nbsp;&nbsp;arp_send_request
<LI><a href="#[b0]">&gt;&gt;</a>&nbsp;&nbsp;&nbsp;arp_send_reply
<LI><a href="#[100]">&gt;&gt;</a>&nbsp;&nbsp;&nbsp;net_icmp_process
<LI><a href="#[fe]">&gt;&gt;</a>&nbsp;&nbsp;&nbsp;net_eth_update_filter
</UL>

<P><STRONG><a name="[e5]"></a>net_mem_init</STRONG> (Thumb, 88 bytes, Stack size 16 bytes, net_mem.o(i.net_mem_init))
<BR><BR>[Stack]<UL><LI>Max Depth = 24<LI>Call Chain = net_mem_init &rArr; osMutexCreate &rArr; svcMutexCreate
</UL>
<BR>[Calls]<UL><LI><a href="#[e4]">&gt;&gt;</a>&nbsp;&nbsp;&nbsp;osMutexCreate
</UL>
<BR>[Called By]<UL><LI><a href="#[cf]">&gt;&gt;</a>&nbsp;&nbsp;&nbsp;netInitialize
</UL>

<P><STRONG><a name="[fc]"></a>net_memcrc</STRONG> (Thumb, 32 bytes, Stack size 16 bytes, net_common.o(i.net_memcrc))
<BR><BR>[Stack]<UL><LI>Max Depth = 16<LI>Call Chain = net_memcrc
</UL>
<BR>[Calls]<UL><LI><a href="#[111]">&gt;&gt;</a>&nbsp;&nbsp;&nbsp;get_crc32
</UL>
<BR>[Called By]<UL><LI><a href="#[72]">&gt;&gt;</a>&nbsp;&nbsp;&nbsp;net_eth_iface_init
</UL>

<P><STRONG><a name="[7d]"></a>net_nbns_client_init</STRONG> (Thumb, 36 bytes, Stack size 8 bytes, net_nbns_client.o(i.net_nbns_client_init))
<BR><BR>[Stack]<UL><LI>Max Depth = 32<LI>Call Chain = net_nbns_client_init &rArr; net_udp_open &rArr; udp_port_in_use
</UL>
<BR>[Calls]<UL><LI><a href="#[113]">&gt;&gt;</a>&nbsp;&nbsp;&nbsp;net_udp_open
<LI><a href="#[112]">&gt;&gt;</a>&nbsp;&nbsp;&nbsp;net_udp_get_socket
</UL>
<BR>[Address Reference Count : 1]<UL><LI> net_config.o(.constdata)
</UL>
<P><STRONG><a name="[76]"></a>net_ping_client_init</STRONG> (Thumb, 10 bytes, Stack size 0 bytes, net_ping.o(i.net_ping_client_init))
<BR>[Address Reference Count : 1]<UL><LI> net_config.o(.constdata)
</UL>
<P><STRONG><a name="[77]"></a>net_ping_client_run</STRONG> (Thumb, 56 bytes, Stack size 8 bytes, net_ping.o(i.net_ping_client_run))
[...]
<LI><a href="#[4b]">&gt;&gt;</a>&nbsp;&nbsp;&nbsp;svcTimerCall
<LI><a href="#[43]">&gt;&gt;</a>&nbsp;&nbsp;&nbsp;svcSemaphoreWait
<LI><a href="#[42]">&gt;&gt;</a>&nbsp;&nbsp;&nbsp;svcSemaphoreRelease
<LI><a href="#[40]">&gt;&gt;</a>&nbsp;&nbsp;&nbsp;svcMutexWait
<LI><a href="#[3f]">&gt;&gt;</a>&nbsp;&nbsp;&nbsp;svcMutexRelease
<LI><a href="#[c7]">&gt;&gt;</a>&nbsp;&nbsp;&nbsp;isrSemaphoreRelease
</UL>

<P><STRONG><a name="[152]"></a>rt_ms2tick</STRONG> (Thumb, 58 bytes, Stack size 0 bytes, rt_cmsis.o(i.rt_ms2tick))
<BR><BR>[Called By]<UL><LI><a href="#[46]">&gt;&gt;</a>&nbsp;&nbsp;&nbsp;svcSignalWait
<LI><a href="#[43]">&gt;&gt;</a>&nbsp;&nbsp;&nbsp;svcSemaphoreWait
<LI><a href="#[40]">&gt;&gt;</a>&nbsp;&nbsp;&nbsp;svcMutexWait
<LI><a href="#[3d]">&gt;&gt;</a>&nbsp;&nbsp;&nbsp;svcMessageGet
<LI><a href="#[39]">&gt;&gt;</a>&nbsp;&nbsp;&nbsp;svcDelay
</UL>

<P><STRONG><a name="[cb]"></a>rt_tid2ptcb</STRONG> (Thumb, 18 bytes, Stack size 0 bytes, rt_cmsis.o(i.rt_tid2ptcb))
<BR><BR>[Called By]<UL><LI><a href="#[49]">&gt;&gt;</a>&nbsp;&nbsp;&nbsp;svcThreadTerminate
<LI><a href="#[45]">&gt;&gt;</a>&nbsp;&nbsp;&nbsp;svcSignalSet
<LI><a href="#[44]">&gt;&gt;</a>&nbsp;&nbsp;&nbsp;svcSignalClear
<LI><a href="#[ca]">&gt;&gt;</a>&nbsp;&nbsp;&nbsp;isrSignalSet
</UL>

<P><STRONG><a name="[15f]"></a>rt_timer_insert</STRONG> (Thumb, 48 bytes, Stack size 12 bytes, rt_cmsis.o(i.rt_timer_insert))
<BR><BR>[Stack]<UL><LI>Max Depth = 12<LI>Call Chain = rt_timer_insert
</UL>
<BR>[Called By]<UL><LI><a href="#[14a]">&gt;&gt;</a>&nbsp;&nbsp;&nbsp;sysTimerTick
<LI><a href="#[4d]">&gt;&gt;</a>&nbsp;&nbsp;&nbsp;svcTimerStart
</UL>

<P><STRONG><a name="[15e]"></a>rt_timer_remove</STRONG> (Thumb, 56 bytes, Stack size 0 bytes, rt_cmsis.o(i.rt_timer_remove))
<BR><BR>[Called By]<UL><LI><a href="#[4d]">&gt;&gt;</a>&nbsp;&nbsp;&nbsp;svcTimerStart
</UL>

<P><STRONG><a name="[e3]"></a>eth_check_link</STRONG> (Thumb, 148 bytes, Stack size 16 bytes, net_eth.o(i.eth_check_link))
<BR><BR>[Stack]<UL><LI>Max Depth = 16<LI>Call Chain = eth_check_link
</UL>
<BR>[Called By]<UL><LI><a href="#[71]">&gt;&gt;</a>&nbsp;&nbsp;&nbsp;netETH_Thread
</UL>

<P><STRONG><a name="[b7]"></a>eth_lock</STRONG> (Thumb, 12 bytes, Stack size 0 bytes, net_eth.o(i.eth_lock))
<BR><BR>[Calls]<UL><LI><a href="#[b8]">&gt;&gt;</a>&nbsp;&nbsp;&nbsp;osSemaphoreWait
</UL>
<BR>[Called By]<UL><LI><a href="#[71]">&gt;&gt;</a>&nbsp;&nbsp;&nbsp;netETH_Thread
<LI><a href="#[fe]">&gt;&gt;</a>&nbsp;&nbsp;&nbsp;net_eth_update_filter
<LI><a href="#[b2]">&gt;&gt;</a>&nbsp;&nbsp;&nbsp;net_eth_output
</UL>

<P><STRONG><a name="[105]"></a>eth_make_mcast4</STRONG> (Thumb, 30 bytes, Stack size 0 bytes, net_eth.o(i.eth_make_mcast4))
<BR><BR>[Called By]<UL><LI><a href="#[fe]">&gt;&gt;</a>&nbsp;&nbsp;&nbsp;net_eth_update_filter
<LI><a href="#[104]">&gt;&gt;</a>&nbsp;&nbsp;&nbsp;net_eth_send_frame
</UL>

<P><STRONG><a name="[37]"></a>eth_notify</STRONG> (Thumb, 16 bytes, Stack size 0 bytes, net_eth.o(i.eth_notify))
<BR><BR>[Stack]<UL><LI>Max Depth = 40<LI>Call Chain = eth_notify &rArr; osSignalSet &rArr; isrSignalSet &rArr; isr_evt_set &rArr; rt_psq_enq
</UL>
<BR>[Calls]<UL><LI><a href="#[b9]">&gt;&gt;</a>&nbsp;&nbsp;&nbsp;osSignalSet
</UL>
<BR>[Address Reference Count : 1]<UL><LI> net_eth.o(i.net_eth_iface_init)
</UL>
<P><STRONG><a name="[ba]"></a>eth_receive</STRONG> (Thumb, 128 bytes, Stack size 24 bytes, net_eth.o(i.eth_receive))
<BR><BR>[Stack]<UL><LI>Max Depth = 64<LI>Call Chain = eth_receive &rArr; net_sys_wakeup &rArr; osSignalSet &rArr; isrSignalSet &rArr; isr_evt_set &rArr; rt_psq_enq
</UL>
<BR>[Calls]<UL><LI><a href="#[bb]">&gt;&gt;</a>&nbsp;&nbsp;&nbsp;net_sys_wakeup
<LI><a href="#[b1]">&gt;&gt;</a>&nbsp;&nbsp;&nbsp;net_mem_alloc
</UL>
<BR>[Called By]<UL><LI><a href="#[71]">&gt;&gt;</a>&nbsp;&nbsp;&nbsp;netETH_Thread
</UL>

<P><STRONG><a name="[bc]"></a>eth_unlock</STRONG> (Thumb, 8 bytes, Stack size 0 bytes, net_eth.o(i.eth_unlock))
<BR><BR>[Stack]<UL><LI>Max Depth = 32<LI>Call Chain = eth_unlock &rArr; osSemaphoreRelease &rArr; isrSemaphoreRelease &rArr; isr_sem_send &rArr; rt_psq_enq
</UL>
<BR>[Calls]<UL><LI><a href="#[bd]">&gt;&gt;</a>&nbsp;&nbsp;&nbsp;osSemaphoreRelease
</UL>
<BR>[Called By]<UL><LI><a href="#[71]">&gt;&gt;</a>&nbsp;&nbsp;&nbsp;netETH_Thread
<LI><a href="#[fe]">&gt;&gt;</a>&nbsp;&nbsp;&nbsp;net_eth_update_filter
<LI><a href="#[b2]">&gt;&gt;</a>&nbsp;&nbsp;&nbsp;net_eth_output
</UL>

<P><STRONG><a name="[f4]"></a>arp_cache_alloc</STRONG> (Thumb, 148 bytes, Stack size 20 bytes, net_arp.o(i.arp_cache_alloc))
<BR><BR>[Stack]<UL><LI>Max Depth = 20<LI>Call Chain = arp_cache_alloc
</UL>
<BR>[Called By]<UL><LI><a href="#[f6]">&gt;&gt;</a>&nbsp;&nbsp;&nbsp;net_arp_cache_find
<LI><a href="#[f5]">&gt;&gt;</a>&nbsp;&nbsp;&nbsp;net_arp_cache_early
<LI><a href="#[f2]">&gt;&gt;</a>&nbsp;&nbsp;&nbsp;net_arp_cache_add
</UL>

<P><STRONG><a name="[f3]"></a>arp_is_cacheable</STRONG> (Thumb, 60 bytes, Stack size 0 bytes, net_arp.o(i.arp_is_cacheable))
<BR><BR>[Called By]<UL><LI><a href="#[f5]">&gt;&gt;</a>&nbsp;&nbsp;&nbsp;net_arp_cache_early
<LI><a href="#[f2]">&gt;&gt;</a>&nbsp;&nbsp;&nbsp;net_arp_cache_add
</UL>

<P><STRONG><a name="[ae]"></a>arp_probe_run</STRONG> (Thumb, 58 bytes, Stack size 8 bytes, net_arp.o(i.arp_probe_run))
<BR><BR>[Stack]<UL><LI>Max Depth = 72<LI>Call Chain = arp_probe_run &rArr; arp_send_request &rArr; net_eth_output &rArr; eth_unlock &rArr; osSemaphoreRelease &rArr; isrSemaphoreRelease &rArr; isr_sem_send &rArr; rt_psq_enq
</UL>
<BR>[Calls]<UL><LI><a href="#[af]">&gt;&gt;</a>&nbsp;&nbsp;&nbsp;arp_send_request
</UL>
<BR>[Called By]<UL><LI><a href="#[f9]">&gt;&gt;</a>&nbsp;&nbsp;&nbsp;net_arp_run
</UL>

<P><STRONG><a name="[f8]"></a>arp_proc_response</STRONG> (Thumb, 122 bytes, Stack size 20 bytes, net_arp.o(i.arp_proc_response))
<BR><BR>[Stack]<UL><LI>Max Depth = 20<LI>Call Chain = arp_proc_response
</UL>
<BR>[Called By]<UL><LI><a href="#[f7]">&gt;&gt;</a>&nbsp;&nbsp;&nbsp;net_arp_process
</UL>

<P><STRONG><a name="[b0]"></a>arp_send_reply</STRONG> (Thumb, 130 bytes, Stack size 16 bytes, net_arp.o(i.arp_send_reply))
<BR><BR>[Stack]<UL><LI>Max Depth = 56<LI>Call Chain = arp_send_reply &rArr; net_eth_output &rArr; eth_unlock &rArr; osSemaphoreRelease &rArr; isrSemaphoreRelease &rArr; isr_sem_send &rArr; rt_psq_enq
</UL>
<BR>[Calls]<UL><LI><a href="#[b3]">&gt;&gt;</a>&nbsp;&nbsp;&nbsp;net_mem_free
<LI><a href="#[b1]">&gt;&gt;</a>&nbsp;&nbsp;&nbsp;net_mem_alloc
<LI><a href="#[b2]">&gt;&gt;</a>&nbsp;&nbsp;&nbsp;net_eth_output
</UL>
<BR>[Called By]<UL><LI><a href="#[f7]">&gt;&gt;</a>&nbsp;&nbsp;&nbsp;net_arp_process
</UL>

<P><STRONG><a name="[af]"></a>arp_send_request</STRONG> (Thumb, 168 bytes, Stack size 24 bytes, net_arp.o(i.arp_send_request))
<BR><BR>[Stack]<UL><LI>Max Depth = 64<LI>Call Chain = arp_send_request &rArr; net_eth_output &rArr; eth_unlock &rArr; osSemaphoreRelease &rArr; isrSemaphoreRelease &rArr; isr_sem_send &rArr; rt_psq_enq
</UL>
<BR>[Calls]<UL><LI><a href="#[b3]">&gt;&gt;</a>&nbsp;&nbsp;&nbsp;net_mem_free
<LI><a href="#[b1]">&gt;&gt;</a>&nbsp;&nbsp;&nbsp;net_mem_alloc
<LI><a href="#[b2]">&gt;&gt;</a>&nbsp;&nbsp;&nbsp;net_eth_output
</UL>
<BR>[Called By]<UL><LI><a href="#[7e]">&gt;&gt;</a>&nbsp;&nbsp;&nbsp;net_arp_notify
<LI><a href="#[ae]">&gt;&gt;</a>&nbsp;&nbsp;&nbsp;arp_probe_run
<LI><a href="#[f9]">&gt;&gt;</a>&nbsp;&nbsp;&nbsp;net_arp_run
<LI><a href="#[f6]">&gt;&gt;</a>&nbsp;&nbsp;&nbsp;net_arp_cache_find
<LI><a href="#[f5]">&gt;&gt;</a>&nbsp;&nbsp;&nbsp;net_arp_cache_early
</UL>

<P><STRONG><a name="[123]"></a>udp_port_in_use</STRONG> (Thumb, 40 bytes, Stack size 8 bytes, net_udp.o(i.udp_port_in_use))
<BR><BR>[Stack]<UL><LI>Max Depth = 8<LI>Call Chain = udp_port_in_use
</UL>
<BR>[Called By]<UL><LI><a href="#[113]">&gt;&gt;</a>&nbsp;&nbsp;&nbsp;net_udp_open
</UL>

<P><STRONG><a name="[115]"></a>tcp_map_socket</STRONG> (Thumb, 134 bytes, Stack size 20 bytes, net_tcp.o(i.tcp_map_socket))
<BR><BR>[Stack]<UL><LI>Max Depth = 20<LI>Call Chain = tcp_map_socket
</UL>
<BR>[Called By]<UL><LI><a href="#[103]">&gt;&gt;</a>&nbsp;&nbsp;&nbsp;net_tcp_process
</UL>

<P><STRONG><a name="[11b]"></a>tcp_parse_opt</STRONG> (Thumb, 94 bytes, Stack size 20 bytes, net_tcp.o(i.tcp_parse_opt))
<BR><BR>[Stack]<UL><LI>Max Depth = 20<LI>Call Chain = tcp_parse_opt
</UL>
<BR>[Called By]<UL><LI><a href="#[103]">&gt;&gt;</a>&nbsp;&nbsp;&nbsp;net_tcp_process
</UL>

<P><STRONG><a name="[118]"></a>tcp_proc_acknr</STRONG> (Thumb, 192 bytes, Stack size 16 bytes, net_tcp.o(i.tcp_proc_acknr))
<BR><BR>[Stack]<UL><LI>Max Depth = 32<LI>Call Chain = tcp_proc_acknr &rArr; net_mem_free
</UL>
<BR>[Calls]<UL><LI><a href="#[b3]">&gt;&gt;</a>&nbsp;&nbsp;&nbsp;net_mem_free
</UL>
<BR>[Called By]<UL><LI><a href="#[103]">&gt;&gt;</a>&nbsp;&nbsp;&nbsp;net_tcp_process
</UL>

<P><STRONG><a name="[117]"></a>tcp_proc_dupack</STRONG> (Thumb, 82 bytes, Stack size 0 bytes, net_tcp.o(i.tcp_proc_dupack))
<BR><BR>[Calls]<UL><LI><a href="#[121]">&gt;&gt;</a>&nbsp;&nbsp;&nbsp;tcp_que_init
</UL>
<BR>[Called By]<UL><LI><a href="#[103]">&gt;&gt;</a>&nbsp;&nbsp;&nbsp;net_tcp_process
</UL>

<P><STRONG><a name="[122]"></a>tcp_que_free</STRONG> (Thumb, 26 bytes, Stack size 8 bytes, net_tcp.o(i.tcp_que_free))
<BR><BR>[Stack]<UL><LI>Max Depth = 24<LI>Call Chain = tcp_que_free &rArr; net_mem_free
</UL>
<BR>[Calls]<UL><LI><a href="#[b3]">&gt;&gt;</a>&nbsp;&nbsp;&nbsp;net_mem_free
</UL>
<BR>[Called By]<UL><LI><a href="#[7a]">&gt;&gt;</a>&nbsp;&nbsp;&nbsp;net_tcp_socket_run
<LI><a href="#[119]">&gt;&gt;</a>&nbsp;&nbsp;&nbsp;tcp_transit
</UL>

<P><STRONG><a name="[121]"></a>tcp_que_init</STRONG> (Thumb, 26 bytes, Stack size 0 bytes, net_tcp.o(i.tcp_que_init))
<BR><BR>[Called By]<UL><LI><a href="#[7a]">&gt;&gt;</a>&nbsp;&nbsp;&nbsp;net_tcp_socket_run
<LI><a href="#[117]">&gt;&gt;</a>&nbsp;&nbsp;&nbsp;tcp_proc_dupack
</UL>

<P><STRONG><a name="[11f]"></a>tcp_que_resend</STRONG> (Thumb, 142 bytes, Stack size 24 bytes, net_tcp.o(i.tcp_que_resend))
<BR><BR>[Stack]<UL><LI>Max Depth = 192<LI>Call Chain = tcp_que_resend &rArr; tcp_send_ctrl &rArr; tcp_write &rArr; net_ip4_send_frame &rArr; net_eth_send_frame &rArr; net_arp_cache_find &rArr; arp_send_request &rArr; net_eth_output &rArr; eth_unlock &rArr; osSemaphoreRelease &rArr; isrSemaphoreRelease &rArr; isr_sem_send &rArr; rt_psq_enq
</UL>
<BR>[Calls]<UL><LI><a href="#[160]">&gt;&gt;</a>&nbsp;&nbsp;&nbsp;tcp_send_data
<LI><a href="#[11a]">&gt;&gt;</a>&nbsp;&nbsp;&nbsp;tcp_send_ctrl
</UL>
<BR>[Called By]<UL><LI><a href="#[7a]">&gt;&gt;</a>&nbsp;&nbsp;&nbsp;net_tcp_socket_run
</UL>

<P><STRONG><a name="[11a]"></a>tcp_send_ctrl</STRONG> (Thumb, 118 bytes, Stack size 16 bytes, net_tcp.o(i.tcp_send_ctrl))
<BR><BR>[Stack]<UL><LI>Max Depth = 168<LI>Call Chain = tcp_send_ctrl &rArr; tcp_write &rArr; net_ip4_send_frame &rArr; net_eth_send_frame &rArr; net_arp_cache_find &rArr; arp_send_request &rArr; net_eth_output &rArr; eth_unlock &rArr; osSemaphoreRelease &rArr; isrSemaphoreRelease &rArr; isr_sem_send &rArr; rt_psq_enq
</UL>
<BR>[Calls]<UL><LI><a href="#[161]">&gt;&gt;</a>&nbsp;&nbsp;&nbsp;tcp_write
<LI><a href="#[b3]">&gt;&gt;</a>&nbsp;&nbsp;&nbsp;net_mem_free
<LI><a href="#[b1]">&gt;&gt;</a>&nbsp;&nbsp;&nbsp;net_mem_alloc
</UL>
<BR>[Called By]<UL><LI><a href="#[7a]">&gt;&gt;</a>&nbsp;&nbsp;&nbsp;net_tcp_socket_run
<LI><a href="#[11f]">&gt;&gt;</a>&nbsp;&nbsp;&nbsp;tcp_que_resend
<LI><a href="#[103]">&gt;&gt;</a>&nbsp;&nbsp;&nbsp;net_tcp_process
</UL>

<P><STRONG><a name="[160]"></a>tcp_send_data</STRONG> (Thumb, 92 bytes, Stack size 8 bytes, net_tcp.o(i.tcp_send_data))
<BR><BR>[Stack]<UL><LI>Max Depth = 160<LI>Call Chain = tcp_send_data &rArr; tcp_write &rArr; net_ip4_send_frame &rArr; net_eth_send_frame &rArr; net_arp_cache_find &rArr; arp_send_request &rArr; net_eth_output &rArr; eth_unlock &rArr; osSemaphoreRelease &rArr; isrSemaphoreRelease &rArr; isr_sem_send &rArr; rt_psq_enq
</UL>
<BR>[Calls]<UL><LI><a href="#[161]">&gt;&gt;</a>&nbsp;&nbsp;&nbsp;tcp_write
</UL>
<BR>[Called By]<UL><LI><a href="#[11f]">&gt;&gt;</a>&nbsp;&nbsp;&nbsp;tcp_que_resend
</UL>

<P><STRONG><a name="[11d]"></a>tcp_send_reset</STRONG> (Thumb, 106 bytes, Stack size 24 bytes, net_tcp.o(i.tcp_send_reset))
<BR><BR>[Stack]<UL><LI>Max Depth = 176<LI>Call Chain = tcp_send_reset &rArr; tcp_write &rArr; net_ip4_send_frame &rArr; net_eth_send_frame &rArr; net_arp_cache_find &rArr; arp_send_request &rArr; net_eth_output &rArr; eth_unlock &rArr; osSemaphoreRelease &rArr; isrSemaphoreRelease &rArr; isr_sem_send &rArr; rt_psq_enq
</UL>
<BR>[Calls]<UL><LI><a href="#[161]">&gt;&gt;</a>&nbsp;&nbsp;&nbsp;tcp_write
<LI><a href="#[b3]">&gt;&gt;</a>&nbsp;&nbsp;&nbsp;net_mem_free
<LI><a href="#[b1]">&gt;&gt;</a>&nbsp;&nbsp;&nbsp;net_mem_alloc
</UL>
<BR>[Called By]<UL><LI><a href="#[103]">&gt;&gt;</a>&nbsp;&nbsp;&nbsp;net_tcp_process
</UL>

<P><STRONG><a name="[11e]"></a>tcp_set_cwnd</STRONG> (Thumb, 38 bytes, Stack size 0 bytes, net_tcp.o(i.tcp_set_cwnd))
<BR><BR>[Called By]<UL><LI><a href="#[103]">&gt;&gt;</a>&nbsp;&nbsp;&nbsp;net_tcp_process
</UL>

<P><STRONG><a name="[119]"></a>tcp_transit</STRONG> (Thumb, 100 bytes, Stack size 8 bytes, net_tcp.o(i.tcp_transit))
<BR><BR>[Stack]<UL><LI>Max Depth = 32<LI>Call Chain = tcp_transit &rArr; tcp_que_free &rArr; net_mem_free
</UL>
<BR>[Calls]<UL><LI><a href="#[122]">&gt;&gt;</a>&nbsp;&nbsp;&nbsp;tcp_que_free
</UL>
<BR>[Called By]<UL><LI><a href="#[7a]">&gt;&gt;</a>&nbsp;&nbsp;&nbsp;net_tcp_socket_run
<LI><a href="#[103]">&gt;&gt;</a>&nbsp;&nbsp;&nbsp;net_tcp_process
</UL>

<P><STRONG><a name="[161]"></a>tcp_write</STRONG> (Thumb, 174 bytes, Stack size 24 bytes, net_tcp.o(i.tcp_write))
<BR><BR>[Stack]<UL><LI>Max Depth = 152<LI>Call Chain = tcp_write &rArr; net_ip4_send_frame &rArr; net_eth_send_frame &rArr; net_arp_cache_find &rArr; arp_send_request &rArr; net_eth_output &rArr; eth_unlock &rArr; osSemaphoreRelease &rArr; isrSemaphoreRelease &rArr; isr_sem_send &rArr; rt_psq_enq
</UL>
<BR>[Calls]<UL><LI><a href="#[f1]">&gt;&gt;</a>&nbsp;&nbsp;&nbsp;net_ip4_get_local
<LI><a href="#[10a]">&gt;&gt;</a>&nbsp;&nbsp;&nbsp;net_ip4_tx_offload
<LI><a href="#[108]">&gt;&gt;</a>&nbsp;&nbsp;&nbsp;net_ip4_send_frame
<LI><a href="#[116]">&gt;&gt;</a>&nbsp;&nbsp;&nbsp;net_ip4_checksum
</UL>
<BR>[Called By]<UL><LI><a href="#[11d]">&gt;&gt;</a>&nbsp;&nbsp;&nbsp;tcp_send_reset
<LI><a href="#[160]">&gt;&gt;</a>&nbsp;&nbsp;&nbsp;tcp_send_data
<LI><a href="#[11a]">&gt;&gt;</a>&nbsp;&nbsp;&nbsp;tcp_send_ctrl
</UL>

<P><STRONG><a name="[b4]"></a>bsd_enable</STRONG> (Thumb, 48 bytes, Stack size 16 bytes, net_bsd.o(i.bsd_enable))
<BR><BR>[Stack]<UL><LI>Max Depth = 64<LI>Call Chain = bsd_enable &rArr; net_bsd_resume &rArr; osSignalSet &rArr; isrSignalSet &rArr; isr_evt_set &rArr; rt_psq_enq
</UL>
<BR>[Calls]<UL><LI><a href="#[b6]">&gt;&gt;</a>&nbsp;&nbsp;&nbsp;net_bsd_notify
<LI><a href="#[b5]">&gt;&gt;</a>&nbsp;&nbsp;&nbsp;net_bsd_resume
</UL>
<BR>[Called By]<UL><LI><a href="#[7c]">&gt;&gt;</a>&nbsp;&nbsp;&nbsp;net_bsd_socket_run
</UL>

<P><STRONG><a name="[38]"></a>nbns_listener</STRONG> (Thumb, 334 bytes, Stack size 40 bytes, net_nbns_client.o(i.nbns_listener))
<BR><BR>[Stack]<UL><LI>Max Depth = 200<LI>Call Chain = nbns_listener &rArr; net_udp_send &rArr; net_ip4_send_frame &rArr; net_eth_send_frame &rArr; net_arp_cache_find &rArr; arp_send_request &rArr; net_eth_output &rArr; eth_unlock &rArr; osSemaphoreRelease &rArr; isrSemaphoreRelease &rArr; isr_sem_send &rArr; rt_psq_enq
</UL>
<BR>[Calls]<UL><LI><a href="#[d6]">&gt;&gt;</a>&nbsp;&nbsp;&nbsp;net_strtoupper
<LI><a href="#[d7]">&gt;&gt;</a>&nbsp;&nbsp;&nbsp;memcmp
<LI><a href="#[d9]">&gt;&gt;</a>&nbsp;&nbsp;&nbsp;__aeabi_memcpy
<LI><a href="#[da]">&gt;&gt;</a>&nbsp;&nbsp;&nbsp;net_udp_send
<LI><a href="#[d8]">&gt;&gt;</a>&nbsp;&nbsp;&nbsp;net_udp_get_buf
<LI><a href="#[b3]">&gt;&gt;</a>&nbsp;&nbsp;&nbsp;net_mem_free
<LI><a href="#[b1]">&gt;&gt;</a>&nbsp;&nbsp;&nbsp;net_mem_alloc
</UL>
<BR>[Address Reference Count : 1]<UL><LI> net_nbns_client.o(i.net_nbns_client_init)
</UL>
<P><STRONG><a name="[114]"></a>ping_send_req</STRONG> (Thumb, 12 bytes, Stack size 0 bytes, net_ping.o(i.ping_send_req))
<BR><BR>[Stack]<UL><LI>Max Depth = 144<LI>Call Chain = ping_send_req &rArr; net_icmp_send_echo &rArr; net_ip4_send_frame &rArr; net_eth_send_frame &rArr; net_arp_cache_find &rArr; arp_send_request &rArr; net_eth_output &rArr; eth_unlock &rArr; osSemaphoreRelease &rArr; isrSemaphoreRelease &rArr; isr_sem_send &rArr; rt_psq_enq
</UL>
<BR>[Calls]<UL><LI><a href="#[109]">&gt;&gt;</a>&nbsp;&nbsp;&nbsp;net_icmp_send_echo
</UL>
<BR>[Called By]<UL><LI><a href="#[77]">&gt;&gt;</a>&nbsp;&nbsp;&nbsp;net_ping_client_run
</UL>

<P><STRONG><a name="[7f]"></a>net_sys_tick</STRONG> (Thumb, 16 bytes, Stack size 0 bytes, net_sys.o(i.net_sys_tick))
<BR><BR>[Stack]<UL><LI>Max Depth = 40<LI>Call Chain = net_sys_tick &rArr; net_sys_wakeup &rArr; osSignalSet &rArr; isrSignalSet &rArr; isr_evt_set &rArr; rt_psq_enq
</UL>
<BR>[Calls]<UL><LI><a href="#[bb]">&gt;&gt;</a>&nbsp;&nbsp;&nbsp;net_sys_wakeup
</UL>
<BR>[Address Reference Count : 1]<UL><LI> net_sys.o(.constdata)
</UL>
<P><STRONG><a name="[dc]"></a>sys_proc_tick</STRONG> (Thumb, 72 bytes, Stack size 0 bytes, net_sys.o(i.sys_proc_tick))
<BR><BR>[Calls]<UL><LI><a href="#[11c]">&gt;&gt;</a>&nbsp;&nbsp;&nbsp;net_rand32
</UL>
<BR>[Called By]<UL><LI><a href="#[70]">&gt;&gt;</a>&nbsp;&nbsp;&nbsp;netCore_Thread
</UL>

<P><STRONG><a name="[137]"></a>rt_init_context</STRONG> (Thumb, 66 bytes, Stack size 16 bytes, rt_task.o(i.rt_init_context))
<BR><BR>[Stack]<UL><LI>Max Depth = 32<LI>Call Chain = rt_init_context &rArr; rt_init_stack
</UL>
<BR>[Calls]<UL><LI><a href="#[138]">&gt;&gt;</a>&nbsp;&nbsp;&nbsp;rt_init_stack
<LI><a href="#[2d]">&gt;&gt;</a>&nbsp;&nbsp;&nbsp;rt_alloc_box
</UL>
<BR>[Called By]<UL><LI><a href="#[14b]">&gt;&gt;</a>&nbsp;&nbsp;&nbsp;rt_tsk_create
<LI><a href="#[144]">&gt;&gt;</a>&nbsp;&nbsp;&nbsp;rt_sys_init
</UL>

<P><STRONG><a name="[be]"></a>ip4_get_chksum</STRONG> (Thumb, 10 bytes, Stack size 0 bytes, net_ip4.o(i.ip4_get_chksum))
<BR><BR>[Stack]<UL><LI>Max Depth = 12<LI>Call Chain = ip4_get_chksum &rArr; net_ip4_chksum_buf
</UL>
<BR>[Calls]<UL><LI><a href="#[bf]">&gt;&gt;</a>&nbsp;&nbsp;&nbsp;net_ip4_chksum_buf
</UL>
<BR>[Called By]<UL><LI><a href="#[108]">&gt;&gt;</a>&nbsp;&nbsp;&nbsp;net_ip4_send_frame
<LI><a href="#[ff]">&gt;&gt;</a>&nbsp;&nbsp;&nbsp;net_ip4_chk_frame
</UL>

<P><STRONG><a name="[c0]"></a>ip4_get_route</STRONG> (Thumb, 130 bytes, Stack size 16 bytes, net_ip4.o(i.ip4_get_route))
<BR><BR>[Stack]<UL><LI>Max Depth = 16<LI>Call Chain = ip4_get_route
</UL>
<BR>[Calls]<UL><LI><a href="#[c1]">&gt;&gt;</a>&nbsp;&nbsp;&nbsp;net_addr4_is_subnet
</UL>
<BR>[Called By]<UL><LI><a href="#[f1]">&gt;&gt;</a>&nbsp;&nbsp;&nbsp;net_ip4_get_local
<LI><a href="#[10a]">&gt;&gt;</a>&nbsp;&nbsp;&nbsp;net_ip4_tx_offload
</UL>

<P><STRONG><a name="[d2]"></a>mem_lock</STRONG> (Thumb, 12 bytes, Stack size 0 bytes, net_mem.o(i.mem_lock))
<BR><BR>[Calls]<UL><LI><a href="#[d3]">&gt;&gt;</a>&nbsp;&nbsp;&nbsp;osMutexWait
</UL>
<BR>[Called By]<UL><LI><a href="#[b3]">&gt;&gt;</a>&nbsp;&nbsp;&nbsp;net_mem_free
<LI><a href="#[b1]">&gt;&gt;</a>&nbsp;&nbsp;&nbsp;net_mem_alloc
</UL>

<P><STRONG><a name="[d4]"></a>mem_unlock</STRONG> (Thumb, 8 bytes, Stack size 0 bytes, net_mem.o(i.mem_unlock))
<BR><BR>[Calls]<UL><LI><a href="#[d5]">&gt;&gt;</a>&nbsp;&nbsp;&nbsp;osMutexRelease
</UL>
<BR>[Called By]<UL><LI><a href="#[b3]">&gt;&gt;</a>&nbsp;&nbsp;&nbsp;net_mem_free
<LI><a href="#[b1]">&gt;&gt;</a>&nbsp;&nbsp;&nbsp;net_mem_alloc
</UL>

<P><STRONG><a name="[111]"></a>get_crc32</STRONG> (Thumb, 24 bytes, Stack size 0 bytes, net_common.o(i.get_crc32))
<BR><BR>[Called By]<UL><LI><a href="#[fc]">&gt;&gt;</a>&nbsp;&nbsp;&nbsp;net_memcrc
</UL>

<P><STRONG><a name="[33]"></a>_scanf_char_input</STRONG> (Thumb, 12 bytes, Stack size 0 bytes, scanf_char.o(.text))
<BR>[Address Reference Count : 1]<UL><LI> scanf_char.o(.text)
</UL><P>
<H3>
Undefined Global Symbols
</H3><HR></body></html>
