Component: ARM Compiler 5.06 update 2 (build 183) Tool: armlink [4d35b7]

==============================================================================

Section Cross References

    main.o(i._Z11tcp_cb_funci12netTCP_EventPK8net_addrPKhj) refers to memseta.o(.text) for __aeabi_memclr
    main.o(i._Z11tcp_cb_funci12netTCP_EventPK8net_addrPKhj) refers to main.o(.data) for .data
    main.o(i._Z11tcp_cb_funci12netTCP_EventPK8net_addrPKhj) refers to main.o(.bss) for .bss
    main.o(i._Z12socketListenv) refers to net_tcp.o(i.netTCP_GetSocket) for netTCP_GetSocket
    main.o(i._Z12socketListenv) refers to net_tcp.o(i.netTCP_Listen) for netTCP_Listen
    main.o(i._Z12socketListenv) refers to net_tcp.o(i.netTCP_SetOption) for netTCP_SetOption
    main.o(i._Z12socketListenv) refers to main.o(i._Z11tcp_cb_funci12netTCP_EventPK8net_addrPKhj) for tcp_cb_func(int, netTCP_Event, const net_addr*, const unsigned char*, unsigned)
    main.o(i._Z12socketListenv) refers to main.o(.data) for .data
    main.o(i._Z14ethernetConfigv) refers to net_sys.o(i.netSYS_SetHostName) for netSYS_SetHostName
    main.o(i._Z14ethernetConfigv) refers to net_addr.o(i.netMAC_aton) for netMAC_aton
    main.o(i._Z14ethernetConfigv) refers to net_sys.o(i.netIF_SetOption) for netIF_SetOption
    main.o(i._Z14ethernetConfigv) refers to net_config.o(i.netDHCP_Disable) for netDHCP_Disable
    main.o(i._Z14ethernetConfigv) refers to net_addr.o(i.netIP_aton) for netIP_aton
    main.o(i._Z14ethernetConfigv) refers to main.o(.constdata) for .constdata
    main.o(i._Z14ethernetConfigv) refers to main.o(.data) for .data
    main.o(i._Z15heartBeatThreadPKv) refers to rt_cmsis.o(i.osDelay) for osDelay
    main.o(i._Z15heartBeatThreadPKv) refers to strncmp.o(.text) for strncmp
    main.o(i._Z15heartBeatThreadPKv) refers to main.o(.data) for .data
    main.o(i._Z15heartBeatThreadPKv) refers to main.o(.constdata) for .constdata
    main.o(i._Z15heartBeatThreadPKv) refers to main.o(.bss) for .bss
    main.o(i._Z15uart0Initializev) refers to main.o(i._Z14NVIC_EnableIRQ4IRQn) for NVIC_EnableIRQ(IRQn)
    main.o(i._Z15uart0Initializev) refers to uart_lpc17xx.o(.constdata) for Driver_USART0
    main.o(i._Z15uart0Initializev) refers to main.o(i._Z14USART_callbackj) for USART_callback(unsigned)
    main.o(i._Z15uart1Initializev) refers to main.o(i._Z14NVIC_EnableIRQ4IRQn) for NVIC_EnableIRQ(IRQn)
    main.o(i._Z15uart1Initializev) refers to uart_lpc17xx.o(.constdata) for Driver_USART1
    main.o(i._Z15uart1Initializev) refers to main.o(i._Z14USART_callbackj) for USART_callback(unsigned)
    main.o(i._Z17uart0UnInitializev) refers to uart_lpc17xx.o(.constdata) for Driver_USART0
    main.o(i._Z17uart1UnInitializev) refers to uart_lpc17xx.o(.constdata) for Driver_USART1
    main.o(i._Z18ethernetInitializev) refers to emac_lpc17xx.o(.constdata) for Driver_ETH_MAC0
    main.o(i._Z18ethernetInitializev) refers to main.o(.data) for .data
    main.o(i._Z18ethernetInitializev) refers to phy_lan8720.o(.constdata) for Driver_ETH_PHY0
    main.o(i._Z18ethernetInitializev) refers to main.o(i._Z13ethernetEventj) for ethernetEvent(unsigned)
    main.o(i._Z26ethernet_check_link_statusv) refers to main.o(.data) for .data
    main.o(i.main) refers to system_lpc17xx.o(i.SystemCoreClockUpdate) for SystemCoreClockUpdate
    main.o(i.main) refers to rt_cmsis.o(i.osKernelInitialize) for osKernelInitialize
    main.o(i.main) refers to rt_cmsis.o(i.osDelay) for osDelay
    main.o(i.main) refers to net_sys.o(i.netInitialize) for netInitialize
    main.o(i.main) refers to main.o(i._Z18ethernetInitializev) for ethernetInitialize()
    main.o(i.main) refers to main.o(i._Z13ledInitializev) for ledInitialize()
    main.o(i.main) refers to rt_cmsis.o(i.osThreadCreate) for osThreadCreate
    main.o(i.main) refers to main.o(i._Z12socketListenv) for socketListen()
    main.o(i.main) refers to rt_cmsis.o(i.osKernelStart) for osKernelStart
    main.o(i.main) refers to system_lpc17xx.o(.data) for SystemCoreClock
    main.o(i.main) refers to main.o(.constdata) for .constdata
    main.o(.ARM.exidx) refers to main.o(i._Z14USART_callbackj) for i._Z14USART_callbackj
    main.o(.ARM.exidx) refers to main.o(i._Z15uart0Initializev) for i._Z15uart0Initializev
    main.o(.ARM.exidx) refers to main.o(i._Z17uart0UnInitializev) for i._Z17uart0UnInitializev
    main.o(.ARM.exidx) refers to main.o(i._Z15uart1Initializev) for i._Z15uart1Initializev
    main.o(.ARM.exidx) refers to main.o(i._Z17uart1UnInitializev) for i._Z17uart1UnInitializev
    main.o(.ARM.exidx) refers to main.o(i._Z13ethernetEventj) for i._Z13ethernetEventj
    main.o(.ARM.exidx) refers to main.o(i._Z18ethernetInitializev) for i._Z18ethernetInitializev
    main.o(.ARM.exidx) refers to main.o(i._Z26ethernet_check_link_statusv) for i._Z26ethernet_check_link_statusv
    main.o(.ARM.exidx) refers to main.o(i._Z14ethernetConfigv) for i._Z14ethernetConfigv
    main.o(.ARM.exidx) refers to main.o(i._Z13ledInitializev) for i._Z13ledInitializev
[...]
    udp_scb                                  0x10006c98   Data          60  net_config.o(.bss)
    .bss                                     0x10006cd4   Section      456  net_config.o(.bss)
    tcp_scb                                  0x10006cd4   Data         456  net_config.o(.bss)
    .bss                                     0x10006e9c   Section      132  net_config.o(.bss)
    bsd_scb                                  0x10006e9c   Data         132  net_config.o(.bss)
    .bss                                     0x10006f20   Section      148  net_eth.o(.bss)
    .bss                                     0x10006fb4   Section       16  net_arp.o(.bss)
    arp_control                              0x10006fb4   Data          16  net_arp.o(.bss)
    .bss                                     0x10006fc4   Section       32  net_ping.o(.bss)
    .bss                                     0x10006fe4   Section       48  net_sys.o(.bss)
    .bss                                     0x10007014   Section       24  net_sys.o(.bss)
    .bss                                     0x1000702c   Section       52  rt_task.o(.bss)
    .bss                                     0x10007060   Section       48  rt_list.o(.bss)
    .bss                                     0x10007090   Section       20  net_mem.o(.bss)
    mem_control                              0x10007090   Data          20  net_mem.o(.bss)
    STACK                                    0x100070a8   Section      512  startup_lpc17xx.o(STACK)

    Global Symbols

    Symbol Name                              Value     Ov Type        Size  Object(Section)

    BuildAttributes$$THM_ISAv4$P$D$K$B$S$PE$A:L22UL41UL21$X:L11$S22US41US21$IEEE1$IW$~IW$USESV6$~STKCKD$USESV7$~SHL$OSPACE$ROPI$EBA8$MICROLIB$REQ8$PRES8$EABIv2 0x00000000   Number         0  anon$$obj.o ABSOLUTE
    __ARM_use_no_argv                        0x00000000   Number         0  main.o ABSOLUTE
    __Vectors                                0x00000000   Data           4  startup_lpc17xx.o(RESET)
    _printf_a                                0x00000000   Number         0  stubs.o ABSOLUTE
    _printf_c                                0x00000000   Number         0  stubs.o ABSOLUTE
    _printf_charcount                        0x00000000   Number         0  stubs.o ABSOLUTE
    _printf_d                                0x00000000   Number         0  stubs.o ABSOLUTE
    _printf_e                                0x00000000   Number         0  stubs.o ABSOLUTE
    _printf_f                                0x00000000   Number         0  stubs.o ABSOLUTE
    _printf_flags                            0x00000000   Number         0  stubs.o ABSOLUTE
    _printf_fp_dec                           0x00000000   Number         0  stubs.o ABSOLUTE
    _printf_fp_hex                           0x00000000   Number         0  stubs.o ABSOLUTE
    _printf_g                                0x00000000   Number         0  stubs.o ABSOLUTE
    _printf_i                                0x00000000   Number         0  stubs.o ABSOLUTE
    _printf_int_dec                          0x00000000   Number         0  stubs.o ABSOLUTE
    _printf_l                                0x00000000   Number         0  stubs.o ABSOLUTE
    _printf_lc                               0x00000000   Number         0  stubs.o ABSOLUTE
    _printf_ll                               0x00000000   Number         0  stubs.o ABSOLUTE
    _printf_lld                              0x00000000   Number         0  stubs.o ABSOLUTE
    _printf_lli                              0x00000000   Number         0  stubs.o ABSOLUTE
    _printf_llo                              0x00000000   Number         0  stubs.o ABSOLUTE
    _printf_llu                              0x00000000   Number         0  stubs.o ABSOLUTE
    _printf_llx                              0x00000000   Number         0  stubs.o ABSOLUTE
    _printf_longlong_dec                     0x00000000   Number         0  stubs.o ABSOLUTE
    _printf_longlong_hex                     0x00000000   Number         0  stubs.o ABSOLUTE
    _printf_longlong_oct                     0x00000000   Number         0  stubs.o ABSOLUTE
    _printf_ls                               0x00000000   Number         0  stubs.o ABSOLUTE
    _printf_mbtowc                           0x00000000   Number         0  stubs.o ABSOLUTE
    _printf_n                                0x00000000   Number         0  stubs.o ABSOLUTE
    _printf_o                                0x00000000   Number         0  stubs.o ABSOLUTE
    _printf_p                                0x00000000   Number         0  stubs.o ABSOLUTE
    _printf_percent                          0x00000000   Number         0  stubs.o ABSOLUTE
    _printf_pre_padding                      0x00000000   Number         0  stubs.o ABSOLUTE
    _printf_return_value                     0x00000000   Number         0  stubs.o ABSOLUTE
    _printf_s                                0x00000000   Number         0  stubs.o ABSOLUTE
    _printf_sizespec                         0x00000000   Number         0  stubs.o ABSOLUTE
    _printf_str                              0x00000000   Number         0  stubs.o ABSOLUTE
    _printf_truncate_signed                  0x00000000   Number         0  stubs.o ABSOLUTE
    _printf_truncate_unsigned                0x00000000   Number         0  stubs.o ABSOLUTE
    _printf_u                                0x00000000   Number         0  stubs.o ABSOLUTE
    _printf_wc                               0x00000000   Number         0  stubs.o ABSOLUTE
    _printf_wctomb                           0x00000000   Number         0  stubs.o ABSOLUTE
    _printf_widthprec                        0x00000000   Number         0  stubs.o ABSOLUTE
    _printf_x                                0x00000000   Number         0  stubs.o ABSOLUTE
    __cpp_initialize__aeabi_                  - Undefined Weak Reference
    __cxa_finalize                            - Undefined Weak Reference
    __decompress                              - Undefined Weak Reference
    _clock_init                               - Undefined Weak Reference
    _microlib_exit                            - Undefined Weak Reference
    _scanf_longlong                           - Undefined Weak Reference
    _scanf_real                               - Undefined Weak Reference
    _scanf_string                             - Undefined Weak Reference
    __main                                   0x000000cd   Thumb Code     0  entry.o(.ARM.Collect$$$$00000000)
    _main_stk                                0x000000cd   Thumb Code     0  entry2.o(.ARM.Collect$$$$00000001)
    _main_scatterload                        0x000000d1   Thumb Code     0  entry5.o(.ARM.Collect$$$$00000004)
    __main_after_scatterload                 0x000000d5   Thumb Code     0  entry5.o(.ARM.Collect$$$$00000004)
    __rt_final_cpp                           0x000000d5   Thumb Code     0  entry10a.o(.ARM.Collect$$$$0000000D)
    __rt_final_exit                          0x000000d5   Thumb Code     0  entry11a.o(.ARM.Collect$$$$0000000F)
    _main_clock                              0x000000d5   Thumb Code     0  entry7b.o(.ARM.Collect$$$$00000008)
    _main_cpp_init                           0x000000d5   Thumb Code     0  entry8b.o(.ARM.Collect$$$$0000000A)
    _main_init                               0x000000d5   Thumb Code    18  rtx_conf_cm.o(.ARM.Collect$$$$000000FF)
    rt_set_PSP                               0x000000f1   Thumb Code     6  hal_cm3.o(.emb_text)
    rt_get_PSP                               0x000000f7   Thumb Code     6  hal_cm3.o(.emb_text)
    os_set_env                               0x000000fd   Thumb Code    24  hal_cm3.o(.emb_text)
    _alloc_box                               0x00000119   Thumb Code    28  hal_cm3.o(.emb_text)
    _free_box                                0x00000139   Thumb Code    28  hal_cm3.o(.emb_text)
    SVC_Handler                              0x00000159   Thumb Code   108  hal_cm3.o(.emb_text)
    PendSV_Handler                           0x000001d1   Thumb Code    56  hal_cm3.o(.emb_text)
    SysTick_Handler                          0x0000020d   Thumb Code     8  hal_cm3.o(.emb_text)
    OS_Tick_Handler                          0x00000215   Thumb Code    12  hal_cm3.o(.emb_text)
    Reset_Handler                            0x00000221   Thumb Code     8  startup_lpc17xx.o(.text)
    NMI_Handler                              0x00000229   Thumb Code     2  startup_lpc17xx.o(.text)
    HardFault_Handler                        0x0000022b   Thumb Code     2  startup_lpc17xx.o(.text)
    MemManage_Handler                        0x0000022d   Thumb Code     2  startup_lpc17xx.o(.text)
    BusFault_Handler                         0x0000022f   Thumb Code     2  startup_lpc17xx.o(.text)
    UsageFault_Handler                       0x00000231   Thumb Code     2  startup_lpc17xx.o(.text)
    DebugMon_Handler                         0x00000235   Thumb Code     2  startup_lpc17xx.o(.text)
    ADC_IRQHandler                           0x0000023b   Thumb Code     0  startup_lpc17xx.o(.text)
    BOD_IRQHandler                           0x0000023b   Thumb Code     0  startup_lpc17xx.o(.text)
    CANActivity_IRQHandler                   0x0000023b   Thumb Code     0  startup_lpc17xx.o(.text)
    CAN_IRQHandler                           0x0000023b   Thumb Code     0  startup_lpc17xx.o(.text)
    EINT0_IRQHandler                         0x0000023b   Thumb Code     0  startup_lpc17xx.o(.text)
    EINT1_IRQHandler                         0x0000023b   Thumb Code     0  startup_lpc17xx.o(.text)
    EINT2_IRQHandler                         0x0000023b   Thumb Code     0  startup_lpc17xx.o(.text)
    EINT3_IRQHandler                         0x0000023b   Thumb Code     0  startup_lpc17xx.o(.text)
    I2C0_IRQHandler                          0x0000023b   Thumb Code     0  startup_lpc17xx.o(.text)
    I2C1_IRQHandler                          0x0000023b   Thumb Code     0  startup_lpc17xx.o(.text)
    I2C2_IRQHandler                          0x0000023b   Thumb Code     0  startup_lpc17xx.o(.text)
    I2S_IRQHandler                           0x0000023b   Thumb Code     0  startup_lpc17xx.o(.text)
    MCPWM_IRQHandler                         0x0000023b   Thumb Code     0  startup_lpc17xx.o(.text)
    PLL0_IRQHandler                          0x0000023b   Thumb Code     0  startup_lpc17xx.o(.text)
    PLL1_IRQHandler                          0x0000023b   Thumb Code     0  startup_lpc17xx.o(.text)
    PWM1_IRQHandler                          0x0000023b   Thumb Code     0  startup_lpc17xx.o(.text)
    QEI_IRQHandler                           0x0000023b   Thumb Code     0  startup_lpc17xx.o(.text)
    RIT_IRQHandler                           0x0000023b   Thumb Code     0  startup_lpc17xx.o(.text)
    RTC_IRQHandler                           0x0000023b   Thumb Code     0  startup_lpc17xx.o(.text)
    SPI_IRQHandler                           0x0000023b   Thumb Code     0  startup_lpc17xx.o(.text)
    SSP0_IRQHandler                          0x0000023b   Thumb Code     0  startup_lpc17xx.o(.text)
    SSP1_IRQHandler                          0x0000023b   Thumb Code     0  startup_lpc17xx.o(.text)
    TIMER0_IRQHandler                        0x0000023b   Thumb Code     0  startup_lpc17xx.o(.text)
    TIMER1_IRQHandler                        0x0000023b   Thumb Code     0  startup_lpc17xx.o(.text)
    TIMER2_IRQHandler                        0x0000023b   Thumb Code     0  startup_lpc17xx.o(.text)
    TIMER3_IRQHandler                        0x0000023b   Thumb Code     0  startup_lpc17xx.o(.text)
    UART2_IRQHandler                         0x0000023b   Thumb Code     0  startup_lpc17xx.o(.text)
    UART3_IRQHandler                         0x0000023b   Thumb Code     0  startup_lpc17xx.o(.text)
    USBActivity_IRQHandler                   0x0000023b   Thumb Code     0  startup_lpc17xx.o(.text)
    USB_IRQHandler                           0x0000023b   Thumb Code     0  startup_lpc17xx.o(.text)
    WDT_IRQHandler                           0x0000023b   Thumb Code     0  startup_lpc17xx.o(.text)
    __aeabi_uldivmod                         0x00000245   Thumb Code    98  uldiv.o(.text)
    __aeabi_memcpy                           0x000002a7   Thumb Code    36  memcpya.o(.text)
    __aeabi_memcpy4                          0x000002a7   Thumb Code     0  memcpya.o(.text)
    __aeabi_memcpy8                          0x000002a7   Thumb Code     0  memcpya.o(.text)
    __aeabi_memset                           0x000002cb   Thumb Code    14  memseta.o(.text)
    __aeabi_memset4                          0x000002cb   Thumb Code     0  memseta.o(.text)
    __aeabi_memset8                          0x000002cb   Thumb Code     0  memseta.o(.text)
    __aeabi_memclr                           0x000002d9   Thumb Code     4  memseta.o(.text)
    __aeabi_memclr4                          0x000002d9   Thumb Code     0  memseta.o(.text)
    __aeabi_memclr8                          0x000002d9   Thumb Code     0  memseta.o(.text)
    _memset$wrapper                          0x000002dd   Thumb Code    18  memseta.o(.text)
    isspace                                  0x000002ef   Thumb Code    10  isspace_c.o(.text)
    SVC_Count                                0x000002f8   Data           4  svc_table.o(SVC_TABLE)
    SVC_Table                                0x000002fc   Data           0  svc_table.o(SVC_TABLE)
    memcmp                                   0x00000301   Thumb Code    26  memcmp.o(.text)
    strncmp                                  0x0000031b   Thumb Code    30  strncmp.o(.text)
    __0sscanf                                0x00000339   Thumb Code    48  __0sscanf.o(.text)
    _scanf_int                               0x00000371   Thumb Code   332  _scanf_int.o(.text)
    __RL_RTX_VER                             0x00000481   Number         0  rt_system.o ABSOLUTE
    __aeabi_llsl                             0x000004bd   Thumb Code    30  llshl.o(.text)
    _ll_shift_l                              0x000004bd   Thumb Code     0  llshl.o(.text)
    __aeabi_llsr                             0x000004db   Thumb Code    32  llushr.o(.text)
    _ll_ushift_r                             0x000004db   Thumb Code     0  llushr.o(.text)
    _chval                                   0x000004fb   Thumb Code    28  _chval.o(.text)
    __vfscanf_char                           0x00000525   Thumb Code    20  scanf_char.o(.text)
    _sgetc                                   0x00000541   Thumb Code    30  _sgetc.o(.text)
    _sbackspace                              0x0000055f   Thumb Code    34  _sgetc.o(.text)
    __scatterload                            0x00000581   Thumb Code    28  init.o(.text)
    __scatterload_rt2                        0x00000581   Thumb Code     0  init.o(.text)
    __vfscanf                                0x000005a5   Thumb Code   808  _scanf.o(.text)
    __ctype_lookup                           0x000008d1   Thumb Code    34  ctype_c.o(.text)
    DMA_IRQHandler                           0x00000a4d   Thumb Code    74  gpdma_lpc17xx.o(i.DMA_IRQHandler)
    ENET_IRQHandler                          0x00000aa1   Thumb Code    50  emac_lpc17xx.o(i.ENET_IRQHandler)
    GPIO_PinWrite                            0x00000add   Thumb Code    20  gpio_lpc17xx.o(i.GPIO_PinWrite)
    GPIO_PortRead                            0x00000af5   Thumb Code    10  gpio_lpc17xx.o(i.GPIO_PortRead)
    GPIO_SetDir                              0x00000b05   Thumb Code    26  gpio_lpc17xx.o(i.GPIO_SetDir)
    PIN_Configure                            0x00000f5d   Thumb Code   100  pin_lpc17xx.o(i.PIN_Configure)
    SystemCoreClockUpdate                    0x0000142d   Thumb Code   184  system_lpc17xx.o(i.SystemCoreClockUpdate)
    SystemInit                               0x000014fd   Thumb Code   196  system_lpc17xx.o(i.SystemInit)
    UART0_IRQHandler                         0x000015cd   Thumb Code     6  uart_lpc17xx.o(i.UART0_IRQHandler)
    UART1_IRQHandler                         0x000015d9   Thumb Code     6  uart_lpc17xx.o(i.UART1_IRQHandler)
    USART0_GPDMA_Rx_Event                    0x000015e5   Thumb Code     6  uart_lpc17xx.o(i.USART0_GPDMA_Rx_Event)
    USART0_GPDMA_Tx_Event                    0x000015f1   Thumb Code     6  uart_lpc17xx.o(i.USART0_GPDMA_Tx_Event)
    USART1_GPDMA_Rx_Event                    0x000015fd   Thumb Code     6  uart_lpc17xx.o(i.USART1_GPDMA_Rx_Event)
    USART1_GPDMA_Tx_Event                    0x00001609   Thumb Code     6  uart_lpc17xx.o(i.USART1_GPDMA_Tx_Event)
    tcp_cb_func(int, netTCP_Event, const net_addr*, const unsigned char*, unsigned) 0x000019a5   Thumb Code    62  main.o(i._Z11tcp_cb_funci12netTCP_EventPK8net_addrPKhj)
    socketListen()                           0x000019ed   Thumb Code    60  main.o(i._Z12socketListenv)
    ethernetEvent(unsigned)                  0x00001a31   Thumb Code     2  main.o(i._Z13ethernetEventj)
    ledInitialize()                          0x00001a35   Thumb Code    70  main.o(i._Z13ledInitializev)
    heartBeatThread(const void*)             0x00001a85   Thumb Code   452  main.o(i._Z15heartBeatThreadPKv)
    ethernetInitialize()                     0x00001c59   Thumb Code   144  main.o(i._Z18ethernetInitializev)
    __scatterload_copy                       0x00001cf9   Thumb Code    14  handlers.o(i.__scatterload_copy)
    __scatterload_null                       0x00001d07   Thumb Code     2  handlers.o(i.__scatterload_null)
    __scatterload_zeroinit                   0x00001d09   Thumb Code    14  handlers.o(i.__scatterload_zeroinit)
    _init_box                                0x00001d17   Thumb Code    70  rt_membox.o(i._init_box)
    dbg_init                                 0x00002065   Thumb Code    34  hal_cm.o(i.dbg_init)
    dbg_task_notify                          0x00002095   Thumb Code    32  hal_cm.o(i.dbg_task_notify)
    dbg_task_switch                          0x000020b5   Thumb Code    16  hal_cm.o(i.dbg_task_switch)
    eth_link_notify                          0x00002165   Thumb Code     2  net_legacy.o(i.eth_link_notify)
    isrMessageGet                            0x0000239d   Thumb Code    42  rt_cmsis.o(i.isrMessageGet)
    isrMessagePut                            0x000023c7   Thumb Code    44  rt_cmsis.o(i.isrMessagePut)
    isrSemaphoreRelease                      0x000023f3   Thumb Code    40  rt_cmsis.o(i.isrSemaphoreRelease)
    isrSignalSet                             0x0000241b   Thumb Code    36  rt_cmsis.o(i.isrSignalSet)
    isr_evt_set                              0x00002441   Thumb Code    34  rt_event.o(i.isr_evt_set)
    isr_mbx_receive                          0x00002469   Thumb Code    86  rt_mailbox.o(i.isr_mbx_receive)
    isr_mbx_send                             0x000024bf   Thumb Code    14  rt_mailbox.o(i.isr_mbx_send)
    isr_sem_send                             0x000024cd   Thumb Code    16  rt_semaphore.o(i.isr_sem_send)
    main                                     0x000024dd   Thumb Code   102  main.o(i.main)
    netCore_Thread                           0x000026cd   Thumb Code    76  net_sys.o(i.netCore_Thread)
    netETH_Notify                            0x00002725   Thumb Code    52  net_legacy.o(i.netETH_Notify)
    netETH_Thread                            0x00002759   Thumb Code    56  net_eth.o(i.netETH_Thread)
    netInitialize                            0x00002795   Thumb Code   114  net_sys.o(i.netInitialize)
    netMAC_aton                              0x0000281d   Thumb Code   112  net_addr.o(i.netMAC_aton)
    netTCP_GetSocket                         0x00002899   Thumb Code    24  net_tcp.o(i.netTCP_GetSocket)
    netTCP_Listen                            0x000028b1   Thumb Code    28  net_tcp.o(i.netTCP_Listen)
    netTCP_SetOption                         0x000028cd   Thumb Code    32  net_tcp.o(i.netTCP_SetOption)
    net_addr4_aton                           0x000028ed   Thumb Code    82  net_addr.o(i.net_addr4_aton)
    net_addr4_is_subnet                      0x00002955   Thumb Code    26  net_addr.o(i.net_addr4_is_subnet)
    net_addr_get_local                       0x0000296f   Thumb Code    14  net_addr.o(i.net_addr_get_local)
    net_addr_is_unspec                       0x0000297d   Thumb Code    20  net_addr.o(i.net_addr_is_unspec)
    net_arp_cache_add                        0x00002991   Thumb Code   168  net_arp.o(i.net_arp_cache_add)
    net_arp_cache_early                      0x00002a41   Thumb Code   140  net_arp.o(i.net_arp_cache_early)
    net_arp_cache_find                       0x00002ad5   Thumb Code   164  net_arp.o(i.net_arp_cache_find)
    net_arp_init                             0x00002b85   Thumb Code    46  net_arp.o(i.net_arp_init)
    net_arp_notify                           0x00002bbd   Thumb Code    30  net_arp.o(i.net_arp_notify)
    net_arp_process                          0x00002be9   Thumb Code   314  net_arp.o(i.net_arp_process)
    net_arp_run                              0x00002d31   Thumb Code   232  net_arp.o(i.net_arp_run)
    net_bsd_notify                           0x00002e29   Thumb Code     2  net_bsd.o(i.net_bsd_notify)
    net_bsd_resume                           0x00002e2b   Thumb Code    24  net_bsd.o(i.net_bsd_resume)
    net_bsd_socket_init                      0x00002e45   Thumb Code    14  net_bsd.o(i.net_bsd_socket_init)
    net_bsd_socket_run                       0x00002e59   Thumb Code   114  net_bsd.o(i.net_bsd_socket_run)
    net_eth_iface_init                       0x00002ed5   Thumb Code   408  net_eth.o(i.net_eth_iface_init)
    net_eth_iface_run                        0x00003081   Thumb Code   268  net_eth.o(i.net_eth_iface_run)
    net_eth_is_my_addr                       0x0000319d   Thumb Code    28  net_eth.o(i.net_eth_is_my_addr)
    net_eth_output                           0x000031bd   Thumb Code    30  net_eth.o(i.net_eth_output)
    net_eth_send_frame                       0x000031e1   Thumb Code   140  net_eth.o(i.net_eth_send_frame)
    net_eth_update_filter                    0x0000327d   Thumb Code   170  net_eth.o(i.net_eth_update_filter)
    net_icmp_process                         0x00003331   Thumb Code   206  net_icmp.o(i.net_icmp_process)
    net_icmp_send_echo                       0x0000340d   Thumb Code   116  net_icmp.o(i.net_icmp_send_echo)
    net_igmp_collect_addr                    0x00003489   Thumb Code     4  net_config.o(i.net_igmp_collect_addr)
    net_igmp_is_member                       0x0000348d   Thumb Code     4  net_config.o(i.net_igmp_is_member)
    net_igmp_process                         0x00003491   Thumb Code     2  net_config.o(i.net_igmp_process)
    net_ip4_checksum                         0x00003493   Thumb Code    76  net_ip4.o(i.net_ip4_checksum)
    net_ip4_chk_frame                        0x000034e1   Thumb Code   192  net_ip4.o(i.net_ip4_chk_frame)
    net_ip4_chksum_buf                       0x000035ad   Thumb Code    50  net_ip4.o(i.net_ip4_chksum_buf)
    net_ip4_get_local                        0x000035e1   Thumb Code    52  net_ip4.o(i.net_ip4_get_local)
    net_ip4_init                             0x00003621   Thumb Code    12  net_ip4.o(i.net_ip4_init)
    net_ip4_is_subcast                       0x00003631   Thumb Code    38  net_ip4.o(i.net_ip4_is_subcast)
    net_ip4_send_frame                       0x0000365d   Thumb Code   266  net_ip4.o(i.net_ip4_send_frame)
    net_ip4_tx_offload                       0x00003771   Thumb Code    44  net_ip4.o(i.net_ip4_tx_offload)
    net_loop_iface_init                      0x000037a5   Thumb Code    20  net_loop.o(i.net_loop_iface_init)
    net_loop_iface_run                       0x000037c1   Thumb Code    94  net_loop.o(i.net_loop_iface_run)
    net_loop_send_frame                      0x00003829   Thumb Code    66  net_loop.o(i.net_loop_send_frame)
    net_mem_alloc                            0x00003871   Thumb Code   130  net_mem.o(i.net_mem_alloc)
    net_mem_avail                            0x000038fd   Thumb Code    22  net_mem.o(i.net_mem_avail)
    net_mem_free                             0x00003919   Thumb Code   100  net_mem.o(i.net_mem_free)
    net_mem_init                             0x00003985   Thumb Code    88  net_mem.o(i.net_mem_init)
    net_memcrc                               0x000039e5   Thumb Code    32  net_common.o(i.net_memcrc)
    net_nbns_client_init                     0x00003a05   Thumb Code    36  net_nbns_client.o(i.net_nbns_client_init)
    net_ping_client_init                     0x00003a31   Thumb Code    10  net_ping.o(i.net_ping_client_init)
    net_ping_client_run                      0x00003a41   Thumb Code    56  net_ping.o(i.net_ping_client_run)
    net_ppp_send_frame                       0x00003a81   Thumb Code     4  net_config.o(i.net_ppp_send_frame)
    net_rand32                               0x00003a85   Thumb Code    18  net_sys.o(i.net_rand32)
    net_slip_send_frame                      0x00003aa1   Thumb Code     4  net_config.o(i.net_slip_send_frame)
    net_strcpy                               0x00003aa5   Thumb Code    18  net_common.o(i.net_strcpy)
    net_strtoupper                           0x00003ab7   Thumb Code    26  net_common.o(i.net_strtoupper)
    net_sys_error                            0x00003ad1   Thumb Code     2  net_config.o(i.net_sys_error)
    net_sys_lock                             0x00003ad5   Thumb Code    12  net_sys.o(i.net_sys_lock)
    net_sys_unlock                           0x00003af9   Thumb Code     8  net_sys.o(i.net_sys_unlock)
    net_sys_wakeup                           0x00003b05   Thumb Code    24  net_sys.o(i.net_sys_wakeup)
    net_tcp_get_socket                       0x00003b25   Thumb Code    68  net_tcp.o(i.net_tcp_get_socket)
    net_tcp_get_state                        0x00003b6d   Thumb Code    40  net_tcp.o(i.net_tcp_get_state)
    net_tcp_listen                           0x00003b99   Thumb Code   110  net_tcp.o(i.net_tcp_listen)
    net_tcp_process                          0x00003c0d   Thumb Code  1212  net_tcp.o(i.net_tcp_process)
    net_tcp_set_option                       0x000040c9   Thumb Code   148  net_tcp.o(i.net_tcp_set_option)
    net_tcp_socket_init                      0x00004161   Thumb Code    14  net_tcp.o(i.net_tcp_socket_init)
    net_tcp_socket_run                       0x00004175   Thumb Code   652  net_tcp.o(i.net_tcp_socket_run)
    net_udp_get_buf                          0x0000440d   Thumb Code    30  net_udp.o(i.net_udp_get_buf)
    net_udp_get_socket                       0x0000442d   Thumb Code    70  net_udp.o(i.net_udp_get_socket)
    net_udp_open                             0x00004479   Thumb Code    98  net_udp.o(i.net_udp_open)
    net_udp_process                          0x000044e5   Thumb Code   170  net_udp.o(i.net_udp_process)
    net_udp_send                             0x0000459d   Thumb Code   298  net_udp.o(i.net_udp_send)
    net_udp_socket_init                      0x000046cd   Thumb Code    16  net_udp.o(i.net_udp_socket_init)
    osDelay                                  0x000046e1   Thumb Code    18  rt_cmsis.o(i.osDelay)
    osKernelInitialize                       0x000046f9   Thumb Code    30  rt_cmsis.o(i.osKernelInitialize)
    osKernelStart                            0x0000471d   Thumb Code    98  rt_cmsis.o(i.osKernelStart)
    osKernelSysTick                          0x00004789   Thumb Code    18  rt_cmsis.o(i.osKernelSysTick)
    osMessageGet                             0x000047a1   Thumb Code    18  rt_cmsis.o(i.osMessageGet)
    osMutexCreate                            0x000047b9   Thumb Code    38  rt_cmsis.o(i.osMutexCreate)
    osMutexRelease                           0x000047e9   Thumb Code    18  rt_cmsis.o(i.osMutexRelease)
    osMutexWait                              0x00004801   Thumb Code    18  rt_cmsis.o(i.osMutexWait)
    osSemaphoreCreate                        0x00004819   Thumb Code    38  rt_cmsis.o(i.osSemaphoreCreate)
    osSemaphoreRelease                       0x00004849   Thumb Code    18  rt_cmsis.o(i.osSemaphoreRelease)
    osSemaphoreWait                          0x00004861   Thumb Code    20  rt_cmsis.o(i.osSemaphoreWait)
    osSignalClear                            0x00004879   Thumb Code    20  rt_cmsis.o(i.osSignalClear)
    osSignalSet                              0x00004891   Thumb Code    18  rt_cmsis.o(i.osSignalSet)
    osSignalWait                             0x000048a9   Thumb Code    18  rt_cmsis.o(i.osSignalWait)
    osThreadCreate                           0x000048c1   Thumb Code    38  rt_cmsis.o(i.osThreadCreate)
    osThreadExit                             0x000048f1   Thumb Code    14  rt_cmsis.o(i.osThreadExit)
    osThreadYield                            0x00004909   Thumb Code    18  rt_cmsis.o(i.osThreadYield)
    osTimerCall                              0x00004921   Thumb Code     8  rt_cmsis.o(i.osTimerCall)
    osTimerCreate                            0x0000492d   Thumb Code    44  rt_cmsis.o(i.osTimerCreate)
    osTimerStart                             0x00004961   Thumb Code    18  rt_cmsis.o(i.osTimerStart)
    osTimerThread                            0x00004979   Thumb Code    38  rt_cmsis.o(i.osTimerThread)
    os_error                                 0x000049a5   Thumb Code     2  rtx_conf_cm.o(i.os_error)
    os_idle_demon                            0x000049a7   Thumb Code     2  rtx_conf_cm.o(i.os_idle_demon)
    os_tick_init                             0x000049a9   Thumb Code    32  rt_system.o(i.os_tick_init)
    os_tick_irqack                           0x000049d1   Thumb Code     2  rt_system.o(i.os_tick_irqack)
    os_tick_ovf                              0x000049d5   Thumb Code    10  rt_system.o(i.os_tick_ovf)
    os_tick_val                              0x000049e5   Thumb Code    14  rt_system.o(i.os_tick_val)
    rt_alloc_box                             0x00004a45   Thumb Code    26  rt_membox.o(i.rt_alloc_box)
    rt_alloc_mem                             0x00004a5f   Thumb Code    62  rt_memory.o(i.rt_alloc_mem)
    rt_block                                 0x00004a9d   Thumb Code    48  rt_task.o(i.rt_block)
    rt_chk_robin                             0x00004ad5   Thumb Code    60  rt_robin.o(i.rt_chk_robin)
    rt_dec_dly                               0x00004b1d   Thumb Code   102  rt_list.o(i.rt_dec_dly)
    rt_dispatch                              0x00004b8d   Thumb Code    60  rt_task.o(i.rt_dispatch)
    rt_dly_wait                              0x00004bd1   Thumb Code     6  rt_time.o(i.rt_dly_wait)
    rt_evt_clr                               0x00004bd9   Thumb Code    22  rt_event.o(i.rt_evt_clr)
    rt_evt_psh                               0x00004bf5   Thumb Code    76  rt_event.o(i.rt_evt_psh)
    rt_evt_set                               0x00004c45   Thumb Code    88  rt_event.o(i.rt_evt_set)
    rt_evt_wait                              0x00004ca1   Thumb Code    56  rt_event.o(i.rt_evt_wait)
    rt_free_box                              0x00004cdd   Thumb Code    44  rt_membox.o(i.rt_free_box)
    rt_free_mem                              0x00004d09   Thumb Code    40  rt_memory.o(i.rt_free_mem)
    rt_get_first                             0x00004d31   Thumb Code    40  rt_list.o(i.rt_get_first)
    rt_get_same_rdy_prio                     0x00004d59   Thumb Code    26  rt_list.o(i.rt_get_same_rdy_prio)
    rt_init_mem                              0x00004dcd   Thumb Code    26  rt_memory.o(i.rt_init_mem)
    rt_init_robin                            0x00004de9   Thumb Code    14  rt_robin.o(i.rt_init_robin)
    rt_init_stack                            0x00004e01   Thumb Code   118  hal_cm.o(i.rt_init_stack)
    rt_mbx_check                             0x00004e81   Thumb Code     8  rt_mailbox.o(i.rt_mbx_check)
    rt_mbx_init                              0x00004e89   Thumb Code    26  rt_mailbox.o(i.rt_mbx_init)
    rt_mbx_psh                               0x00004ea5   Thumb Code   236  rt_mailbox.o(i.rt_mbx_psh)
    rt_mbx_wait                              0x00004f95   Thumb Code   174  rt_mailbox.o(i.rt_mbx_wait)
    rt_mut_init                              0x0000508d   Thumb Code    16  rt_mutex.o(i.rt_mut_init)
    rt_mut_release                           0x0000509d   Thumb Code   208  rt_mutex.o(i.rt_mut_release)
    rt_mut_wait                              0x00005175   Thumb Code   100  rt_mutex.o(i.rt_mut_wait)
    rt_pop_req                               0x000051dd   Thumb Code   112  rt_system.o(i.rt_pop_req)
    rt_psh_req                               0x00005259   Thumb Code    22  rt_system.o(i.rt_psh_req)
    rt_psq_enq                               0x00005279   Thumb Code    88  rt_list.o(i.rt_psq_enq)
    rt_put_dly                               0x000052d5   Thumb Code    68  rt_list.o(i.rt_put_dly)
    rt_put_prio                              0x0000531d   Thumb Code    54  rt_list.o(i.rt_put_prio)
    rt_put_rdy_first                         0x00005355   Thumb Code    14  rt_list.o(i.rt_put_rdy_first)
    rt_resort_prio                           0x00005369   Thumb Code    46  rt_list.o(i.rt_resort_prio)
    rt_ret_val                               0x0000539d   Thumb Code     6  hal_cm.o(i.rt_ret_val)
    rt_ret_val2                              0x000053a3   Thumb Code     8  hal_cm.o(i.rt_ret_val2)
    rt_rmv_dly                               0x000053ab   Thumb Code    40  rt_list.o(i.rt_rmv_dly)
    rt_rmv_list                              0x000053d5   Thumb Code    44  rt_list.o(i.rt_rmv_list)
    rt_sem_init                              0x00005405   Thumb Code    12  rt_semaphore.o(i.rt_sem_init)
    rt_sem_psh                               0x00005411   Thumb Code    48  rt_semaphore.o(i.rt_sem_psh)
    rt_sem_send                              0x00005445   Thumb Code    42  rt_semaphore.o(i.rt_sem_send)
    rt_sem_wait                              0x00005471   Thumb Code    58  rt_semaphore.o(i.rt_sem_wait)
    rt_stk_check                             0x000054b1   Thumb Code    28  rt_system.o(i.rt_stk_check)
    rt_switch_req                            0x000054d5   Thumb Code    30  rt_task.o(i.rt_switch_req)
    rt_sys_init                              0x000054fd   Thumb Code   138  rt_task.o(i.rt_sys_init)
    rt_sys_start                             0x000055c9   Thumb Code   110  rt_task.o(i.rt_sys_start)
    rt_systick                               0x00005641   Thumb Code    50  rt_system.o(i.rt_systick)
    rt_tsk_create                            0x00005705   Thumb Code   118  rt_task.o(i.rt_tsk_create)
    rt_tsk_delete                            0x0000578d   Thumb Code   352  rt_task.o(i.rt_tsk_delete)
    rt_tsk_pass                              0x00005909   Thumb Code    38  rt_task.o(i.rt_tsk_pass)
    rt_tsk_prio                              0x00005939   Thumb Code   108  rt_task.o(i.rt_tsk_prio)
    rt_tsk_self                              0x000059b5   Thumb Code    12  rt_task.o(i.rt_tsk_self)
    svcDelay                                 0x000059c5   Thumb Code    18  rt_cmsis.o(i.svcDelay)
    svcKernelInitialize                      0x000059d9   Thumb Code    80  rt_cmsis.o(i.svcKernelInitialize)
    svcKernelStart                           0x00005a49   Thumb Code    62  rt_cmsis.o(i.svcKernelStart)
    svcKernelSysTick                         0x00005a91   Thumb Code    46  rt_cmsis.o(i.svcKernelSysTick)
    svcMessageCreate                         0x00005ac9   Thumb Code    36  rt_cmsis.o(i.svcMessageCreate)
    svcMessageGet                            0x00005aed   Thumb Code    58  rt_cmsis.o(i.svcMessageGet)
    svcMutexCreate                           0x00005b27   Thumb Code    28  rt_cmsis.o(i.svcMutexCreate)
    svcMutexRelease                          0x00005b43   Thumb Code    34  rt_cmsis.o(i.svcMutexRelease)
    svcMutexWait                             0x00005b65   Thumb Code    54  rt_cmsis.o(i.svcMutexWait)
    svcSemaphoreCreate                       0x00005b9b   Thumb Code    36  rt_cmsis.o(i.svcSemaphoreCreate)
    svcSemaphoreRelease                      0x00005bbf   Thumb Code    40  rt_cmsis.o(i.svcSemaphoreRelease)
    svcSemaphoreWait                         0x00005be7   Thumb Code    50  rt_cmsis.o(i.svcSemaphoreWait)
    svcSignalClear                           0x00005c19   Thumb Code    36  rt_cmsis.o(i.svcSignalClear)
    svcSignalSet                             0x00005c3d   Thumb Code    36  rt_cmsis.o(i.svcSignalSet)
    svcSignalWait                            0x00005c61   Thumb Code    80  rt_cmsis.o(i.svcSignalWait)
    svcThreadCreate                          0x00005cb5   Thumb Code   100  rt_cmsis.o(i.svcThreadCreate)
    svcThreadGetId                           0x00005d25   Thumb Code    22  rt_cmsis.o(i.svcThreadGetId)
    svcThreadTerminate                       0x00005d41   Thumb Code    50  rt_cmsis.o(i.svcThreadTerminate)
    svcThreadYield                           0x00005d79   Thumb Code    10  rt_cmsis.o(i.svcThreadYield)
    svcTimerCall                             0x00005d83   Thumb Code    24  rt_cmsis.o(i.svcTimerCall)
    svcTimerCreate                           0x00005d9d   Thumb Code    52  rt_cmsis.o(i.svcTimerCreate)
    svcTimerStart                            0x00005dd5   Thumb Code    96  rt_cmsis.o(i.svcTimerStart)
    sysTimerTick                             0x00005e39   Thumb Code    84  rt_cmsis.o(i.sysTimerTick)
    os_maxtaskrun                            0x00006544   Data           2  rtx_conf_cm.o(.constdata)
    os_stackinfo                             0x00006548   Data           4  rtx_conf_cm.o(.constdata)
    os_rrobin                                0x0000654c   Data           4  rtx_conf_cm.o(.constdata)
    os_tickus_i                              0x00006550   Data           2  rtx_conf_cm.o(.constdata)
    os_tickus_f                              0x00006552   Data           2  rtx_conf_cm.o(.constdata)
    os_trv                                   0x00006554   Data           4  rtx_conf_cm.o(.constdata)
    os_flags                                 0x00006558   Data           1  rtx_conf_cm.o(.constdata)
    CMSIS_RTOS_API_Version                   0x0000655c   Data           4  rtx_conf_cm.o(.constdata)
    CMSIS_RTOS_RTX_Version                   0x00006560   Data           4  rtx_conf_cm.o(.constdata)
    os_clockrate                             0x00006564   Data           4  rtx_conf_cm.o(.constdata)
    os_timernum                              0x00006568   Data           4  rtx_conf_cm.o(.constdata)
    os_thread_def_main                       0x0000656c   Data          16  rtx_conf_cm.o(.constdata)
    mp_tcb_size                              0x0000657c   Data           2  rtx_conf_cm.o(.constdata)
    mp_stk_size                              0x00006580   Data           4  rtx_conf_cm.o(.constdata)
    os_stack_sz                              0x00006584   Data           4  rtx_conf_cm.o(.constdata)
    os_fifo_size                             0x00006588   Data           1  rtx_conf_cm.o(.constdata)
    os_thread_def_osTimerThread              0x0000658c   Data          16  rtx_conf_cm.o(.constdata)
    os_messageQ_def_osTimerMessageQ          0x0000659c   Data           8  rtx_conf_cm.o(.constdata)
    mp_tmr_size                              0x000065a4   Data           2  rtx_conf_cm.o(.constdata)
    Driver_ETH_MAC0                          0x000065b0   Data          68  emac_lpc17xx.o(.constdata)
    Driver_ETH_PHY0                          0x00006804   Data          32  phy_lan8720.o(.constdata)
    os_mutex_def_net_lock                    0x00006834   Data           4  net_config.o(.constdata)
    os_mutex_def_mem_lock                    0x00006838   Data           4  net_config.o(.constdata)
    net_sys_config                           0x0000683c   Data          32  net_config.o(.constdata)
    os_semaphore_def_eth0_lock               0x0000686c   Data           4  net_config.o(.constdata)
    net_eth0_config                          0x000068a0   Data          32  net_config.o(.constdata)
    net_localm                               0x000068c0   Data          12  net_config.o(.constdata)
    net_udp_config                           0x000068cc   Data           8  net_config.o(.constdata)
    net_tcp_config                           0x000068d4   Data          20  net_config.o(.constdata)
    net_bsd_config                           0x000068e8   Data           8  net_config.o(.constdata)
    net_sys_func                             0x000068f0   Data          72  net_config.o(.constdata)
    net_mac_bcast                            0x00006938   Data           6  net_eth.o(.constdata)
    net_ping_payload                         0x00006946   Data          18  net_ping.o(.constdata)
    os_timer_def_net_tick                    0x00006958   Data           8  net_sys.o(.constdata)
    net_addr_null                            0x00006960   Data          16  net_addr.o(.constdata)
    net_addr4_bcast                          0x00006970   Data           4  net_ip4.o(.constdata)
    net_addr4_loopback                       0x00006974   Data           4  net_ip4.o(.constdata)
    __ctype_categories                       0x00006978   Data          64  ctype_c.o(.constdata)
    Region$$Table$$Base                      0x00006a0c   Number         0  anon$$obj.o(Region$$Table)
    Region$$Table$$Limit                     0x00006a2c   Number         0  anon$$obj.o(Region$$Table)
    __MW_NET_VER                             0x07010000   Number         0  net_version.o ABSOLUTE
    DHCP_enabled                             0x10000000   Data           1  main.o(.data)
    ethernetDataFlag                         0x10000001   Data           1  main.o(.data)
    tcp_sock                                 0x10000010   Data           4  main.o(.data)
    m_tmr                                    0x1000001c   Data           4  rtx_conf_cm.o(.data)
    osThreadId_osTimerThread                 0x10000020   Data           4  rtx_conf_cm.o(.data)
    osMessageQId_osTimerMessageQ             0x10000024   Data           4  rtx_conf_cm.o(.data)
    iap_entry                                0x10000028   Data           4  emac_lpc17xx.o(.data)
    SystemCoreClock                          0x10000050   Data           4  system_lpc17xx.o(.data)
    os_initialized                           0x10000064   Data           1  rt_cmsis.o(.data)
    os_running                               0x10000065   Data           1  rt_cmsis.o(.data)
    os_timer_head                            0x10000068   Data           4  rt_cmsis.o(.data)
    os_tsk                                   0x10000090   Data           8  rt_task.o(.data)
    os_tick_irqn                             0x1000009c   Data           4  rt_system.o(.data)
    os_time                                  0x100000a0   Data           4  rt_time.o(.data)
    dbg_msg                                  0x100000a4   Data           1  hal_cm.o(.data)
    os_robin                                 0x100000b0   Data           8  rt_robin.o(.data)
    tempwhat                                 0x100000b8   Data          32  main.o(.bss)
    os_messageQ_q_osTimerMessageQ            0x100000d8   Data          32  rtx_conf_cm.o(.bss)
    mp_tcb                                   0x100000f8   Data         376  rtx_conf_cm.o(.bss)
    mp_stk                                   0x10000270   Data        1200  rtx_conf_cm.o(.bss)
    os_stack_mem                             0x10000720   Data        2584  rtx_conf_cm.o(.bss)
    os_fifo                                  0x10001138   Data         132  rtx_conf_cm.o(.bss)
    os_active_TCB                            0x100011bc   Data          28  rtx_conf_cm.o(.bss)
    net_eth_control                          0x10006f20   Data         148  net_eth.o(.bss)
    net_ping_control                         0x10006fc4   Data          32  net_ping.o(.bss)
    net_sys_control                          0x10006fe4   Data          48  net_sys.o(.bss)
    os_timer_cb_net_tick                     0x10007014   Data          24  net_sys.o(.bss)
    os_idle_TCB                              0x1000702c   Data          52  rt_task.o(.bss)
    os_rdy                                   0x10007060   Data          24  rt_list.o(.bss)
    os_dly                                   0x10007078   Data          24  rt_list.o(.bss)
    __initial_sp                             0x100072a8   Data           0  startup_lpc17xx.o(STACK)



==============================================================================

Memory Map of the image

  Image Entry point : 0x000000cd

  Load Region LR_IROM1 (Base: 0x00000000, Size: 0x00006ae4, Max: 0x00080000, ABSOLUTE)

    Execution Region ER_IROM1 (Base: 0x00000000, Size: 0x00006a2c, Max: 0x00080000, ABSOLUTE)

    Base Addr    Size         Type   Attr      Idx    E Section Name        Object

    0x00000000   0x000000cc   Data   RO         1096    RESET               startup_lpc17xx.o
    0x000000cc   0x00000000   Code   RO         3148  * .ARM.Collect$$$$00000000  mc_w.l(entry.o)
    0x000000cc   0x00000004   Code   RO         3430    .ARM.Collect$$$$00000001  mc_w.l(entry2.o)
    0x000000d0   0x00000004   Code   RO         3433    .ARM.Collect$$$$00000004  mc_w.l(entry5.o)
    0x000000d4   0x00000000   Code   RO         3435    .ARM.Collect$$$$00000008  mc_w.l(entry7b.o)
    0x000000d4   0x00000000   Code   RO         3437    .ARM.Collect$$$$0000000A  mc_w.l(entry8b.o)
    0x000000d4   0x00000000   Code   RO         3438    .ARM.Collect$$$$0000000D  mc_w.l(entry10a.o)
    0x000000d4   0x00000000   Code   RO         3440    .ARM.Collect$$$$0000000F  mc_w.l(entry11a.o)
    0x000000d4   0x00000018   Code   RO          287    .ARM.Collect$$$$000000FF  rtx_conf_cm.o
    0x000000ec   0x00000004   Code   RO         3431    .ARM.Collect$$$$00002712  mc_w.l(entry2.o)
    0x000000f0   0x00000130   Code   RO         3135    .emb_text           RTX_CM3.lib(hal_cm3.o)
    0x00000220   0x00000024   Code   RO         1098    .text               startup_lpc17xx.o
    0x00000244   0x00000062   Code   RO         3151    .text               mc_w.l(uldiv.o)
    0x000002a6   0x00000024   Code   RO         3153    .text               mc_w.l(memcpya.o)
    0x000002ca   0x00000024   Code   RO         3155    .text               mc_w.l(memseta.o)
    0x000002ee   0x0000000a   Code   RO         3473    .text               mc_w.l(isspace_c.o)
    0x000002f8   0x00000004   Code   RO         3145    SVC_TABLE           RTX_CM3.lib(svc_table.o)
    0x000002fc   0x00000004   Code   RO         1097    .ARM.__at_0x02FC    startup_lpc17xx.o
    0x00000300   0x0000001a   Code   RO         3159    .text               mc_w.l(memcmp.o)
    0x0000031a   0x0000001e   Code   RO         3161    .text               mc_w.l(strncmp.o)
    0x00000338   0x00000038   Code   RO         3426    .text               mc_w.l(__0sscanf.o)
    0x00000370   0x0000014c   Code   RO         3428    .text               mc_w.l(_scanf_int.o)
    0x000004bc   0x0000001e   Code   RO         3447    .text               mc_w.l(llshl.o)
    0x000004da   0x00000020   Code   RO         3449    .text               mc_w.l(llushr.o)
    0x000004fa   0x0000001c   Code   RO         3451    .text               mc_w.l(_chval.o)
    0x00000516   0x00000002   PAD
    0x00000518   0x00000028   Code   RO         3453    .text               mc_w.l(scanf_char.o)
    0x00000540   0x00000040   Code   RO         3455    .text               mc_w.l(_sgetc.o)
    0x00000580   0x00000024   Code   RO         3468    .text               mc_w.l(init.o)
    0x000005a4   0x0000032c   Code   RO         3475    .text               mc_w.l(_scanf.o)
    0x000008d0   0x00000028   Code   RO         3480    .text               mc_w.l(ctype_c.o)
    0x000008f8   0x0000001c   Code   RO          913    i.Clear_Channel_active_flag  gpdma_lpc17xx.o
    0x00000914   0x00000130   Code   RO          355    i.Control           emac_lpc17xx.o
    0x00000a44   0x00000006   Code   RO          356    i.ControlTimer      emac_lpc17xx.o
    0x00000a4a   0x00000002   PAD
    0x00000a4c   0x00000054   Code   RO          914    i.DMA_IRQHandler    gpdma_lpc17xx.o
    0x00000aa0   0x0000003c   Code   RO          357    i.ENET_IRQHandler   emac_lpc17xx.o
    0x00000adc   0x00000018   Code   RO         1004    i.GPIO_PinWrite     gpio_lpc17xx.o
    0x00000af4   0x00000010   Code   RO         1006    i.GPIO_PortRead     gpio_lpc17xx.o
    0x00000b04   0x00000020   Code   RO         1008    i.GPIO_SetDir       gpio_lpc17xx.o
    0x00000b24   0x0000000c   Code   RO          358    i.GetCapabilities   emac_lpc17xx.o
    0x00000b30   0x0000003c   Code   RO          853    i.GetLinkInfo       phy_lan8720.o
    0x00000b6c   0x00000028   Code   RO          854    i.GetLinkState      phy_lan8720.o
    0x00000b94   0x0000003c   Code   RO          359    i.GetMacAddress     emac_lpc17xx.o
    0x00000bd0   0x00000044   Code   RO          360    i.GetRxFrameSize    emac_lpc17xx.o
    0x00000c14   0x00000006   Code   RO          361    i.GetRxFrameTime    emac_lpc17xx.o
    0x00000c1a   0x00000006   Code   RO          362    i.GetTxFrameTime    emac_lpc17xx.o
    0x00000c20   0x0000000c   Code   RO          363    i.GetVersion        emac_lpc17xx.o
    0x00000c2c   0x0000000c   Code   RO          855    i.GetVersion        phy_lan8720.o
    0x00000c38   0x0000014c   Code   RO          364    i.Initialize        emac_lpc17xx.o
    0x00000d84   0x00000028   Code   RO          856    i.Initialize        phy_lan8720.o
    0x00000dac   0x000000f4   Code   RO          365    i.PHY_Read          emac_lpc17xx.o
    0x00000ea0   0x000000bc   Code   RO          366    i.PHY_Write         emac_lpc17xx.o
    0x00000f5c   0x00000068   Code   RO         1061    i.PIN_Configure     pin_lpc17xx.o
    0x00000fc4   0x00000170   Code   RO          367    i.PowerControl      emac_lpc17xx.o
    0x00001134   0x0000008c   Code   RO          857    i.PowerControl      phy_lan8720.o
    0x000011c0   0x0000006c   Code   RO          368    i.ReadFrame         emac_lpc17xx.o
    0x0000122c   0x000000a0   Code   RO          369    i.SendFrame         emac_lpc17xx.o
    0x000012cc   0x000000b4   Code   RO          370    i.SetAddressFilter  emac_lpc17xx.o
    0x00001380   0x00000020   Code   RO          858    i.SetInterface      phy_lan8720.o
    0x000013a0   0x00000030   Code   RO          371    i.SetMacAddress     emac_lpc17xx.o
    0x000013d0   0x0000005c   Code   RO          859    i.SetMode           phy_lan8720.o
    0x0000142c   0x000000d0   Code   RO         1107    i.SystemCoreClockUpdate  system_lpc17xx.o
    0x000014fc   0x000000d0   Code   RO         1108    i.SystemInit        system_lpc17xx.o
    0x000015cc   0x0000000c   Code   RO          549    i.UART0_IRQHandler  uart_lpc17xx.o
    0x000015d8   0x0000000c   Code   RO          550    i.UART1_IRQHandler  uart_lpc17xx.o
    0x000015e4   0x0000000c   Code   RO          552    i.USART0_GPDMA_Rx_Event  uart_lpc17xx.o
    0x000015f0   0x0000000c   Code   RO          553    i.USART0_GPDMA_Tx_Event  uart_lpc17xx.o
    0x000015fc   0x0000000c   Code   RO          567    i.USART1_GPDMA_Rx_Event  uart_lpc17xx.o
    0x00001608   0x0000000c   Code   RO          568    i.USART1_GPDMA_Tx_Event  uart_lpc17xx.o
    0x00001614   0x00000056   Code   RO          582    i.USART_GPDMA_Rx_Event  uart_lpc17xx.o
    0x0000166a   0x0000002c   Code   RO          583    i.USART_GPDMA_Tx_Event  uart_lpc17xx.o
    0x00001696   0x00000002   PAD
    0x00001698   0x000001da   Code   RO          588    i.USART_IRQHandler  uart_lpc17xx.o
    0x00001872   0x00000056   Code   RO          592    i.USART_RxLineIntHandler  uart_lpc17xx.o
    0x000018c8   0x000000c8   Code   RO          372    i.Uninitialize      emac_lpc17xx.o
    0x00001990   0x00000014   Code   RO          860    i.Uninitialize      phy_lan8720.o
    0x000019a4   0x00000048   Code   RO            4    i._Z11tcp_cb_funci12netTCP_EventPK8net_addrPKhj  main.o
    0x000019ec   0x00000044   Code   RO            5    i._Z12socketListenv  main.o
    0x00001a30   0x00000002   Code   RO            6    i._Z13ethernetEventj  main.o
    0x00001a32   0x00000002   PAD
    0x00001a34   0x00000050   Code   RO            7    i._Z13ledInitializev  main.o
    0x00001a84   0x000001d4   Code   RO           11    i._Z15heartBeatThreadPKv  main.o
    0x00001c58   0x000000a0   Code   RO           16    i._Z18ethernetInitializev  main.o
    0x00001cf8   0x0000000e   Code   RO         3484    i.__scatterload_copy  mc_w.l(handlers.o)
    0x00001d06   0x00000002   Code   RO         3485    i.__scatterload_null  mc_w.l(handlers.o)
    0x00001d08   0x0000000e   Code   RO         3486    i.__scatterload_zeroinit  mc_w.l(handlers.o)
    0x00001d16   0x00000046   Code   RO         2917    i._init_box         RTX_CM3.lib(rt_membox.o)
    0x00001d5c   0x00000098   Code   RO         2062    i.arp_cache_alloc   Net4_CM3_L.lib(net_arp.o)
    0x00001df4   0x00000040   Code   RO         2063    i.arp_is_cacheable  Net4_CM3_L.lib(net_arp.o)
    0x00001e34   0x00000040   Code   RO         2064    i.arp_probe_run     Net4_CM3_L.lib(net_arp.o)
    0x00001e74   0x00000080   Code   RO         2065    i.arp_proc_response  Net4_CM3_L.lib(net_arp.o)
    0x00001ef4   0x0000008c   Code   RO         2066    i.arp_send_reply    Net4_CM3_L.lib(net_arp.o)
    0x00001f80   0x000000b4   Code   RO         2067    i.arp_send_request  Net4_CM3_L.lib(net_arp.o)
    0x00002034   0x00000030   Code   RO         2290    i.bsd_enable        Net4_CM3_L.lib(net_bsd.o)
    0x00002064   0x00000030   Code   RO         2970    i.dbg_init          RTX_CM3.lib(hal_cm.o)
    0x00002094   0x00000020   Code   RO         2971    i.dbg_task_notify   RTX_CM3.lib(hal_cm.o)
    0x000020b4   0x00000010   Code   RO         2972    i.dbg_task_switch   RTX_CM3.lib(hal_cm.o)
    0x000020c4   0x000000a0   Code   RO         2018    i.eth_check_link    Net4_CM3_L.lib(net_eth.o)
    0x00002164   0x00000002   Code   RO         1141    i.eth_link_notify   net_legacy.o
    0x00002166   0x00000002   PAD
    0x00002168   0x00000010   Code   RO         2019    i.eth_lock          Net4_CM3_L.lib(net_eth.o)
    0x00002178   0x0000001e   Code   RO         2020    i.eth_make_mcast4   Net4_CM3_L.lib(net_eth.o)
    0x00002196   0x00000002   PAD
    0x00002198   0x00000014   Code   RO         2021    i.eth_notify        Net4_CM3_L.lib(net_eth.o)
    0x000021ac   0x00000088   Code   RO         2023    i.eth_receive       Net4_CM3_L.lib(net_eth.o)
    0x00002234   0x0000000c   Code   RO         2024    i.eth_unlock        Net4_CM3_L.lib(net_eth.o)
    0x00002240   0x0000001c   Code   RO         3078    i.get_crc32         Net4_CM3_L.lib(net_common.o)
    0x0000225c   0x00000058   Code   RO          373    i.init_rx_desc      emac_lpc17xx.o
    0x000022b4   0x0000004c   Code   RO          374    i.init_tx_desc      emac_lpc17xx.o
    0x00002300   0x0000000a   Code   RO         3018    i.ip4_get_chksum    Net4_CM3_L.lib(net_ip4.o)
    0x0000230a   0x00000002   PAD
    0x0000230c   0x00000090   Code   RO         3019    i.ip4_get_route     Net4_CM3_L.lib(net_ip4.o)
    0x0000239c   0x0000002a   Code   RO         1396    i.isrMessageGet     RTX_CM3.lib(rt_cmsis.o)
    0x000023c6   0x0000002c   Code   RO         1397    i.isrMessagePut     RTX_CM3.lib(rt_cmsis.o)
    0x000023f2   0x00000028   Code   RO         1398    i.isrSemaphoreRelease  RTX_CM3.lib(rt_cmsis.o)
    0x0000241a   0x00000024   Code   RO         1399    i.isrSignalSet      RTX_CM3.lib(rt_cmsis.o)
    0x0000243e   0x00000002   PAD
    0x00002440   0x00000028   Code   RO         2641    i.isr_evt_set       RTX_CM3.lib(rt_event.o)
    0x00002468   0x00000056   Code   RO         2763    i.isr_mbx_receive   RTX_CM3.lib(rt_mailbox.o)
    0x000024be   0x0000000e   Code   RO         2764    i.isr_mbx_send      RTX_CM3.lib(rt_mailbox.o)
    0x000024cc   0x00000010   Code   RO         2811    i.isr_sem_send      RTX_CM3.lib(rt_semaphore.o)
    0x000024dc   0x00000074   Code   RO           18    i.main              main.o
    0x00002550   0x00000010   Code   RO         3056    i.mem_lock          Net4_CM3_L.lib(net_mem.o)
    0x00002560   0x0000000c   Code   RO         3057    i.mem_unlock        Net4_CM3_L.lib(net_mem.o)
    0x0000256c   0x00000160   Code   RO         2361    i.nbns_listener     Net4_CM3_L.lib(net_nbns_client.o)
    0x000026cc   0x00000058   Code   RO         2390    i.netCore_Thread    Net4_CM3_L.lib(net_sys.o)
    0x00002724   0x00000034   Code   RO         1147    i.netETH_Notify     net_legacy.o
    0x00002758   0x0000003c   Code   RO         2026    i.netETH_Thread     Net4_CM3_L.lib(net_eth.o)
    0x00002794   0x00000088   Code   RO         2393    i.netInitialize     Net4_CM3_L.lib(net_sys.o)
    0x0000281c   0x0000007c   Code   RO         2430    i.netMAC_aton       Net4_CM3_L.lib(net_addr.o)
    0x00002898   0x00000018   Code   RO         2180    i.netTCP_GetSocket  Net4_CM3_L.lib(net_tcp.o)
    0x000028b0   0x0000001c   Code   RO         2183    i.netTCP_Listen     Net4_CM3_L.lib(net_tcp.o)
    0x000028cc   0x00000020   Code   RO         2188    i.netTCP_SetOption  Net4_CM3_L.lib(net_tcp.o)
    0x000028ec   0x00000068   Code   RO         2432    i.net_addr4_aton    Net4_CM3_L.lib(net_addr.o)
    0x00002954   0x0000001a   Code   RO         2433    i.net_addr4_is_subnet  Net4_CM3_L.lib(net_addr.o)
    0x0000296e   0x0000000e   Code   RO         2438    i.net_addr_get_local  Net4_CM3_L.lib(net_addr.o)
    0x0000297c   0x00000014   Code   RO         2439    i.net_addr_is_unspec  Net4_CM3_L.lib(net_addr.o)
    0x00002990   0x000000b0   Code   RO         2073    i.net_arp_cache_add  Net4_CM3_L.lib(net_arp.o)
    0x00002a40   0x00000094   Code   RO         2074    i.net_arp_cache_early  Net4_CM3_L.lib(net_arp.o)
    0x00002ad4   0x000000b0   Code   RO         2075    i.net_arp_cache_find  Net4_CM3_L.lib(net_arp.o)
    0x00002b84   0x00000038   Code   RO         2077    i.net_arp_init      Net4_CM3_L.lib(net_arp.o)
    0x00002bbc   0x0000002c   Code   RO         2078    i.net_arp_notify    Net4_CM3_L.lib(net_arp.o)
    0x00002be8   0x00000148   Code   RO         2080    i.net_arp_process   Net4_CM3_L.lib(net_arp.o)
    0x00002d30   0x000000f8   Code   RO         2081    i.net_arp_run       Net4_CM3_L.lib(net_arp.o)
    0x00002e28   0x00000002   Code   RO         2304    i.net_bsd_notify    Net4_CM3_L.lib(net_bsd.o)
    0x00002e2a   0x00000018   Code   RO         2305    i.net_bsd_resume    Net4_CM3_L.lib(net_bsd.o)
    0x00002e42   0x00000002   PAD
    0x00002e44   0x00000014   Code   RO         2306    i.net_bsd_socket_init  Net4_CM3_L.lib(net_bsd.o)
    0x00002e58   0x0000007c   Code   RO         2307    i.net_bsd_socket_run  Net4_CM3_L.lib(net_bsd.o)
    0x00002ed4   0x000001ac   Code   RO         2029    i.net_eth_iface_init  Net4_CM3_L.lib(net_eth.o)
    0x00003080   0x0000011c   Code   RO         2030    i.net_eth_iface_run  Net4_CM3_L.lib(net_eth.o)
    0x0000319c   0x00000020   Code   RO         2031    i.net_eth_is_my_addr  Net4_CM3_L.lib(net_eth.o)
    0x000031bc   0x00000024   Code   RO         2032    i.net_eth_output    Net4_CM3_L.lib(net_eth.o)
    0x000031e0   0x0000009c   Code   RO         2033    i.net_eth_send_frame  Net4_CM3_L.lib(net_eth.o)
    0x0000327c   0x000000b4   Code   RO         2035    i.net_eth_update_filter  Net4_CM3_L.lib(net_eth.o)
    0x00003330   0x000000dc   Code   RO         3046    i.net_icmp_process  Net4_CM3_L.lib(net_icmp.o)
    0x0000340c   0x0000007c   Code   RO         3047    i.net_icmp_send_echo  Net4_CM3_L.lib(net_icmp.o)
    0x00003488   0x00000004   Code   RO         1261    i.net_igmp_collect_addr  net_config.o
    0x0000348c   0x00000004   Code   RO         1262    i.net_igmp_is_member  net_config.o
    0x00003490   0x00000002   Code   RO         1263    i.net_igmp_process  net_config.o
    0x00003492   0x0000004c   Code   RO         3020    i.net_ip4_checksum  Net4_CM3_L.lib(net_ip4.o)
    0x000034de   0x00000002   PAD
    0x000034e0   0x000000cc   Code   RO         3021    i.net_ip4_chk_frame  Net4_CM3_L.lib(net_ip4.o)
    0x000035ac   0x00000032   Code   RO         3022    i.net_ip4_chksum_buf  Net4_CM3_L.lib(net_ip4.o)
    0x000035de   0x00000002   PAD
    0x000035e0   0x00000040   Code   RO         3023    i.net_ip4_get_local  Net4_CM3_L.lib(net_ip4.o)
    0x00003620   0x00000010   Code   RO         3024    i.net_ip4_init      Net4_CM3_L.lib(net_ip4.o)
    0x00003630   0x0000002c   Code   RO         3025    i.net_ip4_is_subcast  Net4_CM3_L.lib(net_ip4.o)
    0x0000365c   0x00000114   Code   RO         3026    i.net_ip4_send_frame  Net4_CM3_L.lib(net_ip4.o)
    0x00003770   0x00000034   Code   RO         3027    i.net_ip4_tx_offload  Net4_CM3_L.lib(net_ip4.o)
    0x000037a4   0x0000001c   Code   RO         2111    i.net_loop_iface_init  Net4_CM3_L.lib(net_loop.o)
    0x000037c0   0x00000068   Code   RO         2112    i.net_loop_iface_run  Net4_CM3_L.lib(net_loop.o)
    0x00003828   0x00000048   Code   RO         2113    i.net_loop_send_frame  Net4_CM3_L.lib(net_loop.o)
    0x00003870   0x0000008c   Code   RO         3058    i.net_mem_alloc     Net4_CM3_L.lib(net_mem.o)
    0x000038fc   0x0000001c   Code   RO         3059    i.net_mem_avail     Net4_CM3_L.lib(net_mem.o)
    0x00003918   0x0000006c   Code   RO         3060    i.net_mem_free      Net4_CM3_L.lib(net_mem.o)
    0x00003984   0x00000060   Code   RO         3061    i.net_mem_init      Net4_CM3_L.lib(net_mem.o)
    0x000039e4   0x00000020   Code   RO         3082    i.net_memcrc        Net4_CM3_L.lib(net_common.o)
    0x00003a04   0x0000002c   Code   RO         2362    i.net_nbns_client_init  Net4_CM3_L.lib(net_nbns_client.o)
    0x00003a30   0x00000010   Code   RO         2374    i.net_ping_client_init  Net4_CM3_L.lib(net_ping.o)
    0x00003a40   0x00000040   Code   RO         2375    i.net_ping_client_run  Net4_CM3_L.lib(net_ping.o)
    0x00003a80   0x00000004   Code   RO         1265    i.net_ppp_send_frame  net_config.o
    0x00003a84   0x0000001c   Code   RO         2397    i.net_rand32        Net4_CM3_L.lib(net_sys.o)
    0x00003aa0   0x00000004   Code   RO         1268    i.net_slip_send_frame  net_config.o
    0x00003aa4   0x00000012   Code   RO         3086    i.net_strcpy        Net4_CM3_L.lib(net_common.o)
    0x00003ab6   0x0000001a   Code   RO         3088    i.net_strtoupper    Net4_CM3_L.lib(net_common.o)
    0x00003ad0   0x00000002   Code   RO         1270    i.net_sys_error     net_config.o
    0x00003ad2   0x00000002   PAD
    0x00003ad4   0x00000010   Code   RO         2398    i.net_sys_lock      Net4_CM3_L.lib(net_sys.o)
    0x00003ae4   0x00000014   Code   RO         2399    i.net_sys_tick      Net4_CM3_L.lib(net_sys.o)
    0x00003af8   0x0000000c   Code   RO         2400    i.net_sys_unlock    Net4_CM3_L.lib(net_sys.o)
    0x00003b04   0x00000020   Code   RO         2401    i.net_sys_wakeup    Net4_CM3_L.lib(net_sys.o)
    0x00003b24   0x00000048   Code   RO         2199    i.net_tcp_get_socket  Net4_CM3_L.lib(net_tcp.o)
    0x00003b6c   0x0000002c   Code   RO         2200    i.net_tcp_get_state  Net4_CM3_L.lib(net_tcp.o)
    0x00003b98   0x00000074   Code   RO         2202    i.net_tcp_listen    Net4_CM3_L.lib(net_tcp.o)
    0x00003c0c   0x000004bc   Code   RO         2204    i.net_tcp_process   Net4_CM3_L.lib(net_tcp.o)
    0x000040c8   0x00000098   Code   RO         2209    i.net_tcp_set_option  Net4_CM3_L.lib(net_tcp.o)
    0x00004160   0x00000014   Code   RO         2210    i.net_tcp_socket_init  Net4_CM3_L.lib(net_tcp.o)
    0x00004174   0x00000298   Code   RO         2211    i.net_tcp_socket_run  Net4_CM3_L.lib(net_tcp.o)
    0x0000440c   0x0000001e   Code   RO         2134    i.net_udp_get_buf   Net4_CM3_L.lib(net_udp.o)
    0x0000442a   0x00000002   PAD
    0x0000442c   0x0000004c   Code   RO         2136    i.net_udp_get_socket  Net4_CM3_L.lib(net_udp.o)
    0x00004478   0x0000006c   Code   RO         2138    i.net_udp_open      Net4_CM3_L.lib(net_udp.o)
    0x000044e4   0x000000b8   Code   RO         2139    i.net_udp_process   Net4_CM3_L.lib(net_udp.o)
    0x0000459c   0x00000130   Code   RO         2141    i.net_udp_send      Net4_CM3_L.lib(net_udp.o)
    0x000046cc   0x00000014   Code   RO         2143    i.net_udp_socket_init  Net4_CM3_L.lib(net_udp.o)
    0x000046e0   0x00000018   Code   RO         1400    i.osDelay           RTX_CM3.lib(rt_cmsis.o)
    0x000046f8   0x00000024   Code   RO         1401    i.osKernelInitialize  RTX_CM3.lib(rt_cmsis.o)
    0x0000471c   0x0000006c   Code   RO         1403    i.osKernelStart     RTX_CM3.lib(rt_cmsis.o)
    0x00004788   0x00000018   Code   RO         1404    i.osKernelSysTick   RTX_CM3.lib(rt_cmsis.o)
    0x000047a0   0x00000018   Code   RO         1412    i.osMessageGet      RTX_CM3.lib(rt_cmsis.o)
    0x000047b8   0x00000030   Code   RO         1414    i.osMutexCreate     RTX_CM3.lib(rt_cmsis.o)
    0x000047e8   0x00000018   Code   RO         1416    i.osMutexRelease    RTX_CM3.lib(rt_cmsis.o)
    0x00004800   0x00000018   Code   RO         1417    i.osMutexWait       RTX_CM3.lib(rt_cmsis.o)
    0x00004818   0x00000030   Code   RO         1422    i.osSemaphoreCreate  RTX_CM3.lib(rt_cmsis.o)
    0x00004848   0x00000018   Code   RO         1424    i.osSemaphoreRelease  RTX_CM3.lib(rt_cmsis.o)
    0x00004860   0x00000018   Code   RO         1425    i.osSemaphoreWait   RTX_CM3.lib(rt_cmsis.o)
    0x00004878   0x00000018   Code   RO         1426    i.osSignalClear     RTX_CM3.lib(rt_cmsis.o)
    0x00004890   0x00000018   Code   RO         1427    i.osSignalSet       RTX_CM3.lib(rt_cmsis.o)
    0x000048a8   0x00000018   Code   RO         1428    i.osSignalWait      RTX_CM3.lib(rt_cmsis.o)
    0x000048c0   0x00000030   Code   RO         1429    i.osThreadCreate    RTX_CM3.lib(rt_cmsis.o)
    0x000048f0   0x00000018   Code   RO         1430    i.osThreadExit      RTX_CM3.lib(rt_cmsis.o)
    0x00004908   0x00000018   Code   RO         1435    i.osThreadYield     RTX_CM3.lib(rt_cmsis.o)
    0x00004920   0x0000000c   Code   RO         1436    i.osTimerCall       RTX_CM3.lib(rt_cmsis.o)
    0x0000492c   0x00000034   Code   RO         1437    i.osTimerCreate     RTX_CM3.lib(rt_cmsis.o)
    0x00004960   0x00000018   Code   RO         1439    i.osTimerStart      RTX_CM3.lib(rt_cmsis.o)
    0x00004978   0x0000002c   Code   RO         1441    i.osTimerThread     RTX_CM3.lib(rt_cmsis.o)
    0x000049a4   0x00000002   Code   RO          288    i.os_error          rtx_conf_cm.o
    0x000049a6   0x00000002   Code   RO          289    i.os_idle_demon     rtx_conf_cm.o
    0x000049a8   0x00000028   Code   RO         2551    i.os_tick_init      RTX_CM3.lib(rt_system.o)
    0x000049d0   0x00000002   Code   RO         2552    i.os_tick_irqack    RTX_CM3.lib(rt_system.o)
    0x000049d2   0x00000002   PAD
    0x000049d4   0x00000010   Code   RO         2553    i.os_tick_ovf       RTX_CM3.lib(rt_system.o)
    0x000049e4   0x00000014   Code   RO         2554    i.os_tick_val       RTX_CM3.lib(rt_system.o)
    0x000049f8   0x0000003c   Code   RO          375    i.output_MDIO       emac_lpc17xx.o
    0x00004a34   0x00000010   Code   RO         2376    i.ping_send_req     Net4_CM3_L.lib(net_ping.o)
    0x00004a44   0x0000001a   Code   RO         2918    i.rt_alloc_box      RTX_CM3.lib(rt_membox.o)
    0x00004a5e   0x0000003e   Code   RO         2946    i.rt_alloc_mem      RTX_CM3.lib(rt_memory.o)
    0x00004a9c   0x00000038   Code   RO         2466    i.rt_block          RTX_CM3.lib(rt_task.o)
    0x00004ad4   0x00000048   Code   RO         3114    i.rt_chk_robin      RTX_CM3.lib(rt_robin.o)
    0x00004b1c   0x00000070   Code   RO         2687    i.rt_dec_dly        RTX_CM3.lib(rt_list.o)
    0x00004b8c   0x00000044   Code   RO         2467    i.rt_dispatch       RTX_CM3.lib(rt_task.o)
    0x00004bd0   0x00000006   Code   RO         2853    i.rt_dly_wait       RTX_CM3.lib(rt_time.o)
    0x00004bd6   0x00000002   PAD
    0x00004bd8   0x0000001c   Code   RO         2642    i.rt_evt_clr        RTX_CM3.lib(rt_event.o)
    0x00004bf4   0x00000050   Code   RO         2644    i.rt_evt_psh        RTX_CM3.lib(rt_event.o)
    0x00004c44   0x0000005c   Code   RO         2645    i.rt_evt_set        RTX_CM3.lib(rt_event.o)
    0x00004ca0   0x0000003c   Code   RO         2646    i.rt_evt_wait       RTX_CM3.lib(rt_event.o)
    0x00004cdc   0x0000002c   Code   RO         2919    i.rt_free_box       RTX_CM3.lib(rt_membox.o)
    0x00004d08   0x00000028   Code   RO         2947    i.rt_free_mem       RTX_CM3.lib(rt_memory.o)
    0x00004d30   0x00000028   Code   RO         2688    i.rt_get_first      RTX_CM3.lib(rt_list.o)
    0x00004d58   0x00000024   Code   RO         2689    i.rt_get_same_rdy_prio  RTX_CM3.lib(rt_list.o)
    0x00004d7c   0x00000008   Code   RO         1446    i.rt_id2obj         RTX_CM3.lib(rt_cmsis.o)
    0x00004d84   0x00000048   Code   RO         2468    i.rt_init_context   RTX_CM3.lib(rt_task.o)
    0x00004dcc   0x0000001a   Code   RO         2948    i.rt_init_mem       RTX_CM3.lib(rt_memory.o)
    0x00004de6   0x00000002   PAD
    0x00004de8   0x00000018   Code   RO         3115    i.rt_init_robin     RTX_CM3.lib(rt_robin.o)
    0x00004e00   0x00000080   Code   RO         2973    i.rt_init_stack     RTX_CM3.lib(hal_cm.o)
    0x00004e80   0x00000008   Code   RO         2765    i.rt_mbx_check      RTX_CM3.lib(rt_mailbox.o)
    0x00004e88   0x0000001a   Code   RO         2766    i.rt_mbx_init       RTX_CM3.lib(rt_mailbox.o)
    0x00004ea2   0x00000002   PAD
    0x00004ea4   0x000000f0   Code   RO         2767    i.rt_mbx_psh        RTX_CM3.lib(rt_mailbox.o)
    0x00004f94   0x000000b4   Code   RO         2769    i.rt_mbx_wait       RTX_CM3.lib(rt_mailbox.o)
    0x00005048   0x00000044   Code   RO         1447    i.rt_ms2tick        RTX_CM3.lib(rt_cmsis.o)
    0x0000508c   0x00000010   Code   RO         2887    i.rt_mut_init       RTX_CM3.lib(rt_mutex.o)
    0x0000509c   0x000000d8   Code   RO         2888    i.rt_mut_release    RTX_CM3.lib(rt_mutex.o)
    0x00005174   0x00000068   Code   RO         2889    i.rt_mut_wait       RTX_CM3.lib(rt_mutex.o)
    0x000051dc   0x0000007c   Code   RO         2555    i.rt_pop_req        RTX_CM3.lib(rt_system.o)
    0x00005258   0x00000020   Code   RO         2556    i.rt_psh_req        RTX_CM3.lib(rt_system.o)
    0x00005278   0x0000005c   Code   RO         2690    i.rt_psq_enq        RTX_CM3.lib(rt_list.o)
    0x000052d4   0x00000048   Code   RO         2691    i.rt_put_dly        RTX_CM3.lib(rt_list.o)
    0x0000531c   0x00000036   Code   RO         2692    i.rt_put_prio       RTX_CM3.lib(rt_list.o)
    0x00005352   0x00000002   PAD
    0x00005354   0x00000014   Code   RO         2693    i.rt_put_rdy_first  RTX_CM3.lib(rt_list.o)
    0x00005368   0x00000034   Code   RO         2694    i.rt_resort_prio    RTX_CM3.lib(rt_list.o)
    0x0000539c   0x00000006   Code   RO         2974    i.rt_ret_val        RTX_CM3.lib(hal_cm.o)
    0x000053a2   0x00000008   Code   RO         2975    i.rt_ret_val2       RTX_CM3.lib(hal_cm.o)
    0x000053aa   0x00000028   Code   RO         2695    i.rt_rmv_dly        RTX_CM3.lib(rt_list.o)
    0x000053d2   0x00000002   PAD
    0x000053d4   0x00000030   Code   RO         2696    i.rt_rmv_list       RTX_CM3.lib(rt_list.o)
    0x00005404   0x0000000c   Code   RO         2813    i.rt_sem_init       RTX_CM3.lib(rt_semaphore.o)
    0x00005410   0x00000034   Code   RO         2814    i.rt_sem_psh        RTX_CM3.lib(rt_semaphore.o)
    0x00005444   0x0000002a   Code   RO         2815    i.rt_sem_send       RTX_CM3.lib(rt_semaphore.o)
    0x0000546e   0x00000002   PAD
    0x00005470   0x00000040   Code   RO         2816    i.rt_sem_wait       RTX_CM3.lib(rt_semaphore.o)
    0x000054b0   0x00000024   Code   RO         2558    i.rt_stk_check      RTX_CM3.lib(rt_system.o)
    0x000054d4   0x00000028   Code   RO         2469    i.rt_switch_req     RTX_CM3.lib(rt_task.o)
    0x000054fc   0x000000cc   Code   RO         2470    i.rt_sys_init       RTX_CM3.lib(rt_task.o)
    0x000055c8   0x00000078   Code   RO         2471    i.rt_sys_start      RTX_CM3.lib(rt_task.o)
    0x00005640   0x00000040   Code   RO         2560    i.rt_systick        RTX_CM3.lib(rt_system.o)
    0x00005680   0x00000012   Code   RO         1448    i.rt_tid2ptcb       RTX_CM3.lib(rt_cmsis.o)
    0x00005692   0x00000002   PAD
    0x00005694   0x00000034   Code   RO         1449    i.rt_timer_insert   RTX_CM3.lib(rt_cmsis.o)
    0x000056c8   0x0000003c   Code   RO         1450    i.rt_timer_remove   RTX_CM3.lib(rt_cmsis.o)
    0x00005704   0x00000088   Code   RO         2472    i.rt_tsk_create     RTX_CM3.lib(rt_task.o)
    0x0000578c   0x0000017c   Code   RO         2473    i.rt_tsk_delete     RTX_CM3.lib(rt_task.o)
    0x00005908   0x00000030   Code   RO         2474    i.rt_tsk_pass       RTX_CM3.lib(rt_task.o)
    0x00005938   0x0000007c   Code   RO         2475    i.rt_tsk_prio       RTX_CM3.lib(rt_task.o)
    0x000059b4   0x00000010   Code   RO         2476    i.rt_tsk_self       RTX_CM3.lib(rt_task.o)
    0x000059c4   0x00000012   Code   RO         1451    i.svcDelay          RTX_CM3.lib(rt_cmsis.o)
    0x000059d6   0x00000002   PAD
    0x000059d8   0x00000070   Code   RO         1452    i.svcKernelInitialize  RTX_CM3.lib(rt_cmsis.o)
    0x00005a48   0x00000048   Code   RO         1454    i.svcKernelStart    RTX_CM3.lib(rt_cmsis.o)
    0x00005a90   0x00000038   Code   RO         1455    i.svcKernelSysTick  RTX_CM3.lib(rt_cmsis.o)
    0x00005ac8   0x00000024   Code   RO         1457    i.svcMessageCreate  RTX_CM3.lib(rt_cmsis.o)
    0x00005aec   0x0000003a   Code   RO         1458    i.svcMessageGet     RTX_CM3.lib(rt_cmsis.o)
    0x00005b26   0x0000001c   Code   RO         1460    i.svcMutexCreate    RTX_CM3.lib(rt_cmsis.o)
    0x00005b42   0x00000022   Code   RO         1462    i.svcMutexRelease   RTX_CM3.lib(rt_cmsis.o)
    0x00005b64   0x00000036   Code   RO         1463    i.svcMutexWait      RTX_CM3.lib(rt_cmsis.o)
    0x00005b9a   0x00000024   Code   RO         1465    i.svcSemaphoreCreate  RTX_CM3.lib(rt_cmsis.o)
    0x00005bbe   0x00000028   Code   RO         1467    i.svcSemaphoreRelease  RTX_CM3.lib(rt_cmsis.o)
    0x00005be6   0x00000032   Code   RO         1468    i.svcSemaphoreWait  RTX_CM3.lib(rt_cmsis.o)
    0x00005c18   0x00000024   Code   RO         1469    i.svcSignalClear    RTX_CM3.lib(rt_cmsis.o)
    0x00005c3c   0x00000024   Code   RO         1470    i.svcSignalSet      RTX_CM3.lib(rt_cmsis.o)
    0x00005c60   0x00000054   Code   RO         1471    i.svcSignalWait     RTX_CM3.lib(rt_cmsis.o)
    0x00005cb4   0x00000070   Code   RO         1472    i.svcThreadCreate   RTX_CM3.lib(rt_cmsis.o)
    0x00005d24   0x0000001c   Code   RO         1473    i.svcThreadGetId    RTX_CM3.lib(rt_cmsis.o)
    0x00005d40   0x00000038   Code   RO         1476    i.svcThreadTerminate  RTX_CM3.lib(rt_cmsis.o)
    0x00005d78   0x0000000a   Code   RO         1477    i.svcThreadYield    RTX_CM3.lib(rt_cmsis.o)
    0x00005d82   0x00000018   Code   RO         1478    i.svcTimerCall      RTX_CM3.lib(rt_cmsis.o)
    0x00005d9a   0x00000002   PAD
    0x00005d9c   0x00000038   Code   RO         1479    i.svcTimerCreate    RTX_CM3.lib(rt_cmsis.o)
    0x00005dd4   0x00000064   Code   RO         1481    i.svcTimerStart     RTX_CM3.lib(rt_cmsis.o)
    0x00005e38   0x0000005c   Code   RO         1487    i.sysTimerTick      RTX_CM3.lib(rt_cmsis.o)
    0x00005e94   0x0000004c   Code   RO         2402    i.sys_proc_tick     Net4_CM3_L.lib(net_sys.o)
    0x00005ee0   0x0000008c   Code   RO         2212    i.tcp_map_socket    Net4_CM3_L.lib(net_tcp.o)
    0x00005f6c   0x0000005e   Code   RO         2213    i.tcp_parse_opt     Net4_CM3_L.lib(net_tcp.o)
    0x00005fca   0x00000002   PAD
    0x00005fcc   0x000000c4   Code   RO         2214    i.tcp_proc_acknr    Net4_CM3_L.lib(net_tcp.o)
    0x00006090   0x00000052   Code   RO         2215    i.tcp_proc_dupack   Net4_CM3_L.lib(net_tcp.o)
    0x000060e2   0x0000001a   Code   RO         2216    i.tcp_que_free      Net4_CM3_L.lib(net_tcp.o)
    0x000060fc   0x0000001a   Code   RO         2217    i.tcp_que_init      Net4_CM3_L.lib(net_tcp.o)
    0x00006116   0x00000002   PAD
    0x00006118   0x00000094   Code   RO         2218    i.tcp_que_resend    Net4_CM3_L.lib(net_tcp.o)
    0x000061ac   0x00000076   Code   RO         2219    i.tcp_send_ctrl     Net4_CM3_L.lib(net_tcp.o)
    0x00006222   0x0000005c   Code   RO         2220    i.tcp_send_data     Net4_CM3_L.lib(net_tcp.o)
    0x0000627e   0x0000006a   Code   RO         2221    i.tcp_send_reset    Net4_CM3_L.lib(net_tcp.o)
    0x000062e8   0x00000026   Code   RO         2222    i.tcp_set_cwnd      Net4_CM3_L.lib(net_tcp.o)
    0x0000630e   0x00000002   PAD
    0x00006310   0x00000068   Code   RO         2223    i.tcp_transit       Net4_CM3_L.lib(net_tcp.o)
    0x00006378   0x000000b4   Code   RO         2224    i.tcp_write         Net4_CM3_L.lib(net_tcp.o)
    0x0000642c   0x0000002c   Code   RO          376    i.turnaround_MDIO   emac_lpc17xx.o
    0x00006458   0x0000002c   Code   RO         2144    i.udp_port_in_use   Net4_CM3_L.lib(net_udp.o)
    0x00006484   0x000000c0   Data   RO           36    .constdata          main.o
    0x00006544   0x00000002   Data   RO          296    .constdata          rtx_conf_cm.o
    0x00006546   0x00000002   PAD
    0x00006548   0x00000004   Data   RO          297    .constdata          rtx_conf_cm.o
    0x0000654c   0x00000004   Data   RO          298    .constdata          rtx_conf_cm.o
    0x00006550   0x00000002   Data   RO          300    .constdata          rtx_conf_cm.o
    0x00006552   0x00000002   Data   RO          301    .constdata          rtx_conf_cm.o
    0x00006554   0x00000004   Data   RO          302    .constdata          rtx_conf_cm.o
    0x00006558   0x00000001   Data   RO          303    .constdata          rtx_conf_cm.o
    0x00006559   0x00000003   PAD
    0x0000655c   0x00000020   Data   RO          304    .constdata          rtx_conf_cm.o
    0x0000657c   0x00000002   Data   RO          305    .constdata          rtx_conf_cm.o
    0x0000657e   0x00000002   PAD
    0x00006580   0x00000004   Data   RO          306    .constdata          rtx_conf_cm.o
    0x00006584   0x00000004   Data   RO          307    .constdata          rtx_conf_cm.o
    0x00006588   0x00000001   Data   RO          308    .constdata          rtx_conf_cm.o
    0x00006589   0x00000003   PAD
    0x0000658c   0x00000010   Data   RO          309    .constdata          rtx_conf_cm.o
    0x0000659c   0x00000008   Data   RO          310    .constdata          rtx_conf_cm.o
    0x000065a4   0x00000002   Data   RO          311    .constdata          rtx_conf_cm.o
    0x000065a6   0x00000002   PAD
    0x000065a8   0x00000008   Data   RO          378    .constdata          emac_lpc17xx.o
    0x000065b0   0x00000044   Data   RO          379    .constdata          emac_lpc17xx.o
    0x000065f4   0x000001ec   Data   RO          601    .constdata          uart_lpc17xx.o
    0x000067e0   0x00000008   Data   RO          602    .constdata          uart_lpc17xx.o
    0x000067e8   0x00000008   Data   RO          603    .constdata          uart_lpc17xx.o
    0x000067f0   0x00000008   Data   RO          604    .constdata          uart_lpc17xx.o
    0x000067f8   0x00000008   Data   RO          605    .constdata          uart_lpc17xx.o
    0x00006800   0x00000004   Data   RO          862    .constdata          phy_lan8720.o
    0x00006804   0x00000020   Data   RO          863    .constdata          phy_lan8720.o
    0x00006824   0x00000010   Data   RO         1281    .constdata          net_config.o
    0x00006834   0x00000004   Data   RO         1282    .constdata          net_config.o
    0x00006838   0x00000004   Data   RO         1283    .constdata          net_config.o
    0x0000683c   0x00000020   Data   RO         1284    .constdata          net_config.o
    0x0000685c   0x00000010   Data   RO         1285    .constdata          net_config.o
    0x0000686c   0x00000004   Data   RO         1286    .constdata          net_config.o
    0x00006870   0x00000030   Data   RO         1287    .constdata          net_config.o
    0x000068a0   0x00000020   Data   RO         1288    .constdata          net_config.o
    0x000068c0   0x0000000c   Data   RO         1289    .constdata          net_config.o
    0x000068cc   0x00000008   Data   RO         1291    .constdata          net_config.o
    0x000068d4   0x00000014   Data   RO         1292    .constdata          net_config.o
    0x000068e8   0x00000008   Data   RO         1293    .constdata          net_config.o
    0x000068f0   0x00000048   Data   RO         1294    .constdata          net_config.o
    0x00006938   0x00000006   Data   RO         2037    .constdata          Net4_CM3_L.lib(net_eth.o)
    0x0000693e   0x00000008   Data   RO         2363    .constdata          Net4_CM3_L.lib(net_nbns_client.o)
    0x00006946   0x00000012   Data   RO         2378    .constdata          Net4_CM3_L.lib(net_ping.o)
    0x00006958   0x00000008   Data   RO         2405    .constdata          Net4_CM3_L.lib(net_sys.o)
    0x00006960   0x00000010   Data   RO         2443    .constdata          Net4_CM3_L.lib(net_addr.o)
    0x00006970   0x00000008   Data   RO         3028    .constdata          Net4_CM3_L.lib(net_ip4.o)
    0x00006978   0x00000040   Data   RO         3481    .constdata          mc_w.l(ctype_c.o)
    0x000069b8   0x00000004   Data   RO         1295    .conststring        net_config.o
    0x000069bc   0x0000003c   Data   RO         1296    .conststring        net_config.o
    0x000069f8   0x00000012   Data   RO         1297    .conststring        net_config.o
    0x00006a0a   0x00000002   PAD
    0x00006a0c   0x00000020   Data   RO         3483    Region$$Table       anon$$obj.o


    Execution Region RW_IRAM1 (Base: 0x10000000, Size: 0x000072a8, Max: 0x00008000, ABSOLUTE)

    Base Addr    Size         Type   Attr      Idx    E Section Name        Object

    0x10000000   0x0000001a   Data   RW           37    .data               main.o
    0x1000001a   0x00000002   PAD
    0x1000001c   0x00000004   Data   RW          313    .data               rtx_conf_cm.o
    0x10000020   0x00000004   Data   RW          314    .data               rtx_conf_cm.o
    0x10000024   0x00000004   Data   RW          315    .data               rtx_conf_cm.o
    0x10000028   0x00000018   Data   RW          380    .data               emac_lpc17xx.o
    0x10000040   0x00000002   Data   RW          608    .data               uart_lpc17xx.o
    0x10000042   0x00000002   Data   RW          609    .data               uart_lpc17xx.o
    0x10000044   0x00000002   Data   RW          610    .data               uart_lpc17xx.o
    0x10000046   0x00000002   Data   RW          611    .data               uart_lpc17xx.o
    0x10000048   0x00000008   Data   RW          926    .data               gpdma_lpc17xx.o
    0x10000050   0x00000004   Data   RW         1109    .data               system_lpc17xx.o
    0x10000054   0x00000008   Data   RW         1298    .data               net_config.o
    0x1000005c   0x00000006   Data   RW         1299    .data               net_config.o
    0x10000062   0x00000002   PAD
    0x10000064   0x00000008   Data   RW         1490    .data               RTX_CM3.lib(rt_cmsis.o)
    0x1000006c   0x00000001   Data   RW         2083    .data               Net4_CM3_L.lib(net_arp.o)
    0x1000006d   0x00000003   PAD
    0x10000070   0x00000008   Data   RW         2114    .data               Net4_CM3_L.lib(net_loop.o)
    0x10000078   0x0000000a   Data   RW         2145    .data               Net4_CM3_L.lib(net_udp.o)
    0x10000082   0x00000004   Data   RW         2227    .data               Net4_CM3_L.lib(net_tcp.o)
    0x10000086   0x00000001   Data   RW         2364    .data               Net4_CM3_L.lib(net_nbns_client.o)
    0x10000087   0x00000001   PAD
    0x10000088   0x00000008   Data   RW         2406    .data               Net4_CM3_L.lib(net_sys.o)
    0x10000090   0x00000008   Data   RW         2478    .data               RTX_CM3.lib(rt_task.o)
    0x10000098   0x00000008   Data   RW         2563    .data               RTX_CM3.lib(rt_system.o)
    0x100000a0   0x00000004   Data   RW         2857    .data               RTX_CM3.lib(rt_time.o)
    0x100000a4   0x00000001   Data   RW         2976    .data               RTX_CM3.lib(hal_cm.o)
    0x100000a5   0x00000003   PAD
    0x100000a8   0x00000008   Data   RW         3029    .data               Net4_CM3_L.lib(net_ip4.o)
    0x100000b0   0x00000008   Data   RW         3116    .data               RTX_CM3.lib(rt_robin.o)
    0x100000b8   0x00000020   Zero   RW           35    .bss                main.o
    0x100000d8   0x00000020   Zero   RW          290    .bss                rtx_conf_cm.o
    0x100000f8   0x00000178   Zero   RW          291    .bss                rtx_conf_cm.o
    0x10000270   0x000004b0   Zero   RW          292    .bss                rtx_conf_cm.o
    0x10000720   0x00000a18   Zero   RW          293    .bss                rtx_conf_cm.o
    0x10001138   0x00000084   Zero   RW          294    .bss                rtx_conf_cm.o
    0x100011bc   0x0000001c   Zero   RW          295    .bss                rtx_conf_cm.o
    0x100011d8   0x00002a74   Zero   RW          377    .bss                emac_lpc17xx.o
    0x10003c4c   0x00000030   Zero   RW          599    .bss                uart_lpc17xx.o
    0x10003c7c   0x00000030   Zero   RW          600    .bss                uart_lpc17xx.o
    0x10003cac   0x0000000c   Zero   RW          861    .bss                phy_lan8720.o
    0x10003cb8   0x00000040   Zero   RW          925    .bss                gpdma_lpc17xx.o
    0x10003cf8   0x00000010   Zero   RW         1271    .bss                net_config.o
    0x10003d08   0x00000010   Zero   RW         1272    .bss                net_config.o
    0x10003d18   0x00002ee0   Zero   RW         1273    .bss                net_config.o
    0x10006bf8   0x0000008c   Zero   RW         1274    .bss                net_config.o
    0x10006c84   0x00000014   Zero   RW         1275    .bss                net_config.o
    0x10006c98   0x0000003c   Zero   RW         1276    .bss                net_config.o
    0x10006cd4   0x000001c8   Zero   RW         1278    .bss                net_config.o
    0x10006e9c   0x00000084   Zero   RW         1280    .bss                net_config.o
    0x10006f20   0x00000094   Zero   RW         2036    .bss                Net4_CM3_L.lib(net_eth.o)
    0x10006fb4   0x00000010   Zero   RW         2082    .bss                Net4_CM3_L.lib(net_arp.o)
    0x10006fc4   0x00000020   Zero   RW         2377    .bss                Net4_CM3_L.lib(net_ping.o)
    0x10006fe4   0x00000030   Zero   RW         2403    .bss                Net4_CM3_L.lib(net_sys.o)
    0x10007014   0x00000018   Zero   RW         2404    .bss                Net4_CM3_L.lib(net_sys.o)
    0x1000702c   0x00000034   Zero   RW         2477    .bss                RTX_CM3.lib(rt_task.o)
    0x10007060   0x00000030   Zero   RW         2697    .bss                RTX_CM3.lib(rt_list.o)
    0x10007090   0x00000014   Zero   RW         3063    .bss                Net4_CM3_L.lib(net_mem.o)
    0x100070a4   0x00000004   PAD
    0x100070a8   0x00000200   Zero   RW         1094    STACK               startup_lpc17xx.o


==============================================================================

Image component sizes


      Code (inc. data)   RO Data    RW Data    ZI Data      Debug   Object Name

      2630        200         76         24      10868      73587   emac_lpc17xx.o
       112         14          0          8         64       2561   gpdma_lpc17xx.o
        72         16          0          0          0       1706   gpio_lpc17xx.o
       966         80        192         26         32      86768   main.o
        20          0        358         14      12840      13874   net_config.o
        54          8          0          0          0      21186   net_legacy.o
       436         36         36          0         12       8218   phy_lan8720.o
       104          4          0          0          0        864   pin_lpc17xx.o
        28          6         88         12       4352      11924   rtx_conf_cm.o
        40         12        204          0        512        936   startup_lpc17xx.o
       416         36          0          4          0       1303   system_lpc17xx.o
       762         36        524          8         96      23844   uart_lpc17xx.o

    ----------------------------------------------------------------------
      5650        448       1524        100      28776     246771   Object Totals
         0          0         32          0          0          0   (incl. Generated)
        10          0         14          4          0          0   (incl. Padding)

    ----------------------------------------------------------------------

      Code (inc. data)   RO Data    RW Data    ZI Data      Debug   Library Member Name

       288         34         16          0          0        364   net_addr.o
      1904        134          0          1         16       1120   net_arp.o
       218         24          0          0          0        372   net_bsd.o
       104          4          0          0          0        284   net_common.o
      1550        108          6          0        148       1036   net_eth.o
       344         22          0          0          0        164   net_icmp.o
       936         72          8          8          0        824   net_ip4.o
       204         24          0          8          0        232   net_loop.o
       400         40          0          0         20        464   net_mem.o
       396         26          8          1          0        176   net_nbns_client.o
        96         18         18          0         32        212   net_ping.o
       408         68          8          8         72        560   net_sys.o
      3714        112          0          4          0       1956   net_tcp.o
       766         44          0         10          0        568   net_udp.o
       238         24          0          1          0       3256   hal_cm.o
       304         36          0          0          0        760   hal_cm3.o
      2304        256          0          8          0      50732   rt_cmsis.o
       300         24          0          0          0       3143   rt_event.o
       566         44          0          0         48       8696   rt_list.o
       554         10          0          0          0       3901   rt_mailbox.o
       140          0          0          0          0       1901   rt_membox.o
       128          0          0          0          0       2275   rt_memory.o
       336         12          0          0          0       2057   rt_mutex.o
        96         22          0          8          0       1134   rt_robin.o
       186         10          0          0          0       2862   rt_semaphore.o
       334         64          0          8          0       7003   rt_system.o
      1264        184          0          8         52      10035   rt_task.o
         6          0          0          4          0        636   rt_time.o
         4          4          0          0          0        200   svc_table.o
        56          8          0          0          0         84   __0sscanf.o
        28          0          0          0          0         68   _chval.o
       812          4          0          0          0        112   _scanf.o
       332          0          0          0          0         96   _scanf_int.o
        64          0          0          0          0         84   _sgetc.o
        40          6         64          0          0         68   ctype_c.o
         0          0          0          0          0          0   entry.o
         0          0          0          0          0          0   entry10a.o
         0          0          0          0          0          0   entry11a.o
         8          4          0          0          0          0   entry2.o
         4          0          0          0          0          0   entry5.o
         0          0          0          0          0          0   entry7b.o
         0          0          0          0          0          0   entry8b.o
        30          0          0          0          0          0   handlers.o
        36          8          0          0          0         68   init.o
        10          0          0          0          0         68   isspace_c.o
        30          0          0          0          0         68   llshl.o
        32          0          0          0          0         68   llushr.o
        26          0          0          0          0         80   memcmp.o
        36          0          0          0          0         68   memcpya.o
        36          0          0          0          0        108   memseta.o
        40          8          0          0          0         84   scanf_char.o
        30          0          0          0          0         80   strncmp.o
        98          0          0          0          0         92   uldiv.o

    ----------------------------------------------------------------------
     19878       1458        128         84        392     108219   Library Totals
        42          0          0          7          4          0   (incl. Padding)

    ----------------------------------------------------------------------

      Code (inc. data)   RO Data    RW Data    ZI Data      Debug   Library Name

     11328        730         64         40        288       8332   Net4_CM3_L.lib
      6760        690          0         37        100      98591   RTX_CM3.lib
      1748         38         64          0          0       1296   mc_w.l

    ----------------------------------------------------------------------
     19878       1458        128         84        392     108219   Library Totals

    ----------------------------------------------------------------------

==============================================================================


      Code (inc. data)   RO Data    RW Data    ZI Data      Debug   

     25528       1906       1652        184      29168     339750   Grand Totals
     25528       1906       1652        184      29168     339750   ELF Image Totals
     25528       1906       1652        184          0          0   ROM Totals

==============================================================================

    Total RO  Size (Code + RO Data)                27180 (  26.54kB)
    Total RW  Size (RW Data + ZI Data)             29352 (  28.66kB)
    Total ROM Size (Code + RO Data + RW Data)      27364 (  26.72kB)

==============================================================================

