Component: ARM Compiler 5.06 update 2 (build 183) Tool: armlink [4d35b7]

==============================================================================

Section Cross References

    main.o(i._Z11tcp_cb_funci12netTCP_EventPK8net_addrPKhj) refers to memseta.o(.text) for __aeabi_memclr
    main.o(i._Z11tcp_cb_funci12netTCP_EventPK8net_addrPKhj) refers to main.o(.data) for .data
    main.o(i._Z11tcp_cb_funci12netTCP_EventPK8net_addrPKhj) refers to main.o(.bss) for .bss
    main.o(i._Z12socketListenv) refers to net_tcp.o(i.netTCP_GetSocket) for netTCP_GetSocket
    main.o(i._Z12socketListenv) refers to net_tcp.o(i.netTCP_Listen) for netTCP_Listen
    main.o(i._Z12socketListenv) refers to net_tcp.o(i.netTCP_SetOption) for netTCP_SetOption
    main.o(i._Z12socketListenv) refers to main.o(i._Z11tcp_cb_funci12netTCP_EventPK8net_addrPKhj) for tcp_cb_func(int, netTCP_Event, const net_addr*, const unsigned char*, unsigned)
    main.o(i._Z12socketListenv) refers to main.o(.data) for .data
    main.o(i._Z14ethernetConfigv) refers to net_sys.o(i.netSYS_SetHostName) for netSYS_SetHostName
    main.o(i._Z14ethernetConfigv) refers to net_addr.o(i.netMAC_aton) for netMAC_aton
    main.o(i._Z14ethernetConfigv) refers to net_sys.o(i.netIF_SetOption) for netIF_SetOption
    main.o(i._Z14ethernetConfigv) refers to net_config.o(i.netDHCP_Disable) for netDHCP_Disable
    main.o(i._Z14ethernetConfigv) refers to net_addr.o(i.netIP_aton) for netIP_aton
    main.o(i._Z14ethernetConfigv) refers to main.o(.constdata) for .constdata
    main.o(i._Z14ethernetConfigv) refers to main.o(.data) for .data
    main.o(i._Z15heartBeatThreadPKv) refers to rt_cmsis.o(i.osDelay) for osDelay
    main.o(i._Z15heartBeatThreadPKv) refers to itm_arm.o(i._Z10itmPrintlnPc) for itmPrintln(char*)
    main.o(i._Z15heartBeatThreadPKv) refers to memseta.o(.text) for __aeabi_memclr4
    main.o(i._Z15heartBeatThreadPKv) refers to strncmp.o(.text) for strncmp
    main.o(i._Z15heartBeatThreadPKv) refers to main.o(.data) for .data
    main.o(i._Z15heartBeatThreadPKv) refers to main.o(.bss) for .bss
    main.o(i._Z15heartBeatThreadPKv) refers to main.o(.constdata) for .constdata
    main.o(i._Z15uart0Initializev) refers to main.o(i._Z14NVIC_EnableIRQ4IRQn) for NVIC_EnableIRQ(IRQn)
    main.o(i._Z15uart0Initializev) refers to uart_lpc17xx.o(.constdata) for Driver_USART0
    main.o(i._Z15uart0Initializev) refers to main.o(i._Z14USART_callbackj) for USART_callback(unsigned)
    main.o(i._Z15uart1Initializev) refers to main.o(i._Z14NVIC_EnableIRQ4IRQn) for NVIC_EnableIRQ(IRQn)
    main.o(i._Z15uart1Initializev) refers to uart_lpc17xx.o(.constdata) for Driver_USART1
    main.o(i._Z15uart1Initializev) refers to main.o(i._Z14USART_callbackj) for USART_callback(unsigned)
    main.o(i._Z17uart0UnInitializev) refers to uart_lpc17xx.o(.constdata) for Driver_USART0
    main.o(i._Z17uart1UnInitializev) refers to uart_lpc17xx.o(.constdata) for Driver_USART1
    main.o(i._Z18ethernetInitializev) refers to emac_lpc17xx.o(.constdata) for Driver_ETH_MAC0
    main.o(i._Z18ethernetInitializev) refers to main.o(.data) for .data
    main.o(i._Z18ethernetInitializev) refers to phy_lan8720.o(.constdata) for Driver_ETH_PHY0
    main.o(i._Z18ethernetInitializev) refers to main.o(i._Z13ethernetEventj) for ethernetEvent(unsigned)
    main.o(i._Z26ethernet_check_link_statusv) refers to main.o(.data) for .data
    main.o(i.main) refers to system_lpc17xx.o(i.SystemCoreClockUpdate) for SystemCoreClockUpdate
    main.o(i.main) refers to rt_cmsis.o(i.osKernelInitialize) for osKernelInitialize
    main.o(i.main) refers to rt_cmsis.o(i.osDelay) for osDelay
    main.o(i.main) refers to net_sys.o(i.netInitialize) for netInitialize
    main.o(i.main) refers to main.o(i._Z18ethernetInitializev) for ethernetInitialize()
    main.o(i.main) refers to main.o(i._Z13ledInitializev) for ledInitialize()
    main.o(i.main) refers to rt_cmsis.o(i.osThreadCreate) for osThreadCreate
    main.o(i.main) refers to main.o(i._Z12socketListenv) for socketListen()
    main.o(i.main) refers to rt_cmsis.o(i.osKernelStart) for osKernelStart
    main.o(i.main) refers to system_lpc17xx.o(.data) for SystemCoreClock
    main.o(i.main) refers to main.o(.constdata) for .constdata
    main.o(.ARM.exidx) refers to main.o(i._Z14USART_callbackj) for i._Z14USART_callbackj
    main.o(.ARM.exidx) refers to main.o(i._Z15uart0Initializev) for i._Z15uart0Initializev
    main.o(.ARM.exidx) refers to main.o(i._Z17uart0UnInitializev) for i._Z17uart0UnInitializev
    main.o(.ARM.exidx) refers to main.o(i._Z15uart1Initializev) for i._Z15uart1Initializev
    main.o(.ARM.exidx) refers to main.o(i._Z17uart1UnInitializev) for i._Z17uart1UnInitializev
    main.o(.ARM.exidx) refers to main.o(i._Z13ethernetEventj) for i._Z13ethernetEventj
    main.o(.ARM.exidx) refers to main.o(i._Z18ethernetInitializev) for i._Z18ethernetInitializev
    main.o(.ARM.exidx) refers to main.o(i._Z26ethernet_check_link_statusv) for i._Z26ethernet_check_link_statusv
[...]
    PWM1_IRQHandler                          0x00000243   Thumb Code     0  startup_lpc17xx.o(.text)
    QEI_IRQHandler                           0x00000243   Thumb Code     0  startup_lpc17xx.o(.text)
    RIT_IRQHandler                           0x00000243   Thumb Code     0  startup_lpc17xx.o(.text)
    RTC_IRQHandler                           0x00000243   Thumb Code     0  startup_lpc17xx.o(.text)
    SPI_IRQHandler                           0x00000243   Thumb Code     0  startup_lpc17xx.o(.text)
    SSP0_IRQHandler                          0x00000243   Thumb Code     0  startup_lpc17xx.o(.text)
    SSP1_IRQHandler                          0x00000243   Thumb Code     0  startup_lpc17xx.o(.text)
    TIMER0_IRQHandler                        0x00000243   Thumb Code     0  startup_lpc17xx.o(.text)
    TIMER1_IRQHandler                        0x00000243   Thumb Code     0  startup_lpc17xx.o(.text)
    TIMER2_IRQHandler                        0x00000243   Thumb Code     0  startup_lpc17xx.o(.text)
    TIMER3_IRQHandler                        0x00000243   Thumb Code     0  startup_lpc17xx.o(.text)
    UART2_IRQHandler                         0x00000243   Thumb Code     0  startup_lpc17xx.o(.text)
    UART3_IRQHandler                         0x00000243   Thumb Code     0  startup_lpc17xx.o(.text)
    USBActivity_IRQHandler                   0x00000243   Thumb Code     0  startup_lpc17xx.o(.text)
    USB_IRQHandler                           0x00000243   Thumb Code     0  startup_lpc17xx.o(.text)
    WDT_IRQHandler                           0x00000243   Thumb Code     0  startup_lpc17xx.o(.text)
    __aeabi_uldivmod                         0x0000024d   Thumb Code    98  uldiv.o(.text)
    __aeabi_memcpy                           0x000002af   Thumb Code    36  memcpya.o(.text)
    __aeabi_memcpy4                          0x000002af   Thumb Code     0  memcpya.o(.text)
    __aeabi_memcpy8                          0x000002af   Thumb Code     0  memcpya.o(.text)
    __aeabi_memset                           0x000002d3   Thumb Code    14  memseta.o(.text)
    __aeabi_memset4                          0x000002d3   Thumb Code     0  memseta.o(.text)
    __aeabi_memset8                          0x000002d3   Thumb Code     0  memseta.o(.text)
    __aeabi_memclr                           0x000002e1   Thumb Code     4  memseta.o(.text)
    __aeabi_memclr4                          0x000002e1   Thumb Code     0  memseta.o(.text)
    __aeabi_memclr8                          0x000002e1   Thumb Code     0  memseta.o(.text)
    _memset$wrapper                          0x000002e5   Thumb Code    18  memseta.o(.text)
    __I$use$fp                               0x000002f7   Thumb Code     0  iusefp.o(.text)
    SVC_Count                                0x000002f8   Data           4  svc_table.o(SVC_TABLE)
    SVC_Table                                0x000002fc   Data           0  svc_table.o(SVC_TABLE)
    memcmp                                   0x00000301   Thumb Code    26  memcmp.o(.text)
    strncmp                                  0x0000031b   Thumb Code    30  strncmp.o(.text)
    __0sscanf                                0x00000339   Thumb Code    48  __0sscanf.o(.text)
    _scanf_int                               0x00000371   Thumb Code   332  _scanf_int.o(.text)
    __RL_RTX_VER                             0x00000481   Number         0  rt_system.o ABSOLUTE
    __aeabi_uidiv                            0x000004bd   Thumb Code     0  uidiv.o(.text)
    __aeabi_uidivmod                         0x000004bd   Thumb Code    44  uidiv.o(.text)
    __aeabi_llsl                             0x000004e9   Thumb Code    30  llshl.o(.text)
    _ll_shift_l                              0x000004e9   Thumb Code     0  llshl.o(.text)
    __aeabi_llsr                             0x00000507   Thumb Code    32  llushr.o(.text)
    _ll_ushift_r                             0x00000507   Thumb Code     0  llushr.o(.text)
    _chval                                   0x00000527   Thumb Code    28  _chval.o(.text)
    __vfscanf_char                           0x00000551   Thumb Code    20  scanf_char.o(.text)
    _sgetc                                   0x0000056d   Thumb Code    30  _sgetc.o(.text)
    _sbackspace                              0x0000058b   Thumb Code    34  _sgetc.o(.text)
    __aeabi_dadd                             0x000005ad   Thumb Code   322  dadd.o(.text)
    __aeabi_dsub                             0x000006ef   Thumb Code     6  dadd.o(.text)
    __aeabi_drsub                            0x000006f5   Thumb Code     6  dadd.o(.text)
    __aeabi_dmul                             0x000006fb   Thumb Code   228  dmul.o(.text)
    __aeabi_ddiv                             0x000007df   Thumb Code   222  ddiv.o(.text)
    __aeabi_d2ulz                            0x000008bd   Thumb Code    48  dfixul.o(.text)
    __aeabi_cdrcmple                         0x000008ed   Thumb Code    48  cdrcmple.o(.text)
    __scatterload                            0x0000091d   Thumb Code    28  init.o(.text)
    __scatterload_rt2                        0x0000091d   Thumb Code     0  init.o(.text)
    __aeabi_lasr                             0x00000941   Thumb Code    36  llsshr.o(.text)
    _ll_sshift_r                             0x00000941   Thumb Code     0  llsshr.o(.text)
    isspace                                  0x00000965   Thumb Code    10  isspace_c.o(.text)
    __vfscanf                                0x00000971   Thumb Code   808  _scanf.o(.text)
    _double_round                            0x00000c9d   Thumb Code    30  depilogue.o(.text)
    _double_epilogue                         0x00000cbb   Thumb Code   156  depilogue.o(.text)
    __ctype_lookup                           0x00000d59   Thumb Code    34  ctype_c.o(.text)
    DMA_IRQHandler                           0x00000ed5   Thumb Code    74  gpdma_lpc17xx.o(i.DMA_IRQHandler)
    ENET_IRQHandler                          0x00000f29   Thumb Code    50  emac_lpc17xx.o(i.ENET_IRQHandler)
    GPIO_PinWrite                            0x00000f65   Thumb Code    20  gpio_lpc17xx.o(i.GPIO_PinWrite)
    GPIO_PortRead                            0x00000f7d   Thumb Code    10  gpio_lpc17xx.o(i.GPIO_PortRead)
    GPIO_SetDir                              0x00000f8d   Thumb Code    26  gpio_lpc17xx.o(i.GPIO_SetDir)
    ITM_SendChar                             0x000010c1   Thumb Code    32  retarget_io.o(i.ITM_SendChar)
    PIN_Configure                            0x00001409   Thumb Code   100  pin_lpc17xx.o(i.PIN_Configure)
    SystemCoreClockUpdate                    0x000018d9   Thumb Code   184  system_lpc17xx.o(i.SystemCoreClockUpdate)
    SystemInit                               0x000019a9   Thumb Code   196  system_lpc17xx.o(i.SystemInit)
    UART0_IRQHandler                         0x00001a79   Thumb Code     6  uart_lpc17xx.o(i.UART0_IRQHandler)
    UART1_IRQHandler                         0x00001a85   Thumb Code     6  uart_lpc17xx.o(i.UART1_IRQHandler)
    USART0_GPDMA_Rx_Event                    0x00001a91   Thumb Code     6  uart_lpc17xx.o(i.USART0_GPDMA_Rx_Event)
    USART0_GPDMA_Tx_Event                    0x00001a9d   Thumb Code     6  uart_lpc17xx.o(i.USART0_GPDMA_Tx_Event)
    USART1_GPDMA_Rx_Event                    0x00001aa9   Thumb Code     6  uart_lpc17xx.o(i.USART1_GPDMA_Rx_Event)
    USART1_GPDMA_Tx_Event                    0x00001ab5   Thumb Code     6  uart_lpc17xx.o(i.USART1_GPDMA_Tx_Event)
    itmPrintln(char*)                        0x00001e51   Thumb Code    44  itm_arm.o(i._Z10itmPrintlnPc)
    tcp_cb_func(int, netTCP_Event, const net_addr*, const unsigned char*, unsigned) 0x00001e7d   Thumb Code    88  main.o(i._Z11tcp_cb_funci12netTCP_EventPK8net_addrPKhj)
    socketListen()                           0x00001edd   Thumb Code    40  main.o(i._Z12socketListenv)
    ethernetEvent(unsigned)                  0x00001f0d   Thumb Code     2  main.o(i._Z13ethernetEventj)
    ledInitialize()                          0x00001f11   Thumb Code    36  main.o(i._Z13ledInitializev)
    heartBeatThread(const void*)             0x00001f3d   Thumb Code   140  main.o(i._Z15heartBeatThreadPKv)
    ethernetInitialize()                     0x00001fd9   Thumb Code   144  main.o(i._Z18ethernetInitializev)
    __0printf$8                              0x00002079   Thumb Code    22  printf8.o(i.__0printf$8)
    __1printf$8                              0x00002079   Thumb Code     0  printf8.o(i.__0printf$8)
    __2printf                                0x00002079   Thumb Code     0  printf8.o(i.__0printf$8)
    __0sprintf$8                             0x00002099   Thumb Code    34  printf8.o(i.__0sprintf$8)
    __1sprintf$8                             0x00002099   Thumb Code     0  printf8.o(i.__0sprintf$8)
    __2sprintf                               0x00002099   Thumb Code     0  printf8.o(i.__0sprintf$8)
    __0vprintf                               0x000020c1   Thumb Code     8  printfa.o(i.__0vprintf)
    __1vprintf                               0x000020c1   Thumb Code     0  printfa.o(i.__0vprintf)
    __2vprintf                               0x000020c1   Thumb Code     0  printfa.o(i.__0vprintf)
    __c89vprintf                             0x000020c1   Thumb Code     0  printfa.o(i.__0vprintf)
    vprintf                                  0x000020c1   Thumb Code     0  printfa.o(i.__0vprintf)
    __scatterload_copy                       0x000020d1   Thumb Code    14  handlers.o(i.__scatterload_copy)
    __scatterload_null                       0x000020df   Thumb Code     2  handlers.o(i.__scatterload_null)
    __scatterload_zeroinit                   0x000020e1   Thumb Code    14  handlers.o(i.__scatterload_zeroinit)
    _init_box                                0x00002255   Thumb Code    70  rt_membox.o(i._init_box)
    dbg_init                                 0x00003229   Thumb Code    34  hal_cm.o(i.dbg_init)
    dbg_task_notify                          0x00003259   Thumb Code    32  hal_cm.o(i.dbg_task_notify)
    dbg_task_switch                          0x00003279   Thumb Code    16  hal_cm.o(i.dbg_task_switch)
    eth_link_notify                          0x00003879   Thumb Code     2  net_legacy.o(i.eth_link_notify)
    fputc                                    0x00003955   Thumb Code    16  retarget_io.o(i.fputc)
    isrMessageGet                            0x00003af9   Thumb Code    42  rt_cmsis.o(i.isrMessageGet)
    isrMessagePut                            0x00003b23   Thumb Code    44  rt_cmsis.o(i.isrMessagePut)
    isrSemaphoreRelease                      0x00003b4f   Thumb Code    40  rt_cmsis.o(i.isrSemaphoreRelease)
    isrSignalSet                             0x00003b77   Thumb Code    36  rt_cmsis.o(i.isrSignalSet)
    isr_evt_set                              0x00003b9d   Thumb Code    34  rt_event.o(i.isr_evt_set)
    isr_mbx_receive                          0x00003bc5   Thumb Code    86  rt_mailbox.o(i.isr_mbx_receive)
    isr_mbx_send                             0x00003c1b   Thumb Code    14  rt_mailbox.o(i.isr_mbx_send)
    isr_sem_send                             0x00003c29   Thumb Code    16  rt_semaphore.o(i.isr_sem_send)
    main                                     0x00003c81   Thumb Code   102  main.o(i.main)
    netCore_Thread                           0x00003f45   Thumb Code    76  net_sys.o(i.netCore_Thread)
    netETH_Notify                            0x00003f9d   Thumb Code    52  net_legacy.o(i.netETH_Notify)
    netETH_Thread                            0x00003fd1   Thumb Code    56  net_eth.o(i.netETH_Thread)
    netInitialize                            0x0000400d   Thumb Code   162  net_sys.o(i.netInitialize)
    netMAC_aton                              0x00004121   Thumb Code   112  net_addr.o(i.netMAC_aton)
    netTCP_GetSocket                         0x0000419d   Thumb Code    24  net_tcp.o(i.netTCP_GetSocket)
    netTCP_Listen                            0x000041b5   Thumb Code    28  net_tcp.o(i.netTCP_Listen)
    netTCP_SetOption                         0x000041d1   Thumb Code    32  net_tcp.o(i.netTCP_SetOption)
    net_addr4_aton                           0x000041f1   Thumb Code    82  net_addr.o(i.net_addr4_aton)
    net_addr4_is_subnet                      0x00004259   Thumb Code    26  net_addr.o(i.net_addr4_is_subnet)
    net_addr4_ntoa                           0x00004275   Thumb Code     6  net_addr.o(i.net_addr4_ntoa)
    net_addr_get_local                       0x00004281   Thumb Code    14  net_addr.o(i.net_addr_get_local)
    net_addr_is_unspec                       0x0000428f   Thumb Code    20  net_addr.o(i.net_addr_is_unspec)
    net_arp_cache_add                        0x000042a5   Thumb Code   244  net_arp.o(i.net_arp_cache_add)
    net_arp_cache_early                      0x00004415   Thumb Code   174  net_arp.o(i.net_arp_cache_early)
    net_arp_cache_find                       0x000044f1   Thumb Code   212  net_arp.o(i.net_arp_cache_find)
    net_arp_init                             0x00004649   Thumb Code    58  net_arp.o(i.net_arp_init)
    net_arp_notify                           0x000046a5   Thumb Code    30  net_arp.o(i.net_arp_notify)
    net_arp_process                          0x000046d1   Thumb Code   390  net_arp.o(i.net_arp_process)
    net_arp_run                              0x00004935   Thumb Code   324  net_arp.o(i.net_arp_run)
    net_bsd_notify                           0x00004b01   Thumb Code     2  net_bsd.o(i.net_bsd_notify)
    net_bsd_resume                           0x00004b03   Thumb Code    24  net_bsd.o(i.net_bsd_resume)
    net_bsd_socket_init                      0x00004b1d   Thumb Code    30  net_bsd.o(i.net_bsd_socket_init)
    net_bsd_socket_run                       0x00004b55   Thumb Code   114  net_bsd.o(i.net_bsd_socket_run)
    net_dbg_error                            0x00004bd1   Thumb Code    50  net_debug.o(i.net_dbg_error)
    net_dbg_info                             0x00004c11   Thumb Code    42  net_debug.o(i.net_dbg_info)
    net_dbg_proc                             0x00004c45   Thumb Code    12  net_sys.o(i.net_dbg_proc)
    net_dbg_time                             0x00004c55   Thumb Code    38  net_sys.o(i.net_dbg_time)
    net_debug_init                           0x00004c91   Thumb Code     2  net_debug.o(i.net_debug_init)
    net_eth_iface_init                       0x00004c95   Thumb Code   478  net_eth.o(i.net_eth_iface_init)
    net_eth_iface_run                        0x00004f25   Thumb Code   372  net_eth.o(i.net_eth_iface_run)
    net_eth_is_my_addr                       0x00005131   Thumb Code    28  net_eth.o(i.net_eth_is_my_addr)
    net_eth_output                           0x00005151   Thumb Code    30  net_eth.o(i.net_eth_output)
    net_eth_send_frame                       0x00005175   Thumb Code   184  net_eth.o(i.net_eth_send_frame)
    net_eth_update_filter                    0x000052bd   Thumb Code   170  net_eth.o(i.net_eth_update_filter)
    net_icmp_process                         0x00005371   Thumb Code   290  net_icmp.o(i.net_icmp_process)
    net_icmp_send_echo                       0x000055dd   Thumb Code   122  net_icmp.o(i.net_icmp_send_echo)
    net_igmp_collect_addr                    0x00005661   Thumb Code     4  net_config.o(i.net_igmp_collect_addr)
    net_igmp_is_member                       0x00005665   Thumb Code     4  net_config.o(i.net_igmp_is_member)
    net_igmp_process                         0x00005669   Thumb Code     2  net_config.o(i.net_igmp_process)
    net_ip4_checksum                         0x0000566b   Thumb Code    76  net_ip4.o(i.net_ip4_checksum)
    net_ip4_chk_frame                        0x000056b9   Thumb Code   250  net_ip4.o(i.net_ip4_chk_frame)
    net_ip4_chksum_buf                       0x00005895   Thumb Code    50  net_ip4.o(i.net_ip4_chksum_buf)
    net_ip4_get_local                        0x000058c9   Thumb Code    52  net_ip4.o(i.net_ip4_get_local)
    net_ip4_init                             0x00005909   Thumb Code    12  net_ip4.o(i.net_ip4_init)
    net_ip4_is_subcast                       0x00005919   Thumb Code    38  net_ip4.o(i.net_ip4_is_subcast)
    net_ip4_send_frame                       0x00005945   Thumb Code   310  net_ip4.o(i.net_ip4_send_frame)
    net_ip4_tx_offload                       0x00005acd   Thumb Code    44  net_ip4.o(i.net_ip4_tx_offload)
    net_loop_iface_init                      0x00005b01   Thumb Code    34  net_loop.o(i.net_loop_iface_init)
    net_loop_iface_run                       0x00005b3d   Thumb Code   108  net_loop.o(i.net_loop_iface_run)
    net_loop_send_frame                      0x00005bcd   Thumb Code    94  net_loop.o(i.net_loop_send_frame)
    net_mac_ntoa                             0x00005c59   Thumb Code     6  net_addr.o(i.net_mac_ntoa)
    net_mem_alloc                            0x00005c65   Thumb Code   168  net_mem.o(i.net_mem_alloc)
    net_mem_avail                            0x00005d89   Thumb Code    22  net_mem.o(i.net_mem_avail)
    net_mem_free                             0x00005da5   Thumb Code   136  net_mem.o(i.net_mem_free)
    net_mem_init                             0x00005e91   Thumb Code   110  net_mem.o(i.net_mem_init)
    net_memcrc                               0x00005f41   Thumb Code    32  net_common.o(i.net_memcrc)
    net_nbns_client_init                     0x00005f61   Thumb Code    54  net_nbns_client.o(i.net_nbns_client_init)
    net_ping_client_init                     0x00005fc9   Thumb Code    20  net_ping.o(i.net_ping_client_init)
    net_ping_client_run                      0x00005ff1   Thumb Code    88  net_ping.o(i.net_ping_client_run)
    net_ppp_send_frame                       0x0000607d   Thumb Code     4  net_config.o(i.net_ppp_send_frame)
    net_rand32                               0x00006081   Thumb Code    18  net_sys.o(i.net_rand32)
    net_slip_send_frame                      0x0000609d   Thumb Code     4  net_config.o(i.net_slip_send_frame)
    net_strcpy                               0x000060a1   Thumb Code    18  net_common.o(i.net_strcpy)
    net_strtoupper                           0x000060b3   Thumb Code    26  net_common.o(i.net_strtoupper)
    net_sys_error                            0x000060cd   Thumb Code     2  net_config.o(i.net_sys_error)
    net_sys_lock                             0x000060d1   Thumb Code    12  net_sys.o(i.net_sys_lock)
    net_sys_unlock                           0x000060f5   Thumb Code     8  net_sys.o(i.net_sys_unlock)
    net_sys_wakeup                           0x00006101   Thumb Code    24  net_sys.o(i.net_sys_wakeup)
    net_tcp_get_socket                       0x00006121   Thumb Code    96  net_tcp.o(i.net_tcp_get_socket)
    net_tcp_get_state                        0x000061d9   Thumb Code    40  net_tcp.o(i.net_tcp_get_state)
    net_tcp_listen                           0x00006205   Thumb Code   150  net_tcp.o(i.net_tcp_listen)
    net_tcp_process                          0x00006319   Thumb Code  2254  net_tcp.o(i.net_tcp_process)
    net_tcp_set_option                       0x00006e2d   Thumb Code   260  net_tcp.o(i.net_tcp_set_option)
    net_tcp_socket_init                      0x00007025   Thumb Code    40  net_tcp.o(i.net_tcp_socket_init)
    net_tcp_socket_run                       0x00007075   Thumb Code   788  net_tcp.o(i.net_tcp_socket_run)
    net_udp_get_buf                          0x00007515   Thumb Code    40  net_udp.o(i.net_udp_get_buf)
    net_udp_get_socket                       0x00007559   Thumb Code    98  net_udp.o(i.net_udp_get_socket)
    net_udp_open                             0x00007615   Thumb Code   156  net_udp.o(i.net_udp_open)
    net_udp_process                          0x00007745   Thumb Code   228  net_udp.o(i.net_udp_process)
    net_udp_send                             0x000078c5   Thumb Code   382  net_udp.o(i.net_udp_send)
    net_udp_socket_init                      0x00007b39   Thumb Code    32  net_udp.o(i.net_udp_socket_init)
    osDelay                                  0x00007b71   Thumb Code    18  rt_cmsis.o(i.osDelay)
    osKernelInitialize                       0x00007b89   Thumb Code    30  rt_cmsis.o(i.osKernelInitialize)
    osKernelStart                            0x00007bad   Thumb Code    98  rt_cmsis.o(i.osKernelStart)
    osKernelSysTick                          0x00007c19   Thumb Code    18  rt_cmsis.o(i.osKernelSysTick)
    osMessageGet                             0x00007c31   Thumb Code    18  rt_cmsis.o(i.osMessageGet)
    osMutexCreate                            0x00007c49   Thumb Code    38  rt_cmsis.o(i.osMutexCreate)
    osMutexRelease                           0x00007c79   Thumb Code    18  rt_cmsis.o(i.osMutexRelease)
    osMutexWait                              0x00007c91   Thumb Code    18  rt_cmsis.o(i.osMutexWait)
    osSemaphoreCreate                        0x00007ca9   Thumb Code    38  rt_cmsis.o(i.osSemaphoreCreate)
    osSemaphoreRelease                       0x00007cd9   Thumb Code    18  rt_cmsis.o(i.osSemaphoreRelease)
    osSemaphoreWait                          0x00007cf1   Thumb Code    20  rt_cmsis.o(i.osSemaphoreWait)
    osSignalClear                            0x00007d09   Thumb Code    20  rt_cmsis.o(i.osSignalClear)
    osSignalSet                              0x00007d21   Thumb Code    18  rt_cmsis.o(i.osSignalSet)
    osSignalWait                             0x00007d39   Thumb Code    18  rt_cmsis.o(i.osSignalWait)
    osThreadCreate                           0x00007d51   Thumb Code    38  rt_cmsis.o(i.osThreadCreate)
    osThreadExit                             0x00007d81   Thumb Code    14  rt_cmsis.o(i.osThreadExit)
    osThreadYield                            0x00007d99   Thumb Code    18  rt_cmsis.o(i.osThreadYield)
    osTimerCall                              0x00007db1   Thumb Code     8  rt_cmsis.o(i.osTimerCall)
    osTimerCreate                            0x00007dbd   Thumb Code    44  rt_cmsis.o(i.osTimerCreate)
    osTimerStart                             0x00007df1   Thumb Code    18  rt_cmsis.o(i.osTimerStart)
    osTimerThread                            0x00007e09   Thumb Code    38  rt_cmsis.o(i.osTimerThread)
    os_error                                 0x00007e35   Thumb Code     2  rtx_conf_cm.o(i.os_error)
    os_idle_demon                            0x00007e37   Thumb Code     2  rtx_conf_cm.o(i.os_idle_demon)
    os_tick_init                             0x00007e39   Thumb Code    32  rt_system.o(i.os_tick_init)
    os_tick_irqack                           0x00007e61   Thumb Code     2  rt_system.o(i.os_tick_irqack)
    os_tick_ovf                              0x00007e65   Thumb Code    10  rt_system.o(i.os_tick_ovf)
    os_tick_val                              0x00007e75   Thumb Code    14  rt_system.o(i.os_tick_val)
    rt_alloc_box                             0x00007ed5   Thumb Code    26  rt_membox.o(i.rt_alloc_box)
    rt_alloc_mem                             0x00007eef   Thumb Code    62  rt_memory.o(i.rt_alloc_mem)
    rt_block                                 0x00007f2d   Thumb Code    48  rt_task.o(i.rt_block)
    rt_chk_robin                             0x00007f65   Thumb Code    60  rt_robin.o(i.rt_chk_robin)
    rt_dec_dly                               0x00007fad   Thumb Code   102  rt_list.o(i.rt_dec_dly)
    rt_dispatch                              0x0000801d   Thumb Code    60  rt_task.o(i.rt_dispatch)
    rt_dly_wait                              0x00008061   Thumb Code     6  rt_time.o(i.rt_dly_wait)
    rt_evt_clr                               0x00008069   Thumb Code    22  rt_event.o(i.rt_evt_clr)
    rt_evt_psh                               0x00008085   Thumb Code    76  rt_event.o(i.rt_evt_psh)
    rt_evt_set                               0x000080d5   Thumb Code    88  rt_event.o(i.rt_evt_set)
    rt_evt_wait                              0x00008131   Thumb Code    56  rt_event.o(i.rt_evt_wait)
    rt_free_box                              0x0000816d   Thumb Code    44  rt_membox.o(i.rt_free_box)
    rt_free_mem                              0x00008199   Thumb Code    40  rt_memory.o(i.rt_free_mem)
    rt_get_first                             0x000081c1   Thumb Code    40  rt_list.o(i.rt_get_first)
    rt_get_same_rdy_prio                     0x000081e9   Thumb Code    26  rt_list.o(i.rt_get_same_rdy_prio)
    rt_init_mem                              0x0000825d   Thumb Code    26  rt_memory.o(i.rt_init_mem)
    rt_init_robin                            0x00008279   Thumb Code    14  rt_robin.o(i.rt_init_robin)
    rt_init_stack                            0x00008291   Thumb Code   118  hal_cm.o(i.rt_init_stack)
    rt_mbx_check                             0x00008311   Thumb Code     8  rt_mailbox.o(i.rt_mbx_check)
    rt_mbx_init                              0x00008319   Thumb Code    26  rt_mailbox.o(i.rt_mbx_init)
    rt_mbx_psh                               0x00008335   Thumb Code   236  rt_mailbox.o(i.rt_mbx_psh)
    rt_mbx_wait                              0x00008425   Thumb Code   174  rt_mailbox.o(i.rt_mbx_wait)
    rt_mut_init                              0x0000851d   Thumb Code    16  rt_mutex.o(i.rt_mut_init)
    rt_mut_release                           0x0000852d   Thumb Code   208  rt_mutex.o(i.rt_mut_release)
    rt_mut_wait                              0x00008605   Thumb Code   100  rt_mutex.o(i.rt_mut_wait)
    rt_pop_req                               0x0000866d   Thumb Code   112  rt_system.o(i.rt_pop_req)
    rt_psh_req                               0x000086e9   Thumb Code    22  rt_system.o(i.rt_psh_req)
    rt_psq_enq                               0x00008709   Thumb Code    88  rt_list.o(i.rt_psq_enq)
    rt_put_dly                               0x00008765   Thumb Code    68  rt_list.o(i.rt_put_dly)
    rt_put_prio                              0x000087ad   Thumb Code    54  rt_list.o(i.rt_put_prio)
    rt_put_rdy_first                         0x000087e5   Thumb Code    14  rt_list.o(i.rt_put_rdy_first)
    rt_resort_prio                           0x000087f9   Thumb Code    46  rt_list.o(i.rt_resort_prio)
    rt_ret_val                               0x0000882d   Thumb Code     6  hal_cm.o(i.rt_ret_val)
    rt_ret_val2                              0x00008833   Thumb Code     8  hal_cm.o(i.rt_ret_val2)
    rt_rmv_dly                               0x0000883b   Thumb Code    40  rt_list.o(i.rt_rmv_dly)
    rt_rmv_list                              0x00008865   Thumb Code    44  rt_list.o(i.rt_rmv_list)
    rt_sem_init                              0x00008895   Thumb Code    12  rt_semaphore.o(i.rt_sem_init)
    rt_sem_psh                               0x000088a1   Thumb Code    48  rt_semaphore.o(i.rt_sem_psh)
    rt_sem_send                              0x000088d5   Thumb Code    42  rt_semaphore.o(i.rt_sem_send)
    rt_sem_wait                              0x00008901   Thumb Code    58  rt_semaphore.o(i.rt_sem_wait)
    rt_stk_check                             0x00008941   Thumb Code    28  rt_system.o(i.rt_stk_check)
    rt_switch_req                            0x00008965   Thumb Code    30  rt_task.o(i.rt_switch_req)
    rt_sys_init                              0x0000898d   Thumb Code   138  rt_task.o(i.rt_sys_init)
    rt_sys_start                             0x00008a59   Thumb Code   110  rt_task.o(i.rt_sys_start)
    rt_systick                               0x00008ad1   Thumb Code    50  rt_system.o(i.rt_systick)
    rt_tsk_create                            0x00008b95   Thumb Code   118  rt_task.o(i.rt_tsk_create)
    rt_tsk_delete                            0x00008c1d   Thumb Code   352  rt_task.o(i.rt_tsk_delete)
    rt_tsk_pass                              0x00008d99   Thumb Code    38  rt_task.o(i.rt_tsk_pass)
    rt_tsk_prio                              0x00008dc9   Thumb Code   108  rt_task.o(i.rt_tsk_prio)
    rt_tsk_self                              0x00008e45   Thumb Code    12  rt_task.o(i.rt_tsk_self)
    svcDelay                                 0x00008e55   Thumb Code    18  rt_cmsis.o(i.svcDelay)
    svcKernelInitialize                      0x00008e69   Thumb Code    80  rt_cmsis.o(i.svcKernelInitialize)
    svcKernelStart                           0x00008ed9   Thumb Code    62  rt_cmsis.o(i.svcKernelStart)
    svcKernelSysTick                         0x00008f21   Thumb Code    46  rt_cmsis.o(i.svcKernelSysTick)
    svcMessageCreate                         0x00008f59   Thumb Code    36  rt_cmsis.o(i.svcMessageCreate)
    svcMessageGet                            0x00008f7d   Thumb Code    58  rt_cmsis.o(i.svcMessageGet)
    svcMutexCreate                           0x00008fb7   Thumb Code    28  rt_cmsis.o(i.svcMutexCreate)
    svcMutexRelease                          0x00008fd3   Thumb Code    34  rt_cmsis.o(i.svcMutexRelease)
    svcMutexWait                             0x00008ff5   Thumb Code    54  rt_cmsis.o(i.svcMutexWait)
    svcSemaphoreCreate                       0x0000902b   Thumb Code    36  rt_cmsis.o(i.svcSemaphoreCreate)
    svcSemaphoreRelease                      0x0000904f   Thumb Code    40  rt_cmsis.o(i.svcSemaphoreRelease)
    svcSemaphoreWait                         0x00009077   Thumb Code    50  rt_cmsis.o(i.svcSemaphoreWait)
    svcSignalClear                           0x000090a9   Thumb Code    36  rt_cmsis.o(i.svcSignalClear)
    svcSignalSet                             0x000090cd   Thumb Code    36  rt_cmsis.o(i.svcSignalSet)
    svcSignalWait                            0x000090f1   Thumb Code    80  rt_cmsis.o(i.svcSignalWait)
    svcThreadCreate                          0x00009145   Thumb Code   100  rt_cmsis.o(i.svcThreadCreate)
    svcThreadGetId                           0x000091b5   Thumb Code    22  rt_cmsis.o(i.svcThreadGetId)
    svcThreadTerminate                       0x000091d1   Thumb Code    50  rt_cmsis.o(i.svcThreadTerminate)
    svcThreadYield                           0x00009209   Thumb Code    10  rt_cmsis.o(i.svcThreadYield)
    svcTimerCall                             0x00009213   Thumb Code    24  rt_cmsis.o(i.svcTimerCall)
    svcTimerCreate                           0x0000922d   Thumb Code    52  rt_cmsis.o(i.svcTimerCreate)
    svcTimerStart                            0x00009265   Thumb Code    96  rt_cmsis.o(i.svcTimerStart)
    sysTimerTick                             0x000092c9   Thumb Code    84  rt_cmsis.o(i.sysTimerTick)
    os_maxtaskrun                            0x00009be0   Data           2  rtx_conf_cm.o(.constdata)
    os_stackinfo                             0x00009be4   Data           4  rtx_conf_cm.o(.constdata)
    os_rrobin                                0x00009be8   Data           4  rtx_conf_cm.o(.constdata)
    os_tickus_i                              0x00009bec   Data           2  rtx_conf_cm.o(.constdata)
    os_tickus_f                              0x00009bee   Data           2  rtx_conf_cm.o(.constdata)
    os_trv                                   0x00009bf0   Data           4  rtx_conf_cm.o(.constdata)
    os_flags                                 0x00009bf4   Data           1  rtx_conf_cm.o(.constdata)
    CMSIS_RTOS_API_Version                   0x00009bf8   Data           4  rtx_conf_cm.o(.constdata)
    CMSIS_RTOS_RTX_Version                   0x00009bfc   Data           4  rtx_conf_cm.o(.constdata)
    os_clockrate                             0x00009c00   Data           4  rtx_conf_cm.o(.constdata)
    os_timernum                              0x00009c04   Data           4  rtx_conf_cm.o(.constdata)
    os_thread_def_main                       0x00009c08   Data          16  rtx_conf_cm.o(.constdata)
    mp_tcb_size                              0x00009c18   Data           2  rtx_conf_cm.o(.constdata)
    mp_stk_size                              0x00009c1c   Data           4  rtx_conf_cm.o(.constdata)
    os_stack_sz                              0x00009c20   Data           4  rtx_conf_cm.o(.constdata)
    os_fifo_size                             0x00009c24   Data           1  rtx_conf_cm.o(.constdata)
    os_thread_def_osTimerThread              0x00009c28   Data          16  rtx_conf_cm.o(.constdata)
    os_messageQ_def_osTimerMessageQ          0x00009c38   Data           8  rtx_conf_cm.o(.constdata)
    mp_tmr_size                              0x00009c40   Data           2  rtx_conf_cm.o(.constdata)
    Driver_ETH_MAC0                          0x00009c4c   Data          68  emac_lpc17xx.o(.constdata)
    Driver_ETH_PHY0                          0x00009ea0   Data          32  phy_lan8720.o(.constdata)
    os_mutex_def_net_lock                    0x00009ed0   Data           4  net_config.o(.constdata)
    os_mutex_def_mem_lock                    0x00009ed4   Data           4  net_config.o(.constdata)
    net_sys_config                           0x00009ed8   Data          32  net_config.o(.constdata)
    os_semaphore_def_eth0_lock               0x00009f08   Data           4  net_config.o(.constdata)
    net_eth0_config                          0x00009f3c   Data          32  net_config.o(.constdata)
    net_localm                               0x00009f5c   Data          12  net_config.o(.constdata)
    net_udp_config                           0x00009f68   Data           8  net_config.o(.constdata)
    net_tcp_config                           0x00009f70   Data          20  net_config.o(.constdata)
    net_bsd_config                           0x00009f84   Data           8  net_config.o(.constdata)
    net_sys_func                             0x00009f8c   Data          72  net_config.o(.constdata)
    net_mac_bcast                            0x00009fd4   Data           6  net_eth.o(.constdata)
    net_ping_payload                         0x0000a080   Data          18  net_ping.o(.constdata)
    os_timer_def_net_tick                    0x0000a094   Data           8  net_sys.o(.constdata)
    net_addr_null                            0x0000a14a   Data          16  net_addr.o(.constdata)
    net_addr4_bcast                          0x0000a15a   Data           4  net_ip4.o(.constdata)
    net_addr4_loopback                       0x0000a15e   Data           4  net_ip4.o(.constdata)
    __ctype_categories                       0x0000a194   Data          64  ctype_c.o(.constdata)
    Region$$Table$$Base                      0x0000a2dc   Number         0  anon$$obj.o(Region$$Table)
    Region$$Table$$Limit                     0x0000a2fc   Number         0  anon$$obj.o(Region$$Table)
    __MW_NET_VER                             0x07010000   Number         0  net_version.o ABSOLUTE
    DHCP_enabled                             0x10000000   Data           1  main.o(.data)
    ethernetDataFlag                         0x10000001   Data           1  main.o(.data)
    triacToggle                              0x10000002   Data           1  main.o(.data)
    tcp_sock                                 0x10000010   Data           4  main.o(.data)
    m_tmr                                    0x1000001c   Data           4  rtx_conf_cm.o(.data)
    osThreadId_osTimerThread                 0x10000020   Data           4  rtx_conf_cm.o(.data)
    osMessageQId_osTimerMessageQ             0x10000024   Data           4  rtx_conf_cm.o(.data)
    iap_entry                                0x10000028   Data           4  emac_lpc17xx.o(.data)
    SystemCoreClock                          0x10000050   Data           4  system_lpc17xx.o(.data)
    os_initialized                           0x10000064   Data           1  rt_cmsis.o(.data)
    os_running                               0x10000065   Data           1  rt_cmsis.o(.data)
    os_timer_head                            0x10000068   Data           4  rt_cmsis.o(.data)
    os_tsk                                   0x1000009c   Data           8  rt_task.o(.data)
    os_tick_irqn                             0x100000a8   Data           4  rt_system.o(.data)
    os_time                                  0x100000ac   Data           4  rt_time.o(.data)
    dbg_msg                                  0x100000b0   Data           1  hal_cm.o(.data)
    os_robin                                 0x100000bc   Data           8  rt_robin.o(.data)
    __stdout                                 0x100000c4   Data           4  stdout.o(.data)
    tempwhat                                 0x100000c8   Data          32  main.o(.bss)
    os_messageQ_q_osTimerMessageQ            0x100000e8   Data          32  rtx_conf_cm.o(.bss)
    mp_tcb                                   0x10000108   Data         376  rtx_conf_cm.o(.bss)
    mp_stk                                   0x10000280   Data        1200  rtx_conf_cm.o(.bss)
    os_stack_mem                             0x10000730   Data        2584  rtx_conf_cm.o(.bss)
    os_fifo                                  0x10001148   Data         132  rtx_conf_cm.o(.bss)
    os_active_TCB                            0x100011cc   Data          28  rtx_conf_cm.o(.bss)
    net_eth_control                          0x10006f30   Data         148  net_eth.o(.bss)
    net_ping_control                         0x10006fd4   Data          32  net_ping.o(.bss)
    net_sys_control                          0x10006ff4   Data          48  net_sys.o(.bss)
    os_timer_cb_net_tick                     0x10007024   Data          24  net_sys.o(.bss)
    os_idle_TCB                              0x10007060   Data          52  rt_task.o(.bss)
    os_rdy                                   0x10007094   Data          24  rt_list.o(.bss)
    os_dly                                   0x100070ac   Data          24  rt_list.o(.bss)
    __initial_sp                             0x100072d8   Data           0  startup_lpc17xx.o(STACK)



==============================================================================

Memory Map of the image

  Image Entry point : 0x000000cd

  Load Region LR_IROM1 (Base: 0x00000000, Size: 0x0000a3c4, Max: 0x00080000, ABSOLUTE)

    Execution Region ER_IROM1 (Base: 0x00000000, Size: 0x0000a2fc, Max: 0x00080000, ABSOLUTE)

    Base Addr    Size         Type   Attr      Idx    E Section Name        Object

    0x00000000   0x000000cc   Data   RO         1157    RESET               startup_lpc17xx.o
    0x000000cc   0x00000000   Code   RO         3274  * .ARM.Collect$$$$00000000  mc_w.l(entry.o)
    0x000000cc   0x00000004   Code   RO         3563    .ARM.Collect$$$$00000001  mc_w.l(entry2.o)
    0x000000d0   0x00000004   Code   RO         3566    .ARM.Collect$$$$00000004  mc_w.l(entry5.o)
    0x000000d4   0x00000000   Code   RO         3568    .ARM.Collect$$$$00000008  mc_w.l(entry7b.o)
    0x000000d4   0x00000000   Code   RO         3570    .ARM.Collect$$$$0000000A  mc_w.l(entry8b.o)
    0x000000d4   0x00000000   Code   RO         3571    .ARM.Collect$$$$0000000D  mc_w.l(entry10a.o)
    0x000000d4   0x00000000   Code   RO         3573    .ARM.Collect$$$$0000000F  mc_w.l(entry11a.o)
    0x000000d4   0x00000018   Code   RO          284    .ARM.Collect$$$$000000FF  rtx_conf_cm.o
    0x000000ec   0x00000004   Code   RO         3564    .ARM.Collect$$$$00002712  mc_w.l(entry2.o)
    0x000000f0   0x00000008   Code   RO         2504    .emb_text           Net4_Dbg_CM3_L.lib(net_sys.o)
    0x000000f8   0x00000130   Code   RO         3261    .emb_text           RTX_CM3.lib(hal_cm3.o)
    0x00000228   0x00000024   Code   RO         1159    .text               startup_lpc17xx.o
    0x0000024c   0x00000062   Code   RO         3284    .text               mc_w.l(uldiv.o)
    0x000002ae   0x00000024   Code   RO         3286    .text               mc_w.l(memcpya.o)
    0x000002d2   0x00000024   Code   RO         3288    .text               mc_w.l(memseta.o)
    0x000002f6   0x00000000   Code   RO         3587    .text               mc_w.l(iusefp.o)
    0x000002f6   0x00000002   PAD
    0x000002f8   0x00000004   Code   RO         3271    SVC_TABLE           RTX_CM3.lib(svc_table.o)
    0x000002fc   0x00000004   Code   RO         1158    .ARM.__at_0x02FC    startup_lpc17xx.o
    0x00000300   0x0000001a   Code   RO         3292    .text               mc_w.l(memcmp.o)
    0x0000031a   0x0000001e   Code   RO         3294    .text               mc_w.l(strncmp.o)
    0x00000338   0x00000038   Code   RO         3559    .text               mc_w.l(__0sscanf.o)
    0x00000370   0x0000014c   Code   RO         3561    .text               mc_w.l(_scanf_int.o)
    0x000004bc   0x0000002c   Code   RO         3575    .text               mc_w.l(uidiv.o)
    0x000004e8   0x0000001e   Code   RO         3577    .text               mc_w.l(llshl.o)
    0x00000506   0x00000020   Code   RO         3579    .text               mc_w.l(llushr.o)
    0x00000526   0x0000001c   Code   RO         3581    .text               mc_w.l(_chval.o)
    0x00000542   0x00000002   PAD
    0x00000544   0x00000028   Code   RO         3583    .text               mc_w.l(scanf_char.o)
    0x0000056c   0x00000040   Code   RO         3585    .text               mc_w.l(_sgetc.o)
    0x000005ac   0x0000014e   Code   RO         3588    .text               mf_w.l(dadd.o)
    0x000006fa   0x000000e4   Code   RO         3590    .text               mf_w.l(dmul.o)
    0x000007de   0x000000de   Code   RO         3592    .text               mf_w.l(ddiv.o)
    0x000008bc   0x00000030   Code   RO         3594    .text               mf_w.l(dfixul.o)
    0x000008ec   0x00000030   Code   RO         3596    .text               mf_w.l(cdrcmple.o)
    0x0000091c   0x00000024   Code   RO         3598    .text               mc_w.l(init.o)
    0x00000940   0x00000024   Code   RO         3600    .text               mc_w.l(llsshr.o)
    0x00000964   0x0000000a   Code   RO         3602    .text               mc_w.l(isspace_c.o)
    0x0000096e   0x00000002   PAD
    0x00000970   0x0000032c   Code   RO         3604    .text               mc_w.l(_scanf.o)
    0x00000c9c   0x000000ba   Code   RO         3606    .text               mf_w.l(depilogue.o)
    0x00000d56   0x00000002   PAD
    0x00000d58   0x00000028   Code   RO         3608    .text               mc_w.l(ctype_c.o)
    0x00000d80   0x0000001c   Code   RO          974    i.Clear_Channel_active_flag  gpdma_lpc17xx.o
    0x00000d9c   0x00000130   Code   RO          352    i.Control           emac_lpc17xx.o
    0x00000ecc   0x00000006   Code   RO          353    i.ControlTimer      emac_lpc17xx.o
    0x00000ed2   0x00000002   PAD
    0x00000ed4   0x00000054   Code   RO          975    i.DMA_IRQHandler    gpdma_lpc17xx.o
    0x00000f28   0x0000003c   Code   RO          354    i.ENET_IRQHandler   emac_lpc17xx.o
    0x00000f64   0x00000018   Code   RO         1065    i.GPIO_PinWrite     gpio_lpc17xx.o
    0x00000f7c   0x00000010   Code   RO         1067    i.GPIO_PortRead     gpio_lpc17xx.o
    0x00000f8c   0x00000020   Code   RO         1069    i.GPIO_SetDir       gpio_lpc17xx.o
    0x00000fac   0x0000000c   Code   RO          355    i.GetCapabilities   emac_lpc17xx.o
    0x00000fb8   0x0000003c   Code   RO          850    i.GetLinkInfo       phy_lan8720.o
    0x00000ff4   0x00000028   Code   RO          851    i.GetLinkState      phy_lan8720.o
    0x0000101c   0x0000003c   Code   RO          356    i.GetMacAddress     emac_lpc17xx.o
    0x00001058   0x00000044   Code   RO          357    i.GetRxFrameSize    emac_lpc17xx.o
    0x0000109c   0x00000006   Code   RO          358    i.GetRxFrameTime    emac_lpc17xx.o
    0x000010a2   0x00000006   Code   RO          359    i.GetTxFrameTime    emac_lpc17xx.o
    0x000010a8   0x0000000c   Code   RO          360    i.GetVersion        emac_lpc17xx.o
    0x000010b4   0x0000000c   Code   RO          852    i.GetVersion        phy_lan8720.o
    0x000010c0   0x00000024   Code   RO          908    i.ITM_SendChar      retarget_io.o
    0x000010e4   0x0000014c   Code   RO          361    i.Initialize        emac_lpc17xx.o
    0x00001230   0x00000028   Code   RO          853    i.Initialize        phy_lan8720.o
    0x00001258   0x000000f4   Code   RO          362    i.PHY_Read          emac_lpc17xx.o
    0x0000134c   0x000000bc   Code   RO          363    i.PHY_Write         emac_lpc17xx.o
    0x00001408   0x00000068   Code   RO         1122    i.PIN_Configure     pin_lpc17xx.o
    0x00001470   0x00000170   Code   RO          364    i.PowerControl      emac_lpc17xx.o
    0x000015e0   0x0000008c   Code   RO          854    i.PowerControl      phy_lan8720.o
    0x0000166c   0x0000006c   Code   RO          365    i.ReadFrame         emac_lpc17xx.o
    0x000016d8   0x000000a0   Code   RO          366    i.SendFrame         emac_lpc17xx.o
    0x00001778   0x000000b4   Code   RO          367    i.SetAddressFilter  emac_lpc17xx.o
    0x0000182c   0x00000020   Code   RO          855    i.SetInterface      phy_lan8720.o
    0x0000184c   0x00000030   Code   RO          368    i.SetMacAddress     emac_lpc17xx.o
    0x0000187c   0x0000005c   Code   RO          856    i.SetMode           phy_lan8720.o
    0x000018d8   0x000000d0   Code   RO         1168    i.SystemCoreClockUpdate  system_lpc17xx.o
    0x000019a8   0x000000d0   Code   RO         1169    i.SystemInit        system_lpc17xx.o
    0x00001a78   0x0000000c   Code   RO          546    i.UART0_IRQHandler  uart_lpc17xx.o
    0x00001a84   0x0000000c   Code   RO          547    i.UART1_IRQHandler  uart_lpc17xx.o
    0x00001a90   0x0000000c   Code   RO          549    i.USART0_GPDMA_Rx_Event  uart_lpc17xx.o
    0x00001a9c   0x0000000c   Code   RO          550    i.USART0_GPDMA_Tx_Event  uart_lpc17xx.o
    0x00001aa8   0x0000000c   Code   RO          564    i.USART1_GPDMA_Rx_Event  uart_lpc17xx.o
    0x00001ab4   0x0000000c   Code   RO          565    i.USART1_GPDMA_Tx_Event  uart_lpc17xx.o
    0x00001ac0   0x00000056   Code   RO          579    i.USART_GPDMA_Rx_Event  uart_lpc17xx.o
    0x00001b16   0x0000002c   Code   RO          580    i.USART_GPDMA_Tx_Event  uart_lpc17xx.o
    0x00001b42   0x00000002   PAD
    0x00001b44   0x000001da   Code   RO          585    i.USART_IRQHandler  uart_lpc17xx.o
    0x00001d1e   0x00000056   Code   RO          589    i.USART_RxLineIntHandler  uart_lpc17xx.o
    0x00001d74   0x000000c8   Code   RO          369    i.Uninitialize      emac_lpc17xx.o
    0x00001e3c   0x00000014   Code   RO          857    i.Uninitialize      phy_lan8720.o
    0x00001e50   0x0000002c   Code   RO          211    i._Z10itmPrintlnPc  itm_arm.o
    0x00001e7c   0x00000060   Code   RO            4    i._Z11tcp_cb_funci12netTCP_EventPK8net_addrPKhj  main.o
    0x00001edc   0x00000030   Code   RO            5    i._Z12socketListenv  main.o
    0x00001f0c   0x00000002   Code   RO            6    i._Z13ethernetEventj  main.o
    0x00001f0e   0x00000002   PAD
    0x00001f10   0x0000002c   Code   RO            7    i._Z13ledInitializev  main.o
    0x00001f3c   0x0000009c   Code   RO           11    i._Z15heartBeatThreadPKv  main.o
    0x00001fd8   0x000000a0   Code   RO           16    i._Z18ethernetInitializev  main.o
    0x00002078   0x00000020   Code   RO         3505    i.__0printf$8       mc_w.l(printf8.o)
    0x00002098   0x00000028   Code   RO         3507    i.__0sprintf$8      mc_w.l(printf8.o)
    0x000020c0   0x00000010   Code   RO         3535    i.__0vprintf        mc_w.l(printfa.o)
    0x000020d0   0x0000000e   Code   RO         3612    i.__scatterload_copy  mc_w.l(handlers.o)
    0x000020de   0x00000002   Code   RO         3613    i.__scatterload_null  mc_w.l(handlers.o)
    0x000020e0   0x0000000e   Code   RO         3614    i.__scatterload_zeroinit  mc_w.l(handlers.o)
    0x000020ee   0x00000002   PAD
    0x000020f0   0x00000164   Code   RO         3538    i._fp_digits        mc_w.l(printfa.o)
    0x00002254   0x00000046   Code   RO         3037    i._init_box         RTX_CM3.lib(rt_membox.o)
    0x0000229a   0x00000002   PAD
    0x0000229c   0x00000410   Code   RO         3512    i._printf_core      mc_w.l(printf8.o)
    0x000026ac   0x000006dc   Code   RO         3539    i._printf_core      mc_w.l(printfa.o)
    0x00002d88   0x00000024   Code   RO         3513    i._printf_post_padding  mc_w.l(printf8.o)
    0x00002dac   0x00000024   Code   RO         3540    i._printf_post_padding  mc_w.l(printfa.o)
    0x00002dd0   0x0000002e   Code   RO         3514    i._printf_pre_padding  mc_w.l(printf8.o)
    0x00002dfe   0x0000002e   Code   RO         3541    i._printf_pre_padding  mc_w.l(printfa.o)
    0x00002e2c   0x0000000a   Code   RO         3516    i._sputc            mc_w.l(printf8.o)
    0x00002e36   0x00000002   PAD
    0x00002e38   0x000000c4   Code   RO         2162    i.arp_cache_alloc   Net4_Dbg_CM3_L.lib(net_arp.o)
    0x00002efc   0x00000040   Code   RO         2163    i.arp_is_cacheable  Net4_Dbg_CM3_L.lib(net_arp.o)
    0x00002f3c   0x00000074   Code   RO         2164    i.arp_probe_run     Net4_Dbg_CM3_L.lib(net_arp.o)
    0x00002fb0   0x000000cc   Code   RO         2165    i.arp_proc_response  Net4_Dbg_CM3_L.lib(net_arp.o)
    0x0000307c   0x000000a8   Code   RO         2166    i.arp_send_reply    Net4_Dbg_CM3_L.lib(net_arp.o)
    0x00003124   0x000000d4   Code   RO         2167    i.arp_send_request  Net4_Dbg_CM3_L.lib(net_arp.o)
    0x000031f8   0x00000030   Code   RO         2403    i.bsd_enable        Net4_Dbg_CM3_L.lib(net_bsd.o)
    0x00003228   0x00000030   Code   RO         3090    i.dbg_init          RTX_CM3.lib(hal_cm.o)
    0x00003258   0x00000020   Code   RO         3091    i.dbg_task_notify   RTX_CM3.lib(hal_cm.o)
    0x00003278   0x00000010   Code   RO         3092    i.dbg_task_switch   RTX_CM3.lib(hal_cm.o)
    0x00003288   0x00000044   Code   RO         2168    i.debug_inf2        Net4_Dbg_CM3_L.lib(net_arp.o)
    0x000032cc   0x000000f4   Code   RO         2282    i.debug_inf2        Net4_Dbg_CM3_L.lib(net_tcp.o)
    0x000033c0   0x000000b0   Code   RO         2116    i.debug_info        Net4_Dbg_CM3_L.lib(net_eth.o)
    0x00003470   0x000000d8   Code   RO         2169    i.debug_info        Net4_Dbg_CM3_L.lib(net_arp.o)
    0x00003548   0x00000038   Code   RO         2216    i.debug_info        Net4_Dbg_CM3_L.lib(net_loop.o)
    0x00003580   0x00000074   Code   RO         2231    i.debug_info        Net4_Dbg_CM3_L.lib(net_udp.o)
    0x000035f4   0x0000003c   Code   RO         2283    i.debug_info        Net4_Dbg_CM3_L.lib(net_tcp.o)
    0x00003630   0x000000d8   Code   RO         3138    i.debug_info        Net4_Dbg_CM3_L.lib(net_ip4.o)
    0x00003708   0x000000d0   Code   RO         3168    i.debug_info        Net4_Dbg_CM3_L.lib(net_icmp.o)
    0x000037d8   0x000000a0   Code   RO         2117    i.eth_check_link    Net4_Dbg_CM3_L.lib(net_eth.o)
    0x00003878   0x00000002   Code   RO         1202    i.eth_link_notify   net_legacy.o
    0x0000387a   0x00000002   PAD
    0x0000387c   0x00000010   Code   RO         2118    i.eth_lock          Net4_Dbg_CM3_L.lib(net_eth.o)
    0x0000388c   0x0000001e   Code   RO         2119    i.eth_make_mcast4   Net4_Dbg_CM3_L.lib(net_eth.o)
    0x000038aa   0x00000002   PAD
    0x000038ac   0x00000014   Code   RO         2120    i.eth_notify        Net4_Dbg_CM3_L.lib(net_eth.o)
    0x000038c0   0x00000088   Code   RO         2122    i.eth_receive       Net4_Dbg_CM3_L.lib(net_eth.o)
    0x00003948   0x0000000c   Code   RO         2123    i.eth_unlock        Net4_Dbg_CM3_L.lib(net_eth.o)
    0x00003954   0x00000014   Code   RO          913    i.fputc             retarget_io.o
    0x00003968   0x0000001c   Code   RO         3204    i.get_crc32         Net4_Dbg_CM3_L.lib(net_common.o)
    0x00003984   0x00000058   Code   RO          370    i.init_rx_desc      emac_lpc17xx.o
    0x000039dc   0x0000004c   Code   RO          371    i.init_tx_desc      emac_lpc17xx.o
    0x00003a28   0x0000000a   Code   RO         3139    i.ip4_get_chksum    Net4_Dbg_CM3_L.lib(net_ip4.o)
    0x00003a32   0x00000002   PAD
    0x00003a34   0x00000090   Code   RO         3140    i.ip4_get_route     Net4_Dbg_CM3_L.lib(net_ip4.o)
    0x00003ac4   0x00000034   Code   RO         2546    i.ip4_ntoa          Net4_Dbg_CM3_L.lib(net_addr.o)
    0x00003af8   0x0000002a   Code   RO         1494    i.isrMessageGet     RTX_CM3.lib(rt_cmsis.o)
    0x00003b22   0x0000002c   Code   RO         1495    i.isrMessagePut     RTX_CM3.lib(rt_cmsis.o)
    0x00003b4e   0x00000028   Code   RO         1496    i.isrSemaphoreRelease  RTX_CM3.lib(rt_cmsis.o)
    0x00003b76   0x00000024   Code   RO         1497    i.isrSignalSet      RTX_CM3.lib(rt_cmsis.o)
    0x00003b9a   0x00000002   PAD
    0x00003b9c   0x00000028   Code   RO         2761    i.isr_evt_set       RTX_CM3.lib(rt_event.o)
    0x00003bc4   0x00000056   Code   RO         2883    i.isr_mbx_receive   RTX_CM3.lib(rt_mailbox.o)
    0x00003c1a   0x0000000e   Code   RO         2884    i.isr_mbx_send      RTX_CM3.lib(rt_mailbox.o)
    0x00003c28   0x00000010   Code   RO         2931    i.isr_sem_send      RTX_CM3.lib(rt_semaphore.o)
    0x00003c38   0x00000048   Code   RO         2547    i.mac_ntoa          Net4_Dbg_CM3_L.lib(net_addr.o)
    0x00003c80   0x00000074   Code   RO           18    i.main              main.o
    0x00003cf4   0x00000010   Code   RO         3182    i.mem_lock          Net4_Dbg_CM3_L.lib(net_mem.o)
    0x00003d04   0x0000000c   Code   RO         3183    i.mem_unlock        Net4_Dbg_CM3_L.lib(net_mem.o)
    0x00003d10   0x00000234   Code   RO         2476    i.nbns_listener     Net4_Dbg_CM3_L.lib(net_nbns_client.o)
    0x00003f44   0x00000058   Code   RO         2505    i.netCore_Thread    Net4_Dbg_CM3_L.lib(net_sys.o)
    0x00003f9c   0x00000034   Code   RO         1208    i.netETH_Notify     net_legacy.o
    0x00003fd0   0x0000003c   Code   RO         2125    i.netETH_Thread     Net4_Dbg_CM3_L.lib(net_eth.o)
    0x0000400c   0x00000114   Code   RO         2508    i.netInitialize     Net4_Dbg_CM3_L.lib(net_sys.o)
    0x00004120   0x0000007c   Code   RO         2550    i.netMAC_aton       Net4_Dbg_CM3_L.lib(net_addr.o)
    0x0000419c   0x00000018   Code   RO         2291    i.netTCP_GetSocket  Net4_Dbg_CM3_L.lib(net_tcp.o)
    0x000041b4   0x0000001c   Code   RO         2294    i.netTCP_Listen     Net4_Dbg_CM3_L.lib(net_tcp.o)
    0x000041d0   0x00000020   Code   RO         2299    i.netTCP_SetOption  Net4_Dbg_CM3_L.lib(net_tcp.o)
    0x000041f0   0x00000068   Code   RO         2552    i.net_addr4_aton    Net4_Dbg_CM3_L.lib(net_addr.o)
    0x00004258   0x0000001a   Code   RO         2553    i.net_addr4_is_subnet  Net4_Dbg_CM3_L.lib(net_addr.o)
    0x00004272   0x00000002   PAD
    0x00004274   0x0000000c   Code   RO         2554    i.net_addr4_ntoa    Net4_Dbg_CM3_L.lib(net_addr.o)
    0x00004280   0x0000000e   Code   RO         2558    i.net_addr_get_local  Net4_Dbg_CM3_L.lib(net_addr.o)
    0x0000428e   0x00000014   Code   RO         2559    i.net_addr_is_unspec  Net4_Dbg_CM3_L.lib(net_addr.o)
    0x000042a2   0x00000002   PAD
    0x000042a4   0x00000170   Code   RO         2175    i.net_arp_cache_add  Net4_Dbg_CM3_L.lib(net_arp.o)
    0x00004414   0x000000dc   Code   RO         2176    i.net_arp_cache_early  Net4_Dbg_CM3_L.lib(net_arp.o)
    0x000044f0   0x00000158   Code   RO         2177    i.net_arp_cache_find  Net4_Dbg_CM3_L.lib(net_arp.o)
    0x00004648   0x0000005c   Code   RO         2179    i.net_arp_init      Net4_Dbg_CM3_L.lib(net_arp.o)
    0x000046a4   0x0000002c   Code   RO         2180    i.net_arp_notify    Net4_Dbg_CM3_L.lib(net_arp.o)
    0x000046d0   0x00000264   Code   RO         2182    i.net_arp_process   Net4_Dbg_CM3_L.lib(net_arp.o)
    0x00004934   0x000001cc   Code   RO         2183    i.net_arp_run       Net4_Dbg_CM3_L.lib(net_arp.o)
    0x00004b00   0x00000002   Code   RO         2418    i.net_bsd_notify    Net4_Dbg_CM3_L.lib(net_bsd.o)
    0x00004b02   0x00000018   Code   RO         2419    i.net_bsd_resume    Net4_Dbg_CM3_L.lib(net_bsd.o)
    0x00004b1a   0x00000002   PAD
    0x00004b1c   0x00000038   Code   RO         2420    i.net_bsd_socket_init  Net4_Dbg_CM3_L.lib(net_bsd.o)
    0x00004b54   0x0000007c   Code   RO         2421    i.net_bsd_socket_run  Net4_Dbg_CM3_L.lib(net_bsd.o)
    0x00004bd0   0x00000040   Code   RO         1454    i.net_dbg_error     net_debug.o
    0x00004c10   0x00000034   Code   RO         1455    i.net_dbg_info      net_debug.o
    0x00004c44   0x00000010   Code   RO         2511    i.net_dbg_proc      Net4_Dbg_CM3_L.lib(net_sys.o)
    0x00004c54   0x0000003c   Code   RO         2512    i.net_dbg_time      Net4_Dbg_CM3_L.lib(net_sys.o)
    0x00004c90   0x00000002   Code   RO         1456    i.net_debug_init    net_debug.o
    0x00004c92   0x00000002   PAD
    0x00004c94   0x00000290   Code   RO         2128    i.net_eth_iface_init  Net4_Dbg_CM3_L.lib(net_eth.o)
    0x00004f24   0x0000020c   Code   RO         2129    i.net_eth_iface_run  Net4_Dbg_CM3_L.lib(net_eth.o)
    0x00005130   0x00000020   Code   RO         2130    i.net_eth_is_my_addr  Net4_Dbg_CM3_L.lib(net_eth.o)
    0x00005150   0x00000024   Code   RO         2131    i.net_eth_output    Net4_Dbg_CM3_L.lib(net_eth.o)
    0x00005174   0x00000148   Code   RO         2132    i.net_eth_send_frame  Net4_Dbg_CM3_L.lib(net_eth.o)
    0x000052bc   0x000000b4   Code   RO         2134    i.net_eth_update_filter  Net4_Dbg_CM3_L.lib(net_eth.o)
    0x00005370   0x0000026c   Code   RO         3169    i.net_icmp_process  Net4_Dbg_CM3_L.lib(net_icmp.o)
    0x000055dc   0x00000084   Code   RO         3170    i.net_icmp_send_echo  Net4_Dbg_CM3_L.lib(net_icmp.o)
    0x00005660   0x00000004   Code   RO         1322    i.net_igmp_collect_addr  net_config.o
    0x00005664   0x00000004   Code   RO         1323    i.net_igmp_is_member  net_config.o
    0x00005668   0x00000002   Code   RO         1324    i.net_igmp_process  net_config.o
    0x0000566a   0x0000004c   Code   RO         3141    i.net_ip4_checksum  Net4_Dbg_CM3_L.lib(net_ip4.o)
    0x000056b6   0x00000002   PAD
    0x000056b8   0x000001dc   Code   RO         3142    i.net_ip4_chk_frame  Net4_Dbg_CM3_L.lib(net_ip4.o)
    0x00005894   0x00000032   Code   RO         3143    i.net_ip4_chksum_buf  Net4_Dbg_CM3_L.lib(net_ip4.o)
    0x000058c6   0x00000002   PAD
    0x000058c8   0x00000040   Code   RO         3144    i.net_ip4_get_local  Net4_Dbg_CM3_L.lib(net_ip4.o)
    0x00005908   0x00000010   Code   RO         3145    i.net_ip4_init      Net4_Dbg_CM3_L.lib(net_ip4.o)
    0x00005918   0x0000002c   Code   RO         3146    i.net_ip4_is_subcast  Net4_Dbg_CM3_L.lib(net_ip4.o)
    0x00005944   0x00000188   Code   RO         3147    i.net_ip4_send_frame  Net4_Dbg_CM3_L.lib(net_ip4.o)
    0x00005acc   0x00000034   Code   RO         3148    i.net_ip4_tx_offload  Net4_Dbg_CM3_L.lib(net_ip4.o)
    0x00005b00   0x0000003c   Code   RO         2217    i.net_loop_iface_init  Net4_Dbg_CM3_L.lib(net_loop.o)
    0x00005b3c   0x00000090   Code   RO         2218    i.net_loop_iface_run  Net4_Dbg_CM3_L.lib(net_loop.o)
    0x00005bcc   0x0000008c   Code   RO         2219    i.net_loop_send_frame  Net4_Dbg_CM3_L.lib(net_loop.o)
    0x00005c58   0x0000000c   Code   RO         2561    i.net_mac_ntoa      Net4_Dbg_CM3_L.lib(net_addr.o)
    0x00005c64   0x00000124   Code   RO         3184    i.net_mem_alloc     Net4_Dbg_CM3_L.lib(net_mem.o)
    0x00005d88   0x0000001c   Code   RO         3185    i.net_mem_avail     Net4_Dbg_CM3_L.lib(net_mem.o)
    0x00005da4   0x000000ec   Code   RO         3186    i.net_mem_free      Net4_Dbg_CM3_L.lib(net_mem.o)
    0x00005e90   0x000000b0   Code   RO         3187    i.net_mem_init      Net4_Dbg_CM3_L.lib(net_mem.o)
    0x00005f40   0x00000020   Code   RO         3208    i.net_memcrc        Net4_Dbg_CM3_L.lib(net_common.o)
    0x00005f60   0x00000068   Code   RO         2477    i.net_nbns_client_init  Net4_Dbg_CM3_L.lib(net_nbns_client.o)
    0x00005fc8   0x00000028   Code   RO         2489    i.net_ping_client_init  Net4_Dbg_CM3_L.lib(net_ping.o)
    0x00005ff0   0x0000008c   Code   RO         2490    i.net_ping_client_run  Net4_Dbg_CM3_L.lib(net_ping.o)
    0x0000607c   0x00000004   Code   RO         1326    i.net_ppp_send_frame  net_config.o
    0x00006080   0x0000001c   Code   RO         2514    i.net_rand32        Net4_Dbg_CM3_L.lib(net_sys.o)
    0x0000609c   0x00000004   Code   RO         1329    i.net_slip_send_frame  net_config.o
    0x000060a0   0x00000012   Code   RO         3212    i.net_strcpy        Net4_Dbg_CM3_L.lib(net_common.o)
    0x000060b2   0x0000001a   Code   RO         3214    i.net_strtoupper    Net4_Dbg_CM3_L.lib(net_common.o)
    0x000060cc   0x00000002   Code   RO         1331    i.net_sys_error     net_config.o
    0x000060ce   0x00000002   PAD
    0x000060d0   0x00000010   Code   RO         2515    i.net_sys_lock      Net4_Dbg_CM3_L.lib(net_sys.o)
    0x000060e0   0x00000014   Code   RO         2516    i.net_sys_tick      Net4_Dbg_CM3_L.lib(net_sys.o)
    0x000060f4   0x0000000c   Code   RO         2517    i.net_sys_unlock    Net4_Dbg_CM3_L.lib(net_sys.o)
    0x00006100   0x00000020   Code   RO         2518    i.net_sys_wakeup    Net4_Dbg_CM3_L.lib(net_sys.o)
    0x00006120   0x000000b8   Code   RO         2310    i.net_tcp_get_socket  Net4_Dbg_CM3_L.lib(net_tcp.o)
    0x000061d8   0x0000002c   Code   RO         2311    i.net_tcp_get_state  Net4_Dbg_CM3_L.lib(net_tcp.o)
    0x00006204   0x00000114   Code   RO         2313    i.net_tcp_listen    Net4_Dbg_CM3_L.lib(net_tcp.o)
    0x00006318   0x00000b14   Code   RO         2315    i.net_tcp_process   Net4_Dbg_CM3_L.lib(net_tcp.o)
    0x00006e2c   0x000001f8   Code   RO         2320    i.net_tcp_set_option  Net4_Dbg_CM3_L.lib(net_tcp.o)
    0x00007024   0x00000050   Code   RO         2321    i.net_tcp_socket_init  Net4_Dbg_CM3_L.lib(net_tcp.o)
    0x00007074   0x000004a0   Code   RO         2322    i.net_tcp_socket_run  Net4_Dbg_CM3_L.lib(net_tcp.o)
    0x00007514   0x00000044   Code   RO         2242    i.net_udp_get_buf   Net4_Dbg_CM3_L.lib(net_udp.o)
    0x00007558   0x000000bc   Code   RO         2244    i.net_udp_get_socket  Net4_Dbg_CM3_L.lib(net_udp.o)
    0x00007614   0x00000130   Code   RO         2246    i.net_udp_open      Net4_Dbg_CM3_L.lib(net_udp.o)
    0x00007744   0x00000180   Code   RO         2247    i.net_udp_process   Net4_Dbg_CM3_L.lib(net_udp.o)
    0x000078c4   0x00000274   Code   RO         2249    i.net_udp_send      Net4_Dbg_CM3_L.lib(net_udp.o)
    0x00007b38   0x00000038   Code   RO         2251    i.net_udp_socket_init  Net4_Dbg_CM3_L.lib(net_udp.o)
    0x00007b70   0x00000018   Code   RO         1498    i.osDelay           RTX_CM3.lib(rt_cmsis.o)
    0x00007b88   0x00000024   Code   RO         1499    i.osKernelInitialize  RTX_CM3.lib(rt_cmsis.o)
    0x00007bac   0x0000006c   Code   RO         1501    i.osKernelStart     RTX_CM3.lib(rt_cmsis.o)
    0x00007c18   0x00000018   Code   RO         1502    i.osKernelSysTick   RTX_CM3.lib(rt_cmsis.o)
    0x00007c30   0x00000018   Code   RO         1510    i.osMessageGet      RTX_CM3.lib(rt_cmsis.o)
    0x00007c48   0x00000030   Code   RO         1512    i.osMutexCreate     RTX_CM3.lib(rt_cmsis.o)
    0x00007c78   0x00000018   Code   RO         1514    i.osMutexRelease    RTX_CM3.lib(rt_cmsis.o)
    0x00007c90   0x00000018   Code   RO         1515    i.osMutexWait       RTX_CM3.lib(rt_cmsis.o)
    0x00007ca8   0x00000030   Code   RO         1520    i.osSemaphoreCreate  RTX_CM3.lib(rt_cmsis.o)
    0x00007cd8   0x00000018   Code   RO         1522    i.osSemaphoreRelease  RTX_CM3.lib(rt_cmsis.o)
    0x00007cf0   0x00000018   Code   RO         1523    i.osSemaphoreWait   RTX_CM3.lib(rt_cmsis.o)
    0x00007d08   0x00000018   Code   RO         1524    i.osSignalClear     RTX_CM3.lib(rt_cmsis.o)
    0x00007d20   0x00000018   Code   RO         1525    i.osSignalSet       RTX_CM3.lib(rt_cmsis.o)
    0x00007d38   0x00000018   Code   RO         1526    i.osSignalWait      RTX_CM3.lib(rt_cmsis.o)
    0x00007d50   0x00000030   Code   RO         1527    i.osThreadCreate    RTX_CM3.lib(rt_cmsis.o)
    0x00007d80   0x00000018   Code   RO         1528    i.osThreadExit      RTX_CM3.lib(rt_cmsis.o)
    0x00007d98   0x00000018   Code   RO         1533    i.osThreadYield     RTX_CM3.lib(rt_cmsis.o)
    0x00007db0   0x0000000c   Code   RO         1534    i.osTimerCall       RTX_CM3.lib(rt_cmsis.o)
    0x00007dbc   0x00000034   Code   RO         1535    i.osTimerCreate     RTX_CM3.lib(rt_cmsis.o)
    0x00007df0   0x00000018   Code   RO         1537    i.osTimerStart      RTX_CM3.lib(rt_cmsis.o)
    0x00007e08   0x0000002c   Code   RO         1539    i.osTimerThread     RTX_CM3.lib(rt_cmsis.o)
    0x00007e34   0x00000002   Code   RO          285    i.os_error          rtx_conf_cm.o
    0x00007e36   0x00000002   Code   RO          286    i.os_idle_demon     rtx_conf_cm.o
    0x00007e38   0x00000028   Code   RO         2671    i.os_tick_init      RTX_CM3.lib(rt_system.o)
    0x00007e60   0x00000002   Code   RO         2672    i.os_tick_irqack    RTX_CM3.lib(rt_system.o)
    0x00007e62   0x00000002   PAD
    0x00007e64   0x00000010   Code   RO         2673    i.os_tick_ovf       RTX_CM3.lib(rt_system.o)
    0x00007e74   0x00000014   Code   RO         2674    i.os_tick_val       RTX_CM3.lib(rt_system.o)
    0x00007e88   0x0000003c   Code   RO          372    i.output_MDIO       emac_lpc17xx.o
    0x00007ec4   0x00000010   Code   RO         2491    i.ping_send_req     Net4_Dbg_CM3_L.lib(net_ping.o)
    0x00007ed4   0x0000001a   Code   RO         3038    i.rt_alloc_box      RTX_CM3.lib(rt_membox.o)
    0x00007eee   0x0000003e   Code   RO         3066    i.rt_alloc_mem      RTX_CM3.lib(rt_memory.o)
    0x00007f2c   0x00000038   Code   RO         2586    i.rt_block          RTX_CM3.lib(rt_task.o)
    0x00007f64   0x00000048   Code   RO         3240    i.rt_chk_robin      RTX_CM3.lib(rt_robin.o)
    0x00007fac   0x00000070   Code   RO         2807    i.rt_dec_dly        RTX_CM3.lib(rt_list.o)
    0x0000801c   0x00000044   Code   RO         2587    i.rt_dispatch       RTX_CM3.lib(rt_task.o)
    0x00008060   0x00000006   Code   RO         2973    i.rt_dly_wait       RTX_CM3.lib(rt_time.o)
    0x00008066   0x00000002   PAD
    0x00008068   0x0000001c   Code   RO         2762    i.rt_evt_clr        RTX_CM3.lib(rt_event.o)
    0x00008084   0x00000050   Code   RO         2764    i.rt_evt_psh        RTX_CM3.lib(rt_event.o)
    0x000080d4   0x0000005c   Code   RO         2765    i.rt_evt_set        RTX_CM3.lib(rt_event.o)
    0x00008130   0x0000003c   Code   RO         2766    i.rt_evt_wait       RTX_CM3.lib(rt_event.o)
    0x0000816c   0x0000002c   Code   RO         3039    i.rt_free_box       RTX_CM3.lib(rt_membox.o)
    0x00008198   0x00000028   Code   RO         3067    i.rt_free_mem       RTX_CM3.lib(rt_memory.o)
    0x000081c0   0x00000028   Code   RO         2808    i.rt_get_first      RTX_CM3.lib(rt_list.o)
    0x000081e8   0x00000024   Code   RO         2809    i.rt_get_same_rdy_prio  RTX_CM3.lib(rt_list.o)
    0x0000820c   0x00000008   Code   RO         1544    i.rt_id2obj         RTX_CM3.lib(rt_cmsis.o)
    0x00008214   0x00000048   Code   RO         2588    i.rt_init_context   RTX_CM3.lib(rt_task.o)
    0x0000825c   0x0000001a   Code   RO         3068    i.rt_init_mem       RTX_CM3.lib(rt_memory.o)
    0x00008276   0x00000002   PAD
    0x00008278   0x00000018   Code   RO         3241    i.rt_init_robin     RTX_CM3.lib(rt_robin.o)
    0x00008290   0x00000080   Code   RO         3093    i.rt_init_stack     RTX_CM3.lib(hal_cm.o)
    0x00008310   0x00000008   Code   RO         2885    i.rt_mbx_check      RTX_CM3.lib(rt_mailbox.o)
    0x00008318   0x0000001a   Code   RO         2886    i.rt_mbx_init       RTX_CM3.lib(rt_mailbox.o)
    0x00008332   0x00000002   PAD
    0x00008334   0x000000f0   Code   RO         2887    i.rt_mbx_psh        RTX_CM3.lib(rt_mailbox.o)
    0x00008424   0x000000b4   Code   RO         2889    i.rt_mbx_wait       RTX_CM3.lib(rt_mailbox.o)
    0x000084d8   0x00000044   Code   RO         1545    i.rt_ms2tick        RTX_CM3.lib(rt_cmsis.o)
    0x0000851c   0x00000010   Code   RO         3007    i.rt_mut_init       RTX_CM3.lib(rt_mutex.o)
    0x0000852c   0x000000d8   Code   RO         3008    i.rt_mut_release    RTX_CM3.lib(rt_mutex.o)
    0x00008604   0x00000068   Code   RO         3009    i.rt_mut_wait       RTX_CM3.lib(rt_mutex.o)
    0x0000866c   0x0000007c   Code   RO         2675    i.rt_pop_req        RTX_CM3.lib(rt_system.o)
    0x000086e8   0x00000020   Code   RO         2676    i.rt_psh_req        RTX_CM3.lib(rt_system.o)
    0x00008708   0x0000005c   Code   RO         2810    i.rt_psq_enq        RTX_CM3.lib(rt_list.o)
    0x00008764   0x00000048   Code   RO         2811    i.rt_put_dly        RTX_CM3.lib(rt_list.o)
    0x000087ac   0x00000036   Code   RO         2812    i.rt_put_prio       RTX_CM3.lib(rt_list.o)
    0x000087e2   0x00000002   PAD
    0x000087e4   0x00000014   Code   RO         2813    i.rt_put_rdy_first  RTX_CM3.lib(rt_list.o)
    0x000087f8   0x00000034   Code   RO         2814    i.rt_resort_prio    RTX_CM3.lib(rt_list.o)
    0x0000882c   0x00000006   Code   RO         3094    i.rt_ret_val        RTX_CM3.lib(hal_cm.o)
    0x00008832   0x00000008   Code   RO         3095    i.rt_ret_val2       RTX_CM3.lib(hal_cm.o)
    0x0000883a   0x00000028   Code   RO         2815    i.rt_rmv_dly        RTX_CM3.lib(rt_list.o)
    0x00008862   0x00000002   PAD
    0x00008864   0x00000030   Code   RO         2816    i.rt_rmv_list       RTX_CM3.lib(rt_list.o)
    0x00008894   0x0000000c   Code   RO         2933    i.rt_sem_init       RTX_CM3.lib(rt_semaphore.o)
    0x000088a0   0x00000034   Code   RO         2934    i.rt_sem_psh        RTX_CM3.lib(rt_semaphore.o)
    0x000088d4   0x0000002a   Code   RO         2935    i.rt_sem_send       RTX_CM3.lib(rt_semaphore.o)
    0x000088fe   0x00000002   PAD
    0x00008900   0x00000040   Code   RO         2936    i.rt_sem_wait       RTX_CM3.lib(rt_semaphore.o)
    0x00008940   0x00000024   Code   RO         2678    i.rt_stk_check      RTX_CM3.lib(rt_system.o)
    0x00008964   0x00000028   Code   RO         2589    i.rt_switch_req     RTX_CM3.lib(rt_task.o)
    0x0000898c   0x000000cc   Code   RO         2590    i.rt_sys_init       RTX_CM3.lib(rt_task.o)
    0x00008a58   0x00000078   Code   RO         2591    i.rt_sys_start      RTX_CM3.lib(rt_task.o)
    0x00008ad0   0x00000040   Code   RO         2680    i.rt_systick        RTX_CM3.lib(rt_system.o)
    0x00008b10   0x00000012   Code   RO         1546    i.rt_tid2ptcb       RTX_CM3.lib(rt_cmsis.o)
    0x00008b22   0x00000002   PAD
    0x00008b24   0x00000034   Code   RO         1547    i.rt_timer_insert   RTX_CM3.lib(rt_cmsis.o)
    0x00008b58   0x0000003c   Code   RO         1548    i.rt_timer_remove   RTX_CM3.lib(rt_cmsis.o)
    0x00008b94   0x00000088   Code   RO         2592    i.rt_tsk_create     RTX_CM3.lib(rt_task.o)
    0x00008c1c   0x0000017c   Code   RO         2593    i.rt_tsk_delete     RTX_CM3.lib(rt_task.o)
    0x00008d98   0x00000030   Code   RO         2594    i.rt_tsk_pass       RTX_CM3.lib(rt_task.o)
    0x00008dc8   0x0000007c   Code   RO         2595    i.rt_tsk_prio       RTX_CM3.lib(rt_task.o)
    0x00008e44   0x00000010   Code   RO         2596    i.rt_tsk_self       RTX_CM3.lib(rt_task.o)
    0x00008e54   0x00000012   Code   RO         1549    i.svcDelay          RTX_CM3.lib(rt_cmsis.o)
    0x00008e66   0x00000002   PAD
    0x00008e68   0x00000070   Code   RO         1550    i.svcKernelInitialize  RTX_CM3.lib(rt_cmsis.o)
    0x00008ed8   0x00000048   Code   RO         1552    i.svcKernelStart    RTX_CM3.lib(rt_cmsis.o)
    0x00008f20   0x00000038   Code   RO         1553    i.svcKernelSysTick  RTX_CM3.lib(rt_cmsis.o)
    0x00008f58   0x00000024   Code   RO         1555    i.svcMessageCreate  RTX_CM3.lib(rt_cmsis.o)
    0x00008f7c   0x0000003a   Code   RO         1556    i.svcMessageGet     RTX_CM3.lib(rt_cmsis.o)
    0x00008fb6   0x0000001c   Code   RO         1558    i.svcMutexCreate    RTX_CM3.lib(rt_cmsis.o)
    0x00008fd2   0x00000022   Code   RO         1560    i.svcMutexRelease   RTX_CM3.lib(rt_cmsis.o)
    0x00008ff4   0x00000036   Code   RO         1561    i.svcMutexWait      RTX_CM3.lib(rt_cmsis.o)
    0x0000902a   0x00000024   Code   RO         1563    i.svcSemaphoreCreate  RTX_CM3.lib(rt_cmsis.o)
    0x0000904e   0x00000028   Code   RO         1565    i.svcSemaphoreRelease  RTX_CM3.lib(rt_cmsis.o)
    0x00009076   0x00000032   Code   RO         1566    i.svcSemaphoreWait  RTX_CM3.lib(rt_cmsis.o)
    0x000090a8   0x00000024   Code   RO         1567    i.svcSignalClear    RTX_CM3.lib(rt_cmsis.o)
    0x000090cc   0x00000024   Code   RO         1568    i.svcSignalSet      RTX_CM3.lib(rt_cmsis.o)
    0x000090f0   0x00000054   Code   RO         1569    i.svcSignalWait     RTX_CM3.lib(rt_cmsis.o)
    0x00009144   0x00000070   Code   RO         1570    i.svcThreadCreate   RTX_CM3.lib(rt_cmsis.o)
    0x000091b4   0x0000001c   Code   RO         1571    i.svcThreadGetId    RTX_CM3.lib(rt_cmsis.o)
    0x000091d0   0x00000038   Code   RO         1574    i.svcThreadTerminate  RTX_CM3.lib(rt_cmsis.o)
    0x00009208   0x0000000a   Code   RO         1575    i.svcThreadYield    RTX_CM3.lib(rt_cmsis.o)
    0x00009212   0x00000018   Code   RO         1576    i.svcTimerCall      RTX_CM3.lib(rt_cmsis.o)
    0x0000922a   0x00000002   PAD
    0x0000922c   0x00000038   Code   RO         1577    i.svcTimerCreate    RTX_CM3.lib(rt_cmsis.o)
    0x00009264   0x00000064   Code   RO         1579    i.svcTimerStart     RTX_CM3.lib(rt_cmsis.o)
    0x000092c8   0x0000005c   Code   RO         1585    i.sysTimerTick      RTX_CM3.lib(rt_cmsis.o)
    0x00009324   0x0000004c   Code   RO         2519    i.sys_proc_tick     Net4_Dbg_CM3_L.lib(net_sys.o)
    0x00009370   0x0000010c   Code   RO         2323    i.tcp_map_socket    Net4_Dbg_CM3_L.lib(net_tcp.o)
    0x0000947c   0x000000a8   Code   RO         2324    i.tcp_parse_opt     Net4_Dbg_CM3_L.lib(net_tcp.o)
    0x00009524   0x0000010c   Code   RO         2325    i.tcp_proc_acknr    Net4_Dbg_CM3_L.lib(net_tcp.o)
    0x00009630   0x000000cc   Code   RO         2326    i.tcp_proc_dupack   Net4_Dbg_CM3_L.lib(net_tcp.o)
    0x000096fc   0x0000001a   Code   RO         2327    i.tcp_que_free      Net4_Dbg_CM3_L.lib(net_tcp.o)
    0x00009716   0x0000001a   Code   RO         2328    i.tcp_que_init      Net4_Dbg_CM3_L.lib(net_tcp.o)
    0x00009730   0x000000dc   Code   RO         2329    i.tcp_que_resend    Net4_Dbg_CM3_L.lib(net_tcp.o)
    0x0000980c   0x0000009c   Code   RO         2330    i.tcp_send_ctrl     Net4_Dbg_CM3_L.lib(net_tcp.o)
    0x000098a8   0x00000088   Code   RO         2331    i.tcp_send_data     Net4_Dbg_CM3_L.lib(net_tcp.o)
    0x00009930   0x00000084   Code   RO         2332    i.tcp_send_reset    Net4_Dbg_CM3_L.lib(net_tcp.o)
    0x000099b4   0x00000044   Code   RO         2333    i.tcp_set_cwnd      Net4_Dbg_CM3_L.lib(net_tcp.o)
    0x000099f8   0x00000068   Code   RO         2334    i.tcp_transit       Net4_Dbg_CM3_L.lib(net_tcp.o)
    0x00009a60   0x000000c0   Code   RO         2335    i.tcp_write         Net4_Dbg_CM3_L.lib(net_tcp.o)
    0x00009b20   0x0000002c   Code   RO          373    i.turnaround_MDIO   emac_lpc17xx.o
    0x00009b4c   0x0000002c   Code   RO         2252    i.udp_port_in_use   Net4_Dbg_CM3_L.lib(net_udp.o)
    0x00009b78   0x00000068   Data   RO           36    .constdata          main.o
    0x00009be0   0x00000002   Data   RO          293    .constdata          rtx_conf_cm.o
    0x00009be2   0x00000002   PAD
    0x00009be4   0x00000004   Data   RO          294    .constdata          rtx_conf_cm.o
    0x00009be8   0x00000004   Data   RO          295    .constdata          rtx_conf_cm.o
    0x00009bec   0x00000002   Data   RO          297    .constdata          rtx_conf_cm.o
    0x00009bee   0x00000002   Data   RO          298    .constdata          rtx_conf_cm.o
    0x00009bf0   0x00000004   Data   RO          299    .constdata          rtx_conf_cm.o
    0x00009bf4   0x00000001   Data   RO          300    .constdata          rtx_conf_cm.o
    0x00009bf5   0x00000003   PAD
    0x00009bf8   0x00000020   Data   RO          301    .constdata          rtx_conf_cm.o
    0x00009c18   0x00000002   Data   RO          302    .constdata          rtx_conf_cm.o
    0x00009c1a   0x00000002   PAD
    0x00009c1c   0x00000004   Data   RO          303    .constdata          rtx_conf_cm.o
    0x00009c20   0x00000004   Data   RO          304    .constdata          rtx_conf_cm.o
    0x00009c24   0x00000001   Data   RO          305    .constdata          rtx_conf_cm.o
    0x00009c25   0x00000003   PAD
    0x00009c28   0x00000010   Data   RO          306    .constdata          rtx_conf_cm.o
    0x00009c38   0x00000008   Data   RO          307    .constdata          rtx_conf_cm.o
    0x00009c40   0x00000002   Data   RO          308    .constdata          rtx_conf_cm.o
    0x00009c42   0x00000002   PAD
    0x00009c44   0x00000008   Data   RO          375    .constdata          emac_lpc17xx.o
    0x00009c4c   0x00000044   Data   RO          376    .constdata          emac_lpc17xx.o
    0x00009c90   0x000001ec   Data   RO          598    .constdata          uart_lpc17xx.o
    0x00009e7c   0x00000008   Data   RO          599    .constdata          uart_lpc17xx.o
    0x00009e84   0x00000008   Data   RO          600    .constdata          uart_lpc17xx.o
    0x00009e8c   0x00000008   Data   RO          601    .constdata          uart_lpc17xx.o
    0x00009e94   0x00000008   Data   RO          602    .constdata          uart_lpc17xx.o
    0x00009e9c   0x00000004   Data   RO          859    .constdata          phy_lan8720.o
    0x00009ea0   0x00000020   Data   RO          860    .constdata          phy_lan8720.o
    0x00009ec0   0x00000010   Data   RO         1342    .constdata          net_config.o
    0x00009ed0   0x00000004   Data   RO         1343    .constdata          net_config.o
    0x00009ed4   0x00000004   Data   RO         1344    .constdata          net_config.o
    0x00009ed8   0x00000020   Data   RO         1345    .constdata          net_config.o
    0x00009ef8   0x00000010   Data   RO         1346    .constdata          net_config.o
    0x00009f08   0x00000004   Data   RO         1347    .constdata          net_config.o
    0x00009f0c   0x00000030   Data   RO         1348    .constdata          net_config.o
    0x00009f3c   0x00000020   Data   RO         1349    .constdata          net_config.o
    0x00009f5c   0x0000000c   Data   RO         1350    .constdata          net_config.o
    0x00009f68   0x00000008   Data   RO         1352    .constdata          net_config.o
    0x00009f70   0x00000014   Data   RO         1353    .constdata          net_config.o
    0x00009f84   0x00000008   Data   RO         1354    .constdata          net_config.o
    0x00009f8c   0x00000048   Data   RO         1355    .constdata          net_config.o
    0x00009fd4   0x00000018   Data   RO         2136    .constdata          Net4_Dbg_CM3_L.lib(net_eth.o)
    0x00009fec   0x00000048   Data   RO         2185    .constdata          Net4_Dbg_CM3_L.lib(net_arp.o)
    0x0000a034   0x00000044   Data   RO         2336    .constdata          Net4_Dbg_CM3_L.lib(net_tcp.o)
    0x0000a078   0x00000008   Data   RO         2478    .constdata          Net4_Dbg_CM3_L.lib(net_nbns_client.o)
    0x0000a080   0x00000012   Data   RO         2493    .constdata          Net4_Dbg_CM3_L.lib(net_ping.o)
    0x0000a092   0x00000002   PAD
    0x0000a094   0x000000b6   Data   RO         2522    .constdata          Net4_Dbg_CM3_L.lib(net_sys.o)
    0x0000a14a   0x00000010   Data   RO         2563    .constdata          Net4_Dbg_CM3_L.lib(net_addr.o)
    0x0000a15a   0x00000020   Data   RO         3149    .constdata          Net4_Dbg_CM3_L.lib(net_ip4.o)
    0x0000a17a   0x00000002   PAD
    0x0000a17c   0x00000018   Data   RO         3171    .constdata          Net4_Dbg_CM3_L.lib(net_icmp.o)
    0x0000a194   0x00000040   Data   RO         3609    .constdata          mc_w.l(ctype_c.o)
    0x0000a1d4   0x00000004   Data   RO         1356    .conststring        net_config.o
    0x0000a1d8   0x0000003c   Data   RO         1357    .conststring        net_config.o
    0x0000a214   0x00000012   Data   RO         1358    .conststring        net_config.o
    0x0000a226   0x00000002   PAD
    0x0000a228   0x0000006d   Data   RO         2337    .conststring        Net4_Dbg_CM3_L.lib(net_tcp.o)
    0x0000a295   0x00000003   PAD
    0x0000a298   0x00000043   Data   RO         3172    .conststring        Net4_Dbg_CM3_L.lib(net_icmp.o)
    0x0000a2db   0x00000001   PAD
    0x0000a2dc   0x00000020   Data   RO         3611    Region$$Table       anon$$obj.o


    Execution Region RW_IRAM1 (Base: 0x10000000, Size: 0x000072d8, Max: 0x00008000, ABSOLUTE)

    Base Addr    Size         Type   Attr      Idx    E Section Name        Object

    0x10000000   0x0000001a   Data   RW           37    .data               main.o
    0x1000001a   0x00000002   PAD
    0x1000001c   0x00000004   Data   RW          310    .data               rtx_conf_cm.o
    0x10000020   0x00000004   Data   RW          311    .data               rtx_conf_cm.o
    0x10000024   0x00000004   Data   RW          312    .data               rtx_conf_cm.o
    0x10000028   0x00000018   Data   RW          377    .data               emac_lpc17xx.o
    0x10000040   0x00000002   Data   RW          605    .data               uart_lpc17xx.o
    0x10000042   0x00000002   Data   RW          606    .data               uart_lpc17xx.o
    0x10000044   0x00000002   Data   RW          607    .data               uart_lpc17xx.o
    0x10000046   0x00000002   Data   RW          608    .data               uart_lpc17xx.o
    0x10000048   0x00000008   Data   RW          987    .data               gpdma_lpc17xx.o
    0x10000050   0x00000004   Data   RW         1170    .data               system_lpc17xx.o
    0x10000054   0x00000008   Data   RW         1359    .data               net_config.o
    0x1000005c   0x00000006   Data   RW         1360    .data               net_config.o
    0x10000062   0x00000002   PAD
    0x10000064   0x00000008   Data   RW         1588    .data               RTX_CM3.lib(rt_cmsis.o)
    0x1000006c   0x00000001   Data   RW         2186    .data               Net4_Dbg_CM3_L.lib(net_arp.o)
    0x1000006d   0x00000003   PAD
    0x10000070   0x00000008   Data   RW         2220    .data               Net4_Dbg_CM3_L.lib(net_loop.o)
    0x10000078   0x0000000a   Data   RW         2253    .data               Net4_Dbg_CM3_L.lib(net_udp.o)
    0x10000082   0x00000004   Data   RW         2338    .data               Net4_Dbg_CM3_L.lib(net_tcp.o)
    0x10000086   0x00000001   Data   RW         2479    .data               Net4_Dbg_CM3_L.lib(net_nbns_client.o)
    0x10000087   0x00000001   PAD
    0x10000088   0x00000014   Data   RW         2523    .data               Net4_Dbg_CM3_L.lib(net_sys.o)
    0x1000009c   0x00000008   Data   RW         2598    .data               RTX_CM3.lib(rt_task.o)
    0x100000a4   0x00000008   Data   RW         2683    .data               RTX_CM3.lib(rt_system.o)
    0x100000ac   0x00000004   Data   RW         2977    .data               RTX_CM3.lib(rt_time.o)
    0x100000b0   0x00000001   Data   RW         3096    .data               RTX_CM3.lib(hal_cm.o)
    0x100000b1   0x00000003   PAD
    0x100000b4   0x00000008   Data   RW         3150    .data               Net4_Dbg_CM3_L.lib(net_ip4.o)
    0x100000bc   0x00000008   Data   RW         3242    .data               RTX_CM3.lib(rt_robin.o)
    0x100000c4   0x00000004   Data   RW         3282    .data               mc_w.l(stdout.o)
    0x100000c8   0x00000020   Zero   RW           35    .bss                main.o
    0x100000e8   0x00000020   Zero   RW          287    .bss                rtx_conf_cm.o
    0x10000108   0x00000178   Zero   RW          288    .bss                rtx_conf_cm.o
    0x10000280   0x000004b0   Zero   RW          289    .bss                rtx_conf_cm.o
    0x10000730   0x00000a18   Zero   RW          290    .bss                rtx_conf_cm.o
    0x10001148   0x00000084   Zero   RW          291    .bss                rtx_conf_cm.o
    0x100011cc   0x0000001c   Zero   RW          292    .bss                rtx_conf_cm.o
    0x100011e8   0x00002a74   Zero   RW          374    .bss                emac_lpc17xx.o
    0x10003c5c   0x00000030   Zero   RW          596    .bss                uart_lpc17xx.o
    0x10003c8c   0x00000030   Zero   RW          597    .bss                uart_lpc17xx.o
    0x10003cbc   0x0000000c   Zero   RW          858    .bss                phy_lan8720.o
    0x10003cc8   0x00000040   Zero   RW          986    .bss                gpdma_lpc17xx.o
    0x10003d08   0x00000010   Zero   RW         1332    .bss                net_config.o
    0x10003d18   0x00000010   Zero   RW         1333    .bss                net_config.o
    0x10003d28   0x00002ee0   Zero   RW         1334    .bss                net_config.o
    0x10006c08   0x0000008c   Zero   RW         1335    .bss                net_config.o
    0x10006c94   0x00000014   Zero   RW         1336    .bss                net_config.o
    0x10006ca8   0x0000003c   Zero   RW         1337    .bss                net_config.o
    0x10006ce4   0x000001c8   Zero   RW         1339    .bss                net_config.o
    0x10006eac   0x00000084   Zero   RW         1341    .bss                net_config.o
    0x10006f30   0x00000094   Zero   RW         2135    .bss                Net4_Dbg_CM3_L.lib(net_eth.o)
    0x10006fc4   0x00000010   Zero   RW         2184    .bss                Net4_Dbg_CM3_L.lib(net_arp.o)
    0x10006fd4   0x00000020   Zero   RW         2492    .bss                Net4_Dbg_CM3_L.lib(net_ping.o)
    0x10006ff4   0x00000030   Zero   RW         2520    .bss                Net4_Dbg_CM3_L.lib(net_sys.o)
    0x10007024   0x00000018   Zero   RW         2521    .bss                Net4_Dbg_CM3_L.lib(net_sys.o)
    0x1000703c   0x00000022   Zero   RW         2562    .bss                Net4_Dbg_CM3_L.lib(net_addr.o)
    0x1000705e   0x00000002   PAD
    0x10007060   0x00000034   Zero   RW         2597    .bss                RTX_CM3.lib(rt_task.o)
    0x10007094   0x00000030   Zero   RW         2817    .bss                RTX_CM3.lib(rt_list.o)
    0x100070c4   0x00000014   Zero   RW         3189    .bss                Net4_Dbg_CM3_L.lib(net_mem.o)
    0x100070d8   0x00000200   Zero   RW         1155    STACK               startup_lpc17xx.o


==============================================================================

Image component sizes


      Code (inc. data)   RO Data    RW Data    ZI Data      Debug   Object Name

      2630        200         76         24      10868      73587   emac_lpc17xx.o
       112         14          0          8         64       2561   gpdma_lpc17xx.o
        72         16          0          0          0       1706   gpio_lpc17xx.o
        44          0          0          0          0        441   itm_arm.o
       622         76        104         26         32      86164   main.o
        20          0        358         14      12840      14442   net_config.o
       118         24          0          0          0       3316   net_debug.o
        54          8          0          0          0      21186   net_legacy.o
       436         36         36          0         12       8218   phy_lan8720.o
       104          4          0          0          0        864   pin_lpc17xx.o
        56          8          0          0          0       3295   retarget_io.o
        28          6         88         12       4352      11924   rtx_conf_cm.o
        40         12        204          0        512        936   startup_lpc17xx.o
       416         36          0          4          0       1303   system_lpc17xx.o
       762         36        524          8         96      23844   uart_lpc17xx.o

    ----------------------------------------------------------------------
      5526        476       1436        100      28776     253787   Object Totals
         0          0         32          0          0          0   (incl. Generated)
        12          0         14          4          0          0   (incl. Padding)

    ----------------------------------------------------------------------

      Code (inc. data)   RO Data    RW Data    ZI Data      Debug   Library Member Name

       436         88         16          0         34        660   net_addr.o
      3384       1016         72          1         16       1348   net_arp.o
       254         44          0          0          0        384   net_bsd.o
       104          4          0          0          0        284   net_common.o
      2366        610         24          0        148       1128   net_eth.o
       960        438         91          0          0        248   net_icmp.o
      1540        466         32          8          0        912   net_ip4.o
       400        142          0          8          0        312   net_loop.o
       760        304          0          0         20        472   net_mem.o
       668        208          8          1          0        180   net_nbns_client.o
       196         76         18          0         32        220   net_ping.o
       632        190        182         20         72        776   net_sys.o
      7464       2718        177          4          0       2216   net_tcp.o
      1788        756          0         10          0        696   net_udp.o
       238         24          0          1          0       3256   hal_cm.o
       304         36          0          0          0        760   hal_cm3.o
      2304        256          0          8          0      50732   rt_cmsis.o
       300         24          0          0          0       3143   rt_event.o
       566         44          0          0         48       8696   rt_list.o
       554         10          0          0          0       3901   rt_mailbox.o
       140          0          0          0          0       1901   rt_membox.o
       128          0          0          0          0       2275   rt_memory.o
       336         12          0          0          0       2057   rt_mutex.o
        96         22          0          8          0       1134   rt_robin.o
       186         10          0          0          0       2862   rt_semaphore.o
       334         64          0          8          0       7003   rt_system.o
      1264        184          0          8         52      10035   rt_task.o
         6          0          0          4          0        636   rt_time.o
         4          4          0          0          0        200   svc_table.o
        56          8          0          0          0         84   __0sscanf.o
        28          0          0          0          0         68   _chval.o
       812          4          0          0          0        112   _scanf.o
       332          0          0          0          0         96   _scanf_int.o
        64          0          0          0          0         84   _sgetc.o
        40          6         64          0          0         68   ctype_c.o
         0          0          0          0          0          0   entry.o
         0          0          0          0          0          0   entry10a.o
         0          0          0          0          0          0   entry11a.o
         8          4          0          0          0          0   entry2.o
         4          0          0          0          0          0   entry5.o
         0          0          0          0          0          0   entry7b.o
         0          0          0          0          0          0   entry8b.o
        30          0          0          0          0          0   handlers.o
        36          8          0          0          0         68   init.o
        10          0          0          0          0         68   isspace_c.o
         0          0          0          0          0          0   iusefp.o
        30          0          0          0          0         68   llshl.o
        36          0          0          0          0         68   llsshr.o
        32          0          0          0          0         68   llushr.o
        26          0          0          0          0         80   memcmp.o
        36          0          0          0          0         68   memcpya.o
        36          0          0          0          0        108   memseta.o
      1204         60          0          0          0        504   printf8.o
      2210         88          0          0          0        428   printfa.o
        40          8          0          0          0         84   scanf_char.o
         0          0          0          4          0          0   stdout.o
        30          0          0          0          0         80   strncmp.o
        44          0          0          0          0         80   uidiv.o
        98          0          0          0          0         92   uldiv.o
        48          0          0          0          0         68   cdrcmple.o
       334          0          0          0          0        148   dadd.o
       222          0          0          0          0        100   ddiv.o
       186          0          0          0          0        176   depilogue.o
        48          0          0          0          0         68   dfixul.o
       228          0          0          0          0         96   dmul.o

    ----------------------------------------------------------------------
     34070       7936        692        100        424     111459   Library Totals
        50          0          8          7          2          0   (incl. Padding)

    ----------------------------------------------------------------------

      Code (inc. data)   RO Data    RW Data    ZI Data      Debug   Library Name

     20952       7060        620         52        322       9836   Net4_Dbg_CM3_L.lib
      6760        690          0         37        100      98591   RTX_CM3.lib
      5242        186         64          4          0       2376   mc_w.l
      1066          0          0          0          0        656   mf_w.l

    ----------------------------------------------------------------------
     34070       7936        692        100        424     111459   Library Totals

    ----------------------------------------------------------------------

==============================================================================


      Code (inc. data)   RO Data    RW Data    ZI Data      Debug   

     39596       8412       2128        200      29200     347822   Grand Totals
     39596       8412       2128        200      29200     347822   ELF Image Totals
     39596       8412       2128        200          0          0   ROM Totals

==============================================================================

    Total RO  Size (Code + RO Data)                41724 (  40.75kB)
    Total RW  Size (RW Data + ZI Data)             29400 (  28.71kB)
    Total ROM Size (Code + RO Data + RW Data)      41924 (  40.94kB)

==============================================================================

